<html>
<body>
<pre>
<h1>µVision Build Log</h1>
<h2>Tool Versions:</h2>
IDE-Version: µVision V5.35.0.0
Copyright (C) 2021 ARM Ltd and ARM Germany GmbH. All rights reserved.
License Information: German David Rodriguez Arenas, IIT, LIC=AK13Z-3PH1A-93ZRV-MEP7J-8KHDN-E4BAM
 
Tool Versions:
Toolchain:       MDK-ARM Professional  Version: 5.35.0.2
Toolchain Path:  C:\Keil_v5\ARM\ARMCLANG\Bin
C Compiler:      ArmClang.exe V6.16
Assembler:       Armasm.exe V6.16
Linker/Locator:  ArmLink.exe V6.16
Library Manager: ArmAr.exe V6.16
Hex Converter:   FromElf.exe V6.16
CPU DLL:         SARMCM3.DLL V5.35.0.2
Dialog DLL:      DCM.DLL V1.17.3.0
Target DLL:      ULP2CM3.DLL V2.213.0.0
Dialog DLL:      TCM.DLL V1.53.0.0
 
<h2>Project:</h2>
C:\Users\grodriguez\Documents\iit\icub-firmware\emBODY\eBcode\arch-arm\board\amcbldc\application03\proj\amcbldc-application03.uvprojx
Project File Date:  07/20/2021

<h2>Output:</h2>
*** Using Compiler 'V6.16', folder: 'C:\Keil_v5\ARM\ARMCLANG\Bin'
Rebuild target 'amcbldc-app03-osal-ulpro'
assembling stm32hal.startup.amcbldc.s...
compiling eventviewer.c...
compiling embot_core.cpp...
compiling embot_core_binary.cpp...
compiling embot_hw_FlashBurner.cpp...
compiling embot_hw_bsp.cpp...
compiling embot_hw_FlashStorage.cpp...
compiling embot_hw.cpp...
../../../../../../eBcode/arch-arm/embot/hw/embot_hw_sys.cpp(80): warning: specify tuning must be verified [-W#warnings]
            #warning specify tuning must be verified
             ^
1 warning generated.
compiling embot_hw_sys.cpp...
compiling embot_hw_flash.cpp...
compiling embot_hw_timer.cpp...
compiling embot_hw_can.cpp...
compiling amcbldc-main.cpp...
compiling embot_hw_led.cpp...
compiling embot_hw_gpio.cpp...
compiling embot_hw_i2c.cpp...
compiling embot_hw_types.cpp...
compiling embot_hw_button.cpp...
compiling embot_hw_tlv493d.cpp...
compiling embot_hw_lowlevel.cpp...
compiling embot_os.cpp...
compiling embot_hw_motor.cpp...
compiling embot_hw_bsp_amcbldc.cpp...
compiling embot_os_theCallbackManager.cpp...
compiling embot_app_theJumper.cpp...
compiling embot_os_Thread.cpp...
compiling embot_os_theTimerManager.cpp...
compiling embot_os_Timer.cpp...
compiling embot_os_theScheduler.cpp...
compiling embot_os_Action.cpp...
compiling embot_prot_can.cpp...
compiling embot_prot_can_skin_periodic.cpp...
compiling embot_app_application_theCANparserBasic.cpp...
compiling embot_prot_can_inertial_periodic.cpp...
compiling embot_prot_can_motor_polling.cpp...
compiling embot_os_rtos.cpp...
compiling embot_prot_can_motor_periodic.cpp...
compiling embot_prot_can_bootloader.cpp...
compiling embot_prot_can_analog_periodic.cpp...
compiling embot_app_skeleton_os_basic.cpp...
compiling embot_app_skeleton_os_evthreadcan.cpp...
compiling embot_prot_can_analog_polling.cpp...
compiling embot_app_theApplication.cpp...
compiling embot_app_theStorage.cpp...
compiling motorhal_config.c...
compiling embot_app_theCANboardInfo.cpp...
compiling encoder.c...
compiling embot_app_scope.cpp...
compiling MultiWordIor.cpp...
compiling embot_app_application_theCANtracer.cpp...
compiling pwm.c...
compiling Double2MultiWord.cpp...
compiling uMultiWordShl.cpp...
compiling div_s32.cpp...
../src/motorhal/analog.c(480): warning: expression does not compute the number of elements in this array; element type is 'ADC2_Record_t', not 'std::uint16_t' (aka 'unsigned short') [-Wsizeof-array-div]
                                        (HAL_OK == HAL_ADC_Start_DMA(&hadc2, (uint32_t *)&adc2_Buffer, sizeof(adc2_Buffer)/sizeof(uint16_t))))
                                                                                                              ~~~~~~~~~~~ ^
../src/motorhal/analog.c(156): note: array 'adc2_Buffer' declared here
static ADC2_Record_t adc2_Buffer[2];
                     ^
../src/motorhal/analog.c(480): note: place parentheses around the 'sizeof(std::uint16_t)' expression to silence this warning
                                        (HAL_OK == HAL_ADC_Start_DMA(&hadc2, (uint32_t *)&adc2_Buffer, sizeof(adc2_Buffer)/sizeof(uint16_t))))
                                                                                                                          ^
1 warning generated.
compiling analog.c...
compiling uMultiWord2Double.cpp...
compiling can_rx_raw2struct.cpp...
../src/embot_app_application_theCANparserMBD.cpp(38): warning: parserMDB_legacyPARSERactivated is activated [-W#warnings]
    #warning parserMDB_legacyPARSERactivated is activated
     ^
../src/embot_app_application_theCANparserMBD.cpp(131): warning: VALENTINA VASCO: add in here initialization code for MBD CAN modem [-W#warnings]
    #warning VALENTINA VASCO: add in here initialization code for MBD CAN modem
     ^
../src/embot_app_application_theCANparserMBD.cpp(158): warning: VALENTINA VASCO: add in here MBD CAN decoding. if any reply is required, push it back inside replies  [-W#warnings]
    #warning VALENTINA VASCO: add in here MBD CAN decoding. if any reply is required, push it back inside replies 
     ^
../src/embot_app_application_theCANparserMBD.cpp(176): warning: VALENTINA VASCO: here you print the variables to see if the decoder worked correctly [-W#warnings]
                #warning VALENTINA VASCO: here you print the variables to see if the decoder worked correctly
                 ^
4 warnings generated.
compiling embot_app_application_theCANparserMBD.cpp...
compiling embot_app_application_theMBDagent.cpp...
compiling can_decoder.cpp...
compiling embot_app_theLEDmanager.cpp...
linking...
Program Size: Code=67750 RO-data=2522 RW-data=572 ZI-data=43124  
FromELF: creating hex file...
.\obj\amcbldc.hex: Warning: Q9931W: Your license for feature Keil will expire in 12 days
Finished: 0 information, 1 warning and 0 error messages.
After Build - User command #1: cmd.exe /C copy .\Obj\amcbldc.hex ..\bin\amcbldc.hex
        1 file(s) copied.
".\obj\amcbldc.axf" - 0 Error(s), 6 Warning(s).

<h2>Software Packages used:</h2>

Package Vendor: Keil
                http://www.keil.com/pack/Keil.STM32G4xx_DFP.1.3.0.pack
                Keil.STM32G4xx_DFP.1.3.0
                STMicroelectronics STM32G4 Series Device Support, Drivers and Examples

<h2>Collection of Component include folders:</h2>
  .\RTE\_amcbldc-app03-osal-ulpro
  C:\Users\grodriguez\AppData\Local\Arm\Packs\Keil\STM32G4xx_DFP\1.3.0\Drivers\CMSIS\Device\ST\STM32G4xx\Include

<h2>Collection of Component Files used:</h2>

   * Component: ARM::CMSIS:CORE:5.5.0
Build Time Elapsed:  00:00:07
</pre>
</body>
</html>
