<html>
<body>
<pre>
<h1>µVision Build Log</h1>
<h2>Tool Versions:</h2>
IDE-Version: µVision V5.37.0.0
Copyright (C) 2022 ARM Ltd and ARM Germany GmbH. All rights reserved.
License Information: Davide Tome, IIT, LIC=8QQ60-VU4P0-3P9ZS-ZB4K5-3FT8E-5DIH8
 
Tool Versions:
Toolchain:       MDK-ARM Community  Version: 5.37.0.0
Toolchain Path:  C:\Keil_v5\ARM\ARMCLANG\Bin
C Compiler:      ArmClang.exe V6.18
Assembler:       Armasm.exe V6.18
Linker/Locator:  ArmLink.exe V6.18
Library Manager: ArmAr.exe V6.18
Hex Converter:   FromElf.exe V6.18
CPU DLL:         SARMCM3.DLL V5.37.0.0
Dialog DLL:      DCM.DLL V1.17.5.0
Target DLL:      STLink\ST-LINKIII-KEIL_SWO.dll V3.0.9.0
Dialog DLL:      TCM.DLL V1.56.1.0
 
<h2>Project:</h2>
C:\icub-tech-iit\icub-firmware\emBODY\eBcode\arch-arm\board\mtb4c\examples\basic\proj\mtb4c-basic.uvprojx
Project File Date:  06/14/2022

<h2>Output:</h2>
*** Using Compiler 'V6.18', folder: 'C:\Keil_v5\ARM\ARMCLANG\Bin'
Rebuild target 'basic-mtb4c'
assembling stm32hal.l4.startup.mtb4c.v190.s...
../src/main-basic.cpp(65): warning: we are using board mtb4c, led is on pd6 [-W#warnings]
    #warning we are using board mtb4c, led is on pd6
     ^
1 warning generated.
compiling main-basic.cpp...
linking...
Program Size: Code=4366 RO-data=510 RW-data=16 ZI-data=1648  
FromELF: creating hex file...
".\obj\mtb4ctest.axf" - 0 Error(s), 1 Warning(s).

<h2>Software Packages used:</h2>

Package Vendor: Keil
                http://www.keil.com/pack/Keil.STM32L4xx_DFP.2.6.1.pack
                Keil.STM32L4xx_DFP.2.6.1
                STMicroelectronics STM32L4 Series Device Support, Drivers and Examples

<h2>Collection of Component include folders:</h2>
  ./RTE/_basic-mtb4c
  C:/Users/tumme/AppData/Local/Arm/Packs/Keil/STM32L4xx_DFP/2.6.1/Drivers/CMSIS/Device/ST/STM32L4xx/Include

<h2>Collection of Component Files used:</h2>

   * Component: ARM::CMSIS:CORE:5.6.0
Build Time Elapsed:  00:00:01
</pre>
</body>
</html>
