<html>
<body>
<pre>
<h1>µVision Build Log</h1>
<h2>Project:</h2>
C:\Users\AMura\Desktop\ULINK\BDC\bdc.uvproj
Project File Date:  11/12/2013

<h2>Output:</h2>
Rebuild target 'BCB'
assembling startup_stm32f10x_md.s...
compiling system_stm32f10x.c...
compiling gpio.c...
compiling bdc.c...
bdc.c(102): error:  #20: identifier "LED_BT_OFF" is undefined
bdc.c(103): error:  #20: identifier "PB1_LED_GREEN" is undefined
bdc.c(104): error:  #20: identifier "PB2_LED_GREEN" is undefined
bdc.c(105): error:  #20: identifier "FAN1_ON" is undefined
bdc.c(106): error:  #20: identifier "FAN2_OFF" is undefined
bdc.c(115): error:  #20: identifier "LED_BT_ON" is undefined
bdc.c(116): error:  #20: identifier "PB1_LED_RED" is undefined
bdc.c(117): error:  #20: identifier "PB2_LED_RED" is undefined
bdc.c(118): error:  #20: identifier "FAN1_OFF" is undefined
bdc.c(119): error:  #20: identifier "FAN2_ON" is undefined
bdc.c(165): error:  #20: identifier "LED_BT_OFF" is undefined
bdc.c(170): error:  #20: identifier "LED_BT_ON" is undefined
bdc.c(195): error:  #20: identifier "PB1_LED_RED" is undefined
bdc.c(196): error:  #20: identifier "PB2_LED_RED" is undefined
bdc.c(200): error:  #20: identifier "PB1_LED_GREEN" is undefined
bdc.c(201): error:  #20: identifier "PB2_LED_GREEN" is undefined
bdc.c(205): error:  #20: identifier "PB1_LED_OFF" is undefined
bdc.c(206): error:  #20: identifier "PB2_LED_OFF" is undefined
bdc.c(283): error:  #20: identifier "LED_BT_OFF" is undefined
bdc.c(287): error:  #20: identifier "LED_BT_ON" is undefined
bdc.c(250): warning:  #177-D: variable "i" was declared but never referenced
compiling usart.c...
compiling can.c...
compiling adc.c...
Target not created
Rebuild target 'BCB'
assembling startup_stm32f10x_md.s...
compiling system_stm32f10x.c...
compiling gpio.c...
compiling bdc.c...
bdc.c(101): error:  #20: identifier "LED_BT_OFF" is undefined
bdc.c(102): error:  #20: identifier "PB1_LED_GREEN" is undefined
bdc.c(103): error:  #20: identifier "PB2_LED_GREEN" is undefined
bdc.c(104): error:  #20: identifier "FAN1_ON" is undefined
bdc.c(105): error:  #20: identifier "FAN2_OFF" is undefined
bdc.c(114): error:  #20: identifier "LED_BT_ON" is undefined
bdc.c(115): error:  #20: identifier "PB1_LED_RED" is undefined
bdc.c(116): error:  #20: identifier "PB2_LED_RED" is undefined
bdc.c(117): error:  #20: identifier "FAN1_OFF" is undefined
bdc.c(118): error:  #20: identifier "FAN2_ON" is undefined
bdc.c(164): error:  #20: identifier "LED_BT_OFF" is undefined
bdc.c(169): error:  #20: identifier "LED_BT_ON" is undefined
bdc.c(172): warning:  #223-D: function "SendChar1" declared implicitly
bdc.c(194): error:  #20: identifier "PB1_LED_RED" is undefined
bdc.c(195): error:  #20: identifier "PB2_LED_RED" is undefined
bdc.c(199): error:  #20: identifier "PB1_LED_GREEN" is undefined
bdc.c(200): error:  #20: identifier "PB2_LED_GREEN" is undefined
bdc.c(204): error:  #20: identifier "PB1_LED_OFF" is undefined
bdc.c(205): error:  #20: identifier "PB2_LED_OFF" is undefined
bdc.c(257): warning:  #223-D: function "USART1_Init" declared implicitly
bdc.c(277): warning:  #223-D: function "SendChar1" declared implicitly
bdc.c(282): error:  #20: identifier "LED_BT_OFF" is undefined
bdc.c(286): error:  #20: identifier "LED_BT_ON" is undefined
bdc.c(249): warning:  #177-D: variable "i" was declared but never referenced
compiling can.c...
compiling adc.c...
Target not created
Rebuild target 'BCB'
assembling startup_stm32f10x_md.s...
compiling system_stm32f10x.c...
compiling gpio.c...
compiling bdc.c...
bdc.c(101): error:  #20: identifier "LED_BT_OFF" is undefined
bdc.c(102): error:  #20: identifier "PB1_LED_GREEN" is undefined
bdc.c(103): error:  #20: identifier "PB2_LED_GREEN" is undefined
bdc.c(104): error:  #20: identifier "FAN1_ON" is undefined
bdc.c(105): error:  #20: identifier "FAN2_OFF" is undefined
bdc.c(114): error:  #20: identifier "LED_BT_ON" is undefined
bdc.c(115): error:  #20: identifier "PB1_LED_RED" is undefined
bdc.c(116): error:  #20: identifier "PB2_LED_RED" is undefined
bdc.c(117): error:  #20: identifier "FAN1_OFF" is undefined
bdc.c(118): error:  #20: identifier "FAN2_ON" is undefined
bdc.c(164): error:  #20: identifier "LED_BT_OFF" is undefined
bdc.c(169): error:  #20: identifier "LED_BT_ON" is undefined
bdc.c(172): warning:  #223-D: function "SendChar1" declared implicitly
bdc.c(212): error:  #268: declaration may not appear after executable statement in block
bdc.c(212): error:  #67: expected a "}"
bdc.c(246): warning:  #223-D: function "USART1_Init" declared implicitly
bdc.c(266): warning:  #223-D: function "SendChar1" declared implicitly
bdc.c(271): error:  #20: identifier "LED_BT_OFF" is undefined
bdc.c(275): error:  #20: identifier "LED_BT_ON" is undefined
bdc.c(238): warning:  #177-D: variable "i" was declared but never referenced
compiling can.c...
compiling adc.c...
Target not created
Rebuild target 'BCB'
assembling startup_stm32f10x_md.s...
compiling system_stm32f10x.c...
compiling gpio.c...
compiling bdc.c...
bdc.c(101): error:  #20: identifier "LED_BT_OFF" is undefined
bdc.c(102): error:  #20: identifier "PB1_LED_GREEN" is undefined
bdc.c(103): error:  #20: identifier "PB2_LED_GREEN" is undefined
bdc.c(104): error:  #20: identifier "FAN1_ON" is undefined
bdc.c(105): error:  #20: identifier "FAN2_OFF" is undefined
bdc.c(114): error:  #20: identifier "LED_BT_ON" is undefined
bdc.c(115): error:  #20: identifier "PB1_LED_RED" is undefined
bdc.c(116): error:  #20: identifier "PB2_LED_RED" is undefined
bdc.c(117): error:  #20: identifier "FAN1_OFF" is undefined
bdc.c(118): error:  #20: identifier "FAN2_ON" is undefined
bdc.c(164): error:  #20: identifier "LED_BT_OFF" is undefined
bdc.c(169): error:  #20: identifier "LED_BT_ON" is undefined
bdc.c(172): warning:  #223-D: function "SendChar1" declared implicitly
bdc.c(246): warning:  #223-D: function "USART1_Init" declared implicitly
bdc.c(266): warning:  #223-D: function "SendChar1" declared implicitly
bdc.c(271): error:  #20: identifier "LED_BT_OFF" is undefined
bdc.c(275): error:  #20: identifier "LED_BT_ON" is undefined
bdc.c(238): warning:  #177-D: variable "i" was declared but never referenced
compiling can.c...
compiling adc.c...
Target not created
Rebuild target 'BCB'
assembling startup_stm32f10x_md.s...
compiling system_stm32f10x.c...
compiling gpio.c...
compiling bdc.c...
bdc.c(154): error:  #20: identifier "LED_BT_OFF" is undefined
bdc.c(159): error:  #20: identifier "LED_BT_ON" is undefined
bdc.c(162): warning:  #223-D: function "SendChar1" declared implicitly
bdc.c(236): warning:  #223-D: function "USART1_Init" declared implicitly
bdc.c(256): warning:  #223-D: function "SendChar1" declared implicitly
bdc.c(261): error:  #20: identifier "LED_BT_OFF" is undefined
bdc.c(265): error:  #20: identifier "LED_BT_ON" is undefined
bdc.c(228): warning:  #177-D: variable "i" was declared but never referenced
compiling can.c...
compiling adc.c...
Target not created
Rebuild target 'BCB'
assembling startup_stm32f10x_md.s...
compiling system_stm32f10x.c...
compiling gpio.c...
compiling bdc.c...
bdc.c(154): error:  #20: identifier "LED_BT_OFF" is undefined
bdc.c(159): error:  #20: identifier "LED_BT_ON" is undefined
bdc.c(162): warning:  #223-D: function "SendChar1" declared implicitly
bdc.c(236): warning:  #223-D: function "USART1_Init" declared implicitly
bdc.c(256): warning:  #223-D: function "SendChar1" declared implicitly
bdc.c(261): error:  #20: identifier "LED_BT" is undefined
bdc.c(265): error:  #20: identifier "LED_BT" is undefined
bdc.c(228): warning:  #177-D: variable "i" was declared but never referenced
compiling can.c...
compiling adc.c...
Target not created
Rebuild target 'BCB'
assembling startup_stm32f10x_md.s...
compiling system_stm32f10x.c...
compiling gpio.c...
compiling bdc.c...
bdc.c(154): error:  #20: identifier "LED_BT_OFF" is undefined
bdc.c(159): error:  #20: identifier "LED_BT_ON" is undefined
bdc.c(162): warning:  #223-D: function "SendChar1" declared implicitly
bdc.c(255): warning:  #223-D: function "SendChar1" declared implicitly
bdc.c(260): error:  #20: identifier "LED_BT" is undefined
bdc.c(264): error:  #20: identifier "LED_BT" is undefined
bdc.c(228): warning:  #177-D: variable "i" was declared but never referenced
compiling can.c...
compiling adc.c...
Target not created
Rebuild target 'BCB'
assembling startup_stm32f10x_md.s...
compiling system_stm32f10x.c...
compiling gpio.c...
compiling bdc.c...
bdc.c(154): error:  #20: identifier "LED_BT" is undefined
bdc.c(159): error:  #20: identifier "LED_BT" is undefined
bdc.c(251): error:  #20: identifier "LED_BT" is undefined
bdc.c(255): error:  #20: identifier "LED_BT" is undefined
bdc.c(221): warning:  #177-D: variable "i" was declared but never referenced
compiling can.c...
compiling adc.c...
Target not created
Rebuild target 'BCB'
assembling startup_stm32f10x_md.s...
compiling system_stm32f10x.c...
compiling gpio.c...
compiling bdc.c...
bdc.c(154): error:  #20: identifier "LED_BT" is undefined
bdc.c(159): error:  #20: identifier "LED_BT" is undefined
bdc.c(251): error:  #20: identifier "LED_BT" is undefined
bdc.c(255): error:  #20: identifier "LED_BT" is undefined
bdc.c(221): warning:  #177-D: variable "i" was declared but never referenced
compiling can.c...
compiling adc.c...
Target not created
Rebuild target 'BCB'
assembling startup_stm32f10x_md.s...
compiling system_stm32f10x.c...
compiling gpio.c...
compiling bdc.c...
bdc.c(154): error:  #20: identifier "LED_BT" is undefined
bdc.c(159): error:  #20: identifier "LED_BT" is undefined
bdc.c(251): error:  #20: identifier "LED_BT" is undefined
bdc.c(255): error:  #20: identifier "LED_BT" is undefined
bdc.c(221): warning:  #177-D: variable "i" was declared but never referenced
compiling can.c...
compiling adc.c...
Target not created
Rebuild target 'BCB'
assembling startup_stm32f10x_md.s...
compiling system_stm32f10x.c...
compiling gpio.c...
compiling bdc.c...
bdc.c(154): error:  #20: identifier "LEDa1_OFF" is undefined
bdc.c(159): error:  #20: identifier "LED_BT" is undefined
bdc.c(251): error:  #20: identifier "LED_BT" is undefined
bdc.c(255): error:  #20: identifier "LED_BT" is undefined
bdc.c(221): warning:  #177-D: variable "i" was declared but never referenced
compiling can.c...
compiling adc.c...
Target not created
Rebuild target 'BCB'
assembling startup_stm32f10x_md.s...
compiling system_stm32f10x.c...
compiling gpio.c...
compiling bdc.c...
bdc.c(154): error:  #20: identifier "LED_BT" is undefined
bdc.c(159): error:  #20: identifier "LED_BT" is undefined
bdc.c(251): error:  #20: identifier "LED_BT" is undefined
bdc.c(255): error:  #20: identifier "LED_BT" is undefined
bdc.c(221): warning:  #177-D: variable "i" was declared but never referenced
compiling can.c...
compiling adc.c...
Target not created
Rebuild target 'BCB'
assembling startup_stm32f10x_md.s...
compiling system_stm32f10x.c...
compiling gpio.c...
compiling bdc.c...
bdc.c(154): error:  #20: identifier "LED_BT" is undefined
bdc.c(159): error:  #20: identifier "LED_BT" is undefined
bdc.c(251): error:  #20: identifier "LED_BT" is undefined
bdc.c(255): error:  #20: identifier "LED_BT" is undefined
compiling can.c...
compiling adc.c...
Target not created
Rebuild target 'BCB'
assembling startup_stm32f10x_md.s...
compiling system_stm32f10x.c...
compiling gpio.c...
compiling bdc.c...
compiling can.c...
compiling adc.c...
linking...
Program Size: Code=3172 RO-data=268 RW-data=64 ZI-data=1664  
"bcb.axf" - 0 Error(s), 0 Warning(s).
Rebuild target 'BCB'
assembling startup_stm32f10x_md.s...
compiling system_stm32f10x.c...
compiling gpio.c...
compiling bdc.c...
compiling can.c...
compiling adc.c...
linking...
Program Size: Code=3172 RO-data=268 RW-data=64 ZI-data=1664  
"bcb.axf" - 0 Error(s), 0 Warning(s).
Load "C:\\Users\\AMura\\Desktop\\ULINK\\BDC\\bcb.AXF" 
Erase Done.
Programming Done.
Verify OK.
Rebuild target 'BCB'
assembling startup_stm32f10x_md.s...
compiling system_stm32f10x.c...
compiling gpio.c...
compiling bdc.c...
compiling can.c...
compiling adc.c...
linking...
Program Size: Code=3196 RO-data=268 RW-data=64 ZI-data=1664  
"bcb.axf" - 0 Error(s), 0 Warning(s).
Load "C:\\Users\\AMura\\Desktop\\ULINK\\BDC\\bcb.AXF" 
Erase Done.
Programming Done.
Verify OK.
Rebuild target 'BCB'
assembling startup_stm32f10x_md.s...
compiling system_stm32f10x.c...
compiling gpio.c...
compiling bdc.c...
bdc.c(197): warning:  #223-D: function "CAN_setup" declared implicitly
bdc.c(198): warning:  #223-D: function "CAN_wrFilter" declared implicitly
bdc.c(198): error:  #20: identifier "STANDARD_FORMAT" is undefined
bdc.c(203): warning:  #223-D: function "CAN_start" declared implicitly
bdc.c(205): warning:  #223-D: function "CAN_waitReady" declared implicitly
compiling can.c...
compiling adc.c...
Target not created
Rebuild target 'BCB'
assembling startup_stm32f10x_md.s...
compiling system_stm32f10x.c...
compiling gpio.c...
compiling bdc.c...
compiling can.c...
compiling adc.c...
linking...
Program Size: Code=3196 RO-data=268 RW-data=64 ZI-data=1664  
"bcb.axf" - 0 Error(s), 0 Warning(s).
Rebuild target 'BCB'
assembling startup_stm32f10x_md.s...
compiling system_stm32f10x.c...
compiling gpio.c...
compiling bdc.c...
bdc.c(219): warning:  #177-D: variable "a" was declared but never referenced
bdc.c(220): warning:  #177-D: variable "b" was declared but never referenced
bdc.c(286): error:  #169: expected a declaration
compiling can.c...
compiling adc.c...
Target not created
Rebuild target 'BCB'
assembling startup_stm32f10x_md.s...
compiling system_stm32f10x.c...
compiling gpio.c...
compiling bdc.c...
bdc.c(219): warning:  #177-D: variable "a" was declared but never referenced
bdc.c(220): warning:  #177-D: variable "b" was declared but never referenced
compiling can.c...
compiling adc.c...
linking...
Program Size: Code=3156 RO-data=268 RW-data=64 ZI-data=1664  
"bcb.axf" - 0 Error(s), 2 Warning(s).
Rebuild target 'BCB'
assembling startup_stm32f10x_md.s...
compiling system_stm32f10x.c...
compiling gpio.c...
compiling bdc.c...
compiling can.c...
compiling adc.c...
linking...
Program Size: Code=3156 RO-data=268 RW-data=64 ZI-data=1664  
"bcb.axf" - 0 Error(s), 0 Warning(s).
Load "C:\\Users\\AMura\\Desktop\\ULINK\\BDC\\bcb.AXF" 
Erase Done.
Programming Done.
Verify OK.
Rebuild target 'BCB'
assembling startup_stm32f10x_md.s...
compiling system_stm32f10x.c...
compiling gpio.c...
compiling bdc.c...
compiling can.c...
compiling adc.c...
linking...
Program Size: Code=2964 RO-data=268 RW-data=64 ZI-data=1664  
"bcb.axf" - 0 Error(s), 0 Warning(s).
Load "C:\\Users\\AMura\\Desktop\\ULINK\\BDC\\bcb.AXF" 
Erase Done.
Programming Done.
Verify OK.
Rebuild target 'BCB'
assembling startup_stm32f10x_md.s...
compiling system_stm32f10x.c...
compiling gpio.c...
compiling bdc.c...
compiling can.c...
compiling adc.c...
linking...
Program Size: Code=2964 RO-data=268 RW-data=64 ZI-data=1664  
"bdc.axf" - 0 Error(s), 0 Warning(s).
Load "C:\\Users\\AMura\\Desktop\\ULINK\\BDC\\bdc.AXF" 
Erase Done.
Programming Done.
Verify OK.
Application running ...
Rebuild target 'BCB'
assembling startup_stm32f10x_md.s...
compiling system_stm32f10x.c...
compiling gpio.c...
compiling bdc.c...
bdc.c(252): error:  #20: identifier "b" is undefined
compiling can.c...
compiling adc.c...
Target not created
Rebuild target 'BCB'
assembling startup_stm32f10x_md.s...
compiling system_stm32f10x.c...
compiling gpio.c...
compiling bdc.c...
compiling can.c...
compiling adc.c...
linking...
Program Size: Code=2992 RO-data=268 RW-data=64 ZI-data=1664  
"bdc.axf" - 0 Error(s), 0 Warning(s).
Load "C:\\Users\\AMura\\Desktop\\ULINK\\BDC\\bdc.AXF" 
Erase Done.
Programming Done.
Verify OK.
Application running ...
Rebuild target 'BCB'
assembling startup_stm32f10x_md.s...
compiling system_stm32f10x.c...
compiling gpio.c...
compiling bdc.c...
bdc.c(272): error:  #20: identifier "a" is undefined
compiling can.c...
compiling adc.c...
Target not created
Load "C:\\Users\\AMura\\Desktop\\ULINK\\BDC\\bdc.AXF" 
_____^
*** error 56: cannot open file
Rebuild target 'BCB'
assembling startup_stm32f10x_md.s...
compiling system_stm32f10x.c...
compiling gpio.c...
compiling bdc.c...
bdc.c(272): error:  #20: identifier "a" is undefined
compiling can.c...
compiling adc.c...
Target not created
Rebuild target 'BCB'
assembling startup_stm32f10x_md.s...
compiling system_stm32f10x.c...
compiling gpio.c...
compiling bdc.c...
compiling can.c...
compiling adc.c...
linking...
Program Size: Code=3004 RO-data=268 RW-data=64 ZI-data=1664  
"bdc.axf" - 0 Error(s), 0 Warning(s).
Load "C:\\Users\\AMura\\Desktop\\ULINK\\BDC\\bdc.AXF" 
Erase Done.
Programming Done.
Verify OK.
Application running ...
Rebuild target 'BCB'
assembling startup_stm32f10x_md.s...
compiling system_stm32f10x.c...
compiling gpio.c...
compiling bdc.c...
compiling can.c...
compiling adc.c...
linking...
Program Size: Code=3004 RO-data=268 RW-data=64 ZI-data=1664  
"bdc.axf" - 0 Error(s), 0 Warning(s).
Load "C:\\Users\\AMura\\Desktop\\ULINK\\BDC\\bdc.AXF" 
Erase Done.
Programming Done.
Verify OK.
Application running ...
Rebuild target 'BCB'
assembling startup_stm32f10x_md.s...
compiling system_stm32f10x.c...
compiling gpio.c...
compiling bdc.c...
compiling can.c...
compiling adc.c...
linking...
Program Size: Code=3004 RO-data=268 RW-data=64 ZI-data=1664  
"bdc.axf" - 0 Error(s), 0 Warning(s).
Load "C:\\Users\\AMura\\Desktop\\ULINK\\BDC\\bdc.AXF" 
Erase Done.
Programming Done.
Verify OK.
Application running ...
Build target 'BCB'
compiling bdc.c...
linking...
Program Size: Code=3004 RO-data=268 RW-data=64 ZI-data=1664  
"bdc.axf" - 0 Error(s), 0 Warning(s).
Load "C:\\Users\\AMura\\Desktop\\ULINK\\BDC\\bdc.AXF" 
Erase Done.
Programming Done.
Verify OK.
Application running ...
Build target 'BCB'
compiling bdc.c...
linking...
Program Size: Code=3004 RO-data=268 RW-data=64 ZI-data=1664  
"bdc.axf" - 0 Error(s), 0 Warning(s).
Load "C:\\Users\\AMura\\Desktop\\ULINK\\BDC\\bdc.AXF" 
Erase Done.
Programming Done.
Verify OK.
Application running ...
Rebuild target 'BCB'
assembling startup_stm32f10x_md.s...
compiling system_stm32f10x.c...
compiling gpio.c...
compiling bdc.c...
compiling can.c...
compiling adc.c...
linking...
Program Size: Code=3004 RO-data=268 RW-data=64 ZI-data=1664  
"bdc.axf" - 0 Error(s), 0 Warning(s).
Load "C:\\Users\\AMura\\Desktop\\ULINK\\BDC\\bdc.AXF" 
Erase Done.
Programming Done.
Verify OK.
Application running ...
Build target 'BCB'
compiling gpio.c...
linking...
Program Size: Code=3004 RO-data=268 RW-data=64 ZI-data=1664  
"bdc.axf" - 0 Error(s), 0 Warning(s).
Load "C:\\Users\\AMura\\Desktop\\ULINK\\BDC\\bdc.AXF" 
Erase Done.
Programming Done.
Verify OK.
Application running ...
Rebuild target 'BCB'
assembling startup_stm32f10x_md.s...
compiling system_stm32f10x.c...
compiling gpio.c...
compiling bdc.c...
compiling can.c...
compiling adc.c...
linking...
Program Size: Code=3008 RO-data=268 RW-data=64 ZI-data=1664  
"bdc.axf" - 0 Error(s), 0 Warning(s).
Load "C:\\Users\\AMura\\Desktop\\ULINK\\BDC\\bdc.AXF" 
Erase Done.
Programming Done.
Verify OK.
Application running ...
Build target 'BCB'
compiling gpio.c...
linking...
Program Size: Code=3004 RO-data=268 RW-data=64 ZI-data=1664  
"bdc.axf" - 0 Error(s), 0 Warning(s).
Build target 'BCB'
linking...
Program Size: Code=3004 RO-data=268 RW-data=64 ZI-data=1664  
"bdc.axf" - 0 Error(s), 0 Warning(s).
Load "C:\\Users\\AMura\\Desktop\\ULINK\\BDC\\bdc.AXF" 
Erase Done.
Programming Done.
Verify OK.
Application running ...
Rebuild target 'BCB'
assembling startup_stm32f10x_md.s...
compiling system_stm32f10x.c...
compiling gpio.c...
compiling bdc.c...
compiling can.c...
compiling adc.c...
linking...
Program Size: Code=3108 RO-data=268 RW-data=64 ZI-data=1664  
"bdc.axf" - 0 Error(s), 0 Warning(s).
Load "C:\\Users\\AMura\\Desktop\\ULINK\\BDC\\bdc.AXF" 
Erase Done.
Programming Done.
Verify OK.
Application running ...
Build target 'BCB'
compiling bdc.c...
linking...
Program Size: Code=3108 RO-data=268 RW-data=64 ZI-data=1664  
"bdc.axf" - 0 Error(s), 0 Warning(s).
Load "C:\\Users\\AMura\\Desktop\\ULINK\\BDC\\bdc.AXF" 
Erase Done.
Programming Done.
Verify OK.
Application running ...
Rebuild target 'BCB'
assembling startup_stm32f10x_md.s...
compiling system_stm32f10x.c...
compiling gpio.c...
compiling bdc.c...
compiling can.c...
compiling adc.c...
linking...
Program Size: Code=3116 RO-data=268 RW-data=64 ZI-data=1664  
"bdc.axf" - 0 Error(s), 0 Warning(s).
Load "C:\\Users\\AMura\\Desktop\\ULINK\\BDC\\bdc.AXF" 
Erase Done.
Programming Done.
Verify OK.
Application running ...
Build target 'BCB'
compiling bdc.c...
linking...
Program Size: Code=3108 RO-data=268 RW-data=64 ZI-data=1664  
"bdc.axf" - 0 Error(s), 0 Warning(s).
Load "C:\\Users\\AMura\\Desktop\\ULINK\\BDC\\bdc.AXF" 
Erase Done.
Programming Done.
Verify OK.
Application running ...
Rebuild target 'BCB'
assembling startup_stm32f10x_md.s...
compiling system_stm32f10x.c...
compiling gpio.c...
compiling bdc.c...
compiling can.c...
compiling adc.c...
linking...
Program Size: Code=3108 RO-data=268 RW-data=64 ZI-data=1664  
"bdc.axf" - 0 Error(s), 0 Warning(s).
Rebuild target 'BCB'
assembling startup_stm32f10x_md.s...
compiling system_stm32f10x.c...
compiling gpio.c...
compiling bdc.c...
compiling can.c...
compiling adc.c...
linking...
Program Size: Code=3112 RO-data=268 RW-data=64 ZI-data=1664  
"bdc.axf" - 0 Error(s), 0 Warning(s).
Load "C:\\Users\\AMura\\Desktop\\ULINK\\BDC\\bdc.AXF" 
Erase Done.
Programming Done.
Verify OK.
Application running ...
Rebuild target 'BCB'
assembling startup_stm32f10x_md.s...
compiling system_stm32f10x.c...
compiling gpio.c...
compiling bdc.c...
compiling can.c...
compiling adc.c...
linking...
Program Size: Code=3128 RO-data=268 RW-data=64 ZI-data=1664  
"bdc.axf" - 0 Error(s), 0 Warning(s).
Load "C:\\Users\\AMura\\Desktop\\ULINK\\BDC\\bdc.AXF" 
Erase Done.
Programming Done.
Verify OK.
Application running ...
Build target 'BCB'
compiling gpio.c...
linking...
Program Size: Code=3128 RO-data=268 RW-data=64 ZI-data=1664  
"bdc.axf" - 0 Error(s), 0 Warning(s).
Load "C:\\Users\\AMura\\Desktop\\ULINK\\BDC\\bdc.AXF" 
Erase Done.
Programming Done.
Verify OK.
Application running ...
Rebuild target 'BCB'
assembling startup_stm32f10x_md.s...
compiling system_stm32f10x.c...
compiling gpio.c...
compiling bdc.c...
compiling can.c...
compiling adc.c...
linking...
Program Size: Code=3108 RO-data=268 RW-data=64 ZI-data=1664  
"bdc.axf" - 0 Error(s), 0 Warning(s).
Load "C:\\Users\\AMura\\Desktop\\ULINK\\BDC\\bdc.AXF" 
Erase Done.
Programming Done.
Verify OK.
Application running ...
Rebuild target 'BCB'
assembling startup_stm32f10x_md.s...
compiling system_stm32f10x.c...
compiling gpio.c...
compiling bdc.c...
compiling can.c...
compiling adc.c...
linking...
Program Size: Code=3108 RO-data=268 RW-data=64 ZI-data=1664  
"bdc.axf" - 0 Error(s), 0 Warning(s).
Load "C:\\Users\\AMura\\Desktop\\ULINK\\BDC\\bdc.AXF" 
Erase Done.
Programming Done.
Verify OK.
Application running ...
Rebuild target 'BCB'
assembling startup_stm32f10x_md.s...
compiling system_stm32f10x.c...
compiling gpio.c...
compiling bdc.c...
compiling can.c...
compiling adc.c...
linking...
Program Size: Code=3108 RO-data=268 RW-data=64 ZI-data=1664  
"bdc.axf" - 0 Error(s), 0 Warning(s).
Load "C:\\Users\\AMura\\Desktop\\ULINK\\BDC\\bdc.AXF" 
Erase Done.
Programming Done.
Verify OK.
Application running ...
