<html>
<body>
<pre>
<h1>µVision Build Log</h1>
<h2>Project:</h2>
D:\iCubHardware\electronics\private\P2013_09_BDC\SW\BDC\bdc.uvproj
Project File Date:  05/27/2015

<h2>Output:</h2>
Rebuild target 'BCB'
assembling startup_stm32f10x_md.s...
compiling system_stm32f10x.c...
compiling hl_fifo.c...
compiling bdc.c...
compiling gpio.c...
compiling can.c...
compiling adc.c...
compiling exti.c...
compiling timer.c...
linking...
Program Size: Code=9040 RO-data=268 RW-data=124 ZI-data=2236  
"bdc.axf" - 0 Error(s), 0 Warning(s).
