<html>
<body>
<pre>
<h1>µVision Build Log</h1>
<h2>Tool Versions:</h2>
IDE-Version: µVision V5.23.0.0
Copyright (C) 2017 ARM Ltd and ARM Germany GmbH. All rights reserved.
License Information: Marco Accame, IIT, LIC=Q7GLT-RF2FH-A3FMC-5EBQ7-73GTI-9HM5Z
 
Tool Versions:
Toolchain:       MDK-ARM Professional  Version: 5.23
Toolchain Path:  C:\Keil_v5\ARM\ARMCC\Bin
C Compiler:      Armcc.exe V5.06 update 4 (build 422)
Assembler:       Armasm.exe V5.06 update 4 (build 422)
Linker/Locator:  ArmLink.exe V5.06 update 4 (build 422)
Library Manager: ArmAr.exe V5.06 update 4 (build 422)
Hex Converter:   FromElf.exe V5.06 update 4 (build 422)
CPU DLL:         SARMCM3.DLL V5.23
Dialog DLL:      DCM.DLL V1.15.0.0
Target DLL:      STLink\ST-LINKIII-KEIL_SWO.dll V2.0.18.0
Dialog DLL:      TCM.DLL V1.27.0.0
 
<h2>Project:</h2>
D:\iCubHardware\electronics\private\P2016_15_RFE_RobotFaceExpression\SW\RFE_MASTER\MDK-ARM\RFE_MASTER.uvprojx
Project File Date:  08/28/2018

<h2>Output:</h2>
*** Using Compiler 'V5.06 update 4 (build 422)', folder: 'C:\Keil_v5\ARM\ARMCC\Bin'
Rebuild target 'RFE_MASTER'
assembling startup_stm32l452xx.s...
compiling can_utility.c...
compiling BNO055.c...
compiling tlc59711.c...
compiling RFE_Expression.c...
compiling MPU9250.c...
compiling system_stm32l4xx.c...
compiling stm32l4xx_hal_pcd.c...
compiling stm32l4xx_ll_usb.c...
compiling stm32l4xx_hal_pcd_ex.c...
compiling stm32l4xx_hal_can.c...
compiling stm32l4xx_hal_adc_ex.c...
compiling stm32l4xx_hal_adc.c...
compiling stm32l4xx_hal_rng.c...
compiling stm32l4xx_hal_i2c_ex.c...
compiling stm32l4xx_hal_i2c.c...
compiling stm32l4xx_hal_spi_ex.c...
compiling stm32l4xx_hal_spi.c...
compiling stm32l4xx_hal_tim.c...
compiling stm32l4xx_hal_tim_ex.c...
compiling stm32l4xx_hal.c...
compiling stm32l4xx_hal_rcc.c...
compiling stm32l4xx_hal_flash.c...
compiling stm32l4xx_hal_rcc_ex.c...
compiling stm32l4xx_hal_flash_ex.c...
compiling stm32l4xx_hal_flash_ramfunc.c...
compiling stm32l4xx_hal_gpio.c...
compiling stm32l4xx_hal_dma.c...
compiling stm32l4xx_hal_dma_ex.c...
compiling stm32l4xx_hal_pwr.c...
compiling stm32l4xx_hal_pwr_ex.c...
compiling stm32l4xx_hal_cortex.c...
compiling gpio.c...
compiling main.c...
../Src/main.c(184): warning:  #177-D: variable "i"  was declared but never referenced
    uint8_t i=0;
../Src/main.c(185): warning:  #177-D: variable "color"  was declared but never referenced
    uint32_t color=0;
../Src/main.c: 2 warnings, 0 errors
compiling adc.c...
compiling can.c...
compiling dma.c...
compiling i2c.c...
compiling spi.c...
compiling rng.c...
compiling tim.c...
compiling usbd_conf.c...
compiling usb_device.c...
compiling usbd_desc.c...
compiling stm32l4xx_it.c...
compiling usbd_cdc_if.c...
../Src/usbd_cdc_if.c(303): warning:  #177-D: variable "someother_char"  was declared but never referenced
    char *someother_char = "a";
../Src/usbd_cdc_if.c: 1 warning, 0 errors
compiling stm32l4xx_hal_msp.c...
compiling usbd_ctlreq.c...
compiling usbd_core.c...
compiling usbd_ioreq.c...
compiling usbd_cdc.c...
linking...
Program Size: Code=35976 RO-data=500 RW-data=460 ZI-data=10020  
"RFE_MASTER\RFE_MASTER.axf" - 0 Error(s), 3 Warning(s).

<h2>Software Packages used:</h2>

Package Vendor: ARM
                http://www.keil.com/pack/ARM.CMSIS.5.3.0.pack
                ARM::CMSIS:CORE:5.1.1
                CMSIS (Cortex Microcontroller Software Interface Standard)
   * Component: CORE Version: 5.1.1

<h2>Collection of Component include folders:</h2>
  .\RTE\_RFE_MASTER
  C:\Keil_v5\ARM\PACK\ARM\CMSIS\5.3.0\CMSIS\Include
  C:\Keil_v5\ARM\PACK\Keil\STM32L4xx_DFP\1.4.0\Device\Include

<h2>Collection of Component Files used:</h2>

   * Component: ARM::CMSIS:CORE:5.1.1
Build Time Elapsed:  00:01:35
</pre>
</body>
</html>
