Component: ARM Compiler 5.06 update 4 (build 422) Tool: armlink [4d35d2]

==============================================================================

Section Cross References

    startup_stm32l476xx.o(RESET) refers to startup_stm32l476xx.o(STACK) for __initial_sp
    startup_stm32l476xx.o(RESET) refers to startup_stm32l476xx.o(.text) for Reset_Handler
    startup_stm32l476xx.o(RESET) refers to stm32l4xx_it.o(i.NMI_Handler) for NMI_Handler
    startup_stm32l476xx.o(RESET) refers to stm32l4xx_it.o(i.HardFault_Handler) for HardFault_Handler
    startup_stm32l476xx.o(RESET) refers to stm32l4xx_it.o(i.MemManage_Handler) for MemManage_Handler
    startup_stm32l476xx.o(RESET) refers to stm32l4xx_it.o(i.BusFault_Handler) for BusFault_Handler
    startup_stm32l476xx.o(RESET) refers to stm32l4xx_it.o(i.UsageFault_Handler) for UsageFault_Handler
    startup_stm32l476xx.o(RESET) refers to stm32l4xx_it.o(i.SVC_Handler) for SVC_Handler
    startup_stm32l476xx.o(RESET) refers to stm32l4xx_it.o(i.DebugMon_Handler) for DebugMon_Handler
    startup_stm32l476xx.o(RESET) refers to stm32l4xx_it.o(i.PendSV_Handler) for PendSV_Handler
    startup_stm32l476xx.o(RESET) refers to stm32l4xx_it.o(i.SysTick_Handler) for SysTick_Handler
    startup_stm32l476xx.o(RESET) refers to stm32l4xx_it.o(i.RCC_IRQHandler) for RCC_IRQHandler
    startup_stm32l476xx.o(RESET) refers to stm32l4xx_it.o(i.EXTI0_IRQHandler) for EXTI0_IRQHandler
    startup_stm32l476xx.o(RESET) refers to stm32l4xx_it.o(i.EXTI1_IRQHandler) for EXTI1_IRQHandler
    startup_stm32l476xx.o(RESET) refers to stm32l4xx_it.o(i.DMA1_Channel1_IRQHandler) for DMA1_Channel1_IRQHandler
    startup_stm32l476xx.o(RESET) refers to stm32l4xx_it.o(i.DMA1_Channel4_IRQHandler) for DMA1_Channel4_IRQHandler
    startup_stm32l476xx.o(RESET) refers to stm32l4xx_it.o(i.DMA1_Channel5_IRQHandler) for DMA1_Channel5_IRQHandler
    startup_stm32l476xx.o(RESET) refers to stm32l4xx_it.o(i.DMA1_Channel6_IRQHandler) for DMA1_Channel6_IRQHandler
    startup_stm32l476xx.o(RESET) refers to stm32l4xx_it.o(i.DMA1_Channel7_IRQHandler) for DMA1_Channel7_IRQHandler
    startup_stm32l476xx.o(RESET) refers to stm32l4xx_it.o(i.ADC1_2_IRQHandler) for ADC1_2_IRQHandler
    startup_stm32l476xx.o(RESET) refers to stm32l4xx_it.o(i.CAN1_TX_IRQHandler) for CAN1_TX_IRQHandler
    startup_stm32l476xx.o(RESET) refers to stm32l4xx_it.o(i.CAN1_RX0_IRQHandler) for CAN1_RX0_IRQHandler
    startup_stm32l476xx.o(RESET) refers to stm32l4xx_it.o(i.CAN1_RX1_IRQHandler) for CAN1_RX1_IRQHandler
    startup_stm32l476xx.o(RESET) refers to stm32l4xx_it.o(i.CAN1_SCE_IRQHandler) for CAN1_SCE_IRQHandler
    startup_stm32l476xx.o(RESET) refers to stm32l4xx_it.o(i.EXTI9_5_IRQHandler) for EXTI9_5_IRQHandler
    startup_stm32l476xx.o(RESET) refers to stm32l4xx_it.o(i.TIM1_BRK_TIM15_IRQHandler) for TIM1_BRK_TIM15_IRQHandler
    startup_stm32l476xx.o(RESET) refers to stm32l4xx_it.o(i.TIM1_UP_TIM16_IRQHandler) for TIM1_UP_TIM16_IRQHandler
    startup_stm32l476xx.o(RESET) refers to stm32l4xx_it.o(i.TIM1_TRG_COM_TIM17_IRQHandler) for TIM1_TRG_COM_TIM17_IRQHandler
    startup_stm32l476xx.o(RESET) refers to stm32l4xx_it.o(i.TIM1_CC_IRQHandler) for TIM1_CC_IRQHandler
    startup_stm32l476xx.o(RESET) refers to stm32l4xx_it.o(i.TIM2_IRQHandler) for TIM2_IRQHandler
    startup_stm32l476xx.o(RESET) refers to stm32l4xx_it.o(i.USART1_IRQHandler) for USART1_IRQHandler
    startup_stm32l476xx.o(RESET) refers to stm32l4xx_it.o(i.USART2_IRQHandler) for USART2_IRQHandler
    startup_stm32l476xx.o(RESET) refers to stm32l4xx_it.o(i.EXTI15_10_IRQHandler) for EXTI15_10_IRQHandler
    startup_stm32l476xx.o(RESET) refers to stm32l4xx_it.o(i.TIM6_DAC_IRQHandler) for TIM6_DAC_IRQHandler
    startup_stm32l476xx.o(RESET) refers to stm32l4xx_it.o(i.TIM7_IRQHandler) for TIM7_IRQHandler
    startup_stm32l476xx.o(.text) refers to system_stm32l4xx.o(i.SystemInit) for SystemInit
    startup_stm32l476xx.o(.text) refers to entry.o(.ARM.Collect$$$$00000000) for __main
    can_utility.o(i.CAN_Config) refers to stm32l4xx_hal_can.o(i.HAL_CAN_ConfigFilter) for HAL_CAN_ConfigFilter
    can_utility.o(i.CAN_Config) refers to main.o(i.Error_Handler) for Error_Handler
    can_utility.o(i.CAN_Config) refers to stm32l4xx_hal_can.o(i.HAL_CAN_Start) for HAL_CAN_Start
    can_utility.o(i.CAN_Config) refers to stm32l4xx_hal_can.o(i.HAL_CAN_ActivateNotification) for HAL_CAN_ActivateNotification
    can_utility.o(i.CAN_Config) refers to can.o(.bss) for hcan1
    can_utility.o(i.CAN_Config) refers to can_utility.o(.bss) for TxHeader
    can_utility.o(i.HAL_CAN_RxFifo0MsgPendingCallback) refers to stm32l4xx_hal_can.o(i.HAL_CAN_GetRxMessage) for HAL_CAN_GetRxMessage
    can_utility.o(i.HAL_CAN_RxFifo0MsgPendingCallback) refers to main.o(i.Error_Handler) for Error_Handler
    can_utility.o(i.HAL_CAN_RxFifo0MsgPendingCallback) refers to can_utility.o(.data) for RxData
    can_utility.o(i.HAL_CAN_RxFifo0MsgPendingCallback) refers to can_utility.o(.bss) for RxHeader
[...]
    i.HAL_GPIO_EXTI_Callback                 0x08003bfc   Section        0  main.o(i.HAL_GPIO_EXTI_Callback)
    i.HAL_GPIO_EXTI_IRQHandler               0x08003cf4   Section        0  stm32l4xx_hal_gpio.o(i.HAL_GPIO_EXTI_IRQHandler)
    i.HAL_GPIO_Init                          0x08003d10   Section        0  stm32l4xx_hal_gpio.o(i.HAL_GPIO_Init)
    i.HAL_GPIO_ReadPin                       0x080040c0   Section        0  stm32l4xx_hal_gpio.o(i.HAL_GPIO_ReadPin)
    i.HAL_GPIO_TogglePin                     0x08004128   Section        0  stm32l4xx_hal_gpio.o(i.HAL_GPIO_TogglePin)
    i.HAL_GPIO_WritePin                      0x08004188   Section        0  stm32l4xx_hal_gpio.o(i.HAL_GPIO_WritePin)
    i.HAL_GetTick                            0x08004200   Section        0  stm32l4xx_hal.o(i.HAL_GetTick)
    i.HAL_I2CEx_ConfigAnalogFilter           0x0800420c   Section        0  stm32l4xx_hal_i2c_ex.o(i.HAL_I2CEx_ConfigAnalogFilter)
    i.HAL_I2CEx_ConfigDigitalFilter          0x080042f8   Section        0  stm32l4xx_hal_i2c_ex.o(i.HAL_I2CEx_ConfigDigitalFilter)
    i.HAL_I2C_Init                           0x080043d8   Section        0  stm32l4xx_hal_i2c.o(i.HAL_I2C_Init)
    i.HAL_I2C_MspInit                        0x080045c4   Section        0  i2c.o(i.HAL_I2C_MspInit)
    i.HAL_IncTick                            0x08004640   Section        0  stm32l4xx_hal.o(i.HAL_IncTick)
    i.HAL_Init                               0x08004650   Section        0  stm32l4xx_hal.o(i.HAL_Init)
    i.HAL_InitTick                           0x08004670   Section        0  stm32l4xx_hal.o(i.HAL_InitTick)
    i.HAL_MspInit                            0x080046a0   Section        0  stm32l4xx_hal_msp.o(i.HAL_MspInit)
    i.HAL_NVIC_EnableIRQ                     0x080046f0   Section        0  stm32l4xx_hal_cortex.o(i.HAL_NVIC_EnableIRQ)
    i.HAL_NVIC_SetPriority                   0x08004758   Section        0  stm32l4xx_hal_cortex.o(i.HAL_NVIC_SetPriority)
    i.HAL_NVIC_SetPriorityGrouping           0x08004834   Section        0  stm32l4xx_hal_cortex.o(i.HAL_NVIC_SetPriorityGrouping)
    i.HAL_PWREx_ControlVoltageScaling        0x080048bc   Section        0  stm32l4xx_hal_pwr_ex.o(i.HAL_PWREx_ControlVoltageScaling)
    i.HAL_PWREx_GetVoltageRange              0x0800499c   Section        0  stm32l4xx_hal_pwr_ex.o(i.HAL_PWREx_GetVoltageRange)
    i.HAL_RCCEx_PeriphCLKConfig              0x080049ac   Section        0  stm32l4xx_hal_rcc_ex.o(i.HAL_RCCEx_PeriphCLKConfig)
    i.HAL_RCC_ClockConfig                    0x08005298   Section        0  stm32l4xx_hal_rcc.o(i.HAL_RCC_ClockConfig)
    i.HAL_RCC_GetHCLKFreq                    0x08005540   Section        0  stm32l4xx_hal_rcc.o(i.HAL_RCC_GetHCLKFreq)
    i.HAL_RCC_GetPCLK1Freq                   0x0800554c   Section        0  stm32l4xx_hal_rcc.o(i.HAL_RCC_GetPCLK1Freq)
    i.HAL_RCC_GetPCLK2Freq                   0x08005570   Section        0  stm32l4xx_hal_rcc.o(i.HAL_RCC_GetPCLK2Freq)
    i.HAL_RCC_GetSysClockFreq                0x08005594   Section        0  stm32l4xx_hal_rcc.o(i.HAL_RCC_GetSysClockFreq)
    i.HAL_RCC_OscConfig                      0x080056ac   Section        0  stm32l4xx_hal_rcc.o(i.HAL_RCC_OscConfig)
    i.HAL_SMBUS_EnableAlert_IT               0x08005efc   Section        0  stm32l4xx_hal_smbus.o(i.HAL_SMBUS_EnableAlert_IT)
    i.HAL_SMBUS_Init                         0x08005f20   Section        0  stm32l4xx_hal_smbus.o(i.HAL_SMBUS_Init)
    i.HAL_SMBUS_MspInit                      0x08006198   Section        0  i2c.o(i.HAL_SMBUS_MspInit)
    i.HAL_SPI_Init                           0x08006214   Section        0  stm32l4xx_hal_spi.o(i.HAL_SPI_Init)
    i.HAL_SPI_MspInit                        0x080064b0   Section        0  spi.o(i.HAL_SPI_MspInit)
    i.HAL_SYSTICK_Config                     0x08006528   Section        0  stm32l4xx_hal_cortex.o(i.HAL_SYSTICK_Config)
    i.HAL_TIMEx_Break2Callback               0x0800655c   Section        0  stm32l4xx_hal_tim_ex.o(i.HAL_TIMEx_Break2Callback)
    i.HAL_TIMEx_BreakCallback                0x0800655e   Section        0  stm32l4xx_hal_tim_ex.o(i.HAL_TIMEx_BreakCallback)
    i.HAL_TIMEx_CommutationCallback          0x08006560   Section        0  stm32l4xx_hal_tim_ex.o(i.HAL_TIMEx_CommutationCallback)
    i.HAL_TIMEx_MasterConfigSynchronization  0x08006564   Section        0  stm32l4xx_hal_tim_ex.o(i.HAL_TIMEx_MasterConfigSynchronization)
    i.HAL_TIM_Base_Init                      0x0800676c   Section        0  stm32l4xx_hal_tim.o(i.HAL_TIM_Base_Init)
    i.HAL_TIM_Base_MspInit                   0x080068c4   Section        0  tim.o(i.HAL_TIM_Base_MspInit)
    i.HAL_TIM_Base_Start_IT                  0x08006a90   Section        0  stm32l4xx_hal_tim.o(i.HAL_TIM_Base_Start_IT)
    i.HAL_TIM_Base_Stop_IT                   0x08006b98   Section        0  stm32l4xx_hal_tim.o(i.HAL_TIM_Base_Stop_IT)
    i.HAL_TIM_ConfigClockSource              0x08006c98   Section        0  stm32l4xx_hal_tim.o(i.HAL_TIM_ConfigClockSource)
    i.HAL_TIM_IC_CaptureCallback             0x080071f4   Section        0  stm32l4xx_hal_tim.o(i.HAL_TIM_IC_CaptureCallback)
    i.HAL_TIM_IRQHandler                     0x080071f6   Section        0  stm32l4xx_hal_tim.o(i.HAL_TIM_IRQHandler)
    i.HAL_TIM_OC_DelayElapsedCallback        0x080073ae   Section        0  stm32l4xx_hal_tim.o(i.HAL_TIM_OC_DelayElapsedCallback)
    i.HAL_TIM_PWM_PulseFinishedCallback      0x080073b0   Section        0  stm32l4xx_hal_tim.o(i.HAL_TIM_PWM_PulseFinishedCallback)
    i.HAL_TIM_PeriodElapsedCallback          0x080073b4   Section        0  main.o(i.HAL_TIM_PeriodElapsedCallback)
    i.HAL_TIM_TriggerCallback                0x080075bc   Section        0  stm32l4xx_hal_tim.o(i.HAL_TIM_TriggerCallback)
    i.HAL_UARTEx_WakeupCallback              0x080075be   Section        0  stm32l4xx_hal_uart_ex.o(i.HAL_UARTEx_WakeupCallback)
    i.HAL_UART_ErrorCallback                 0x080075c0   Section        0  stm32l4xx_hal_uart.o(i.HAL_UART_ErrorCallback)
    i.HAL_UART_IRQHandler                    0x080075c4   Section        0  stm32l4xx_hal_uart.o(i.HAL_UART_IRQHandler)
    i.HAL_UART_Init                          0x08007750   Section        0  stm32l4xx_hal_uart.o(i.HAL_UART_Init)
    i.HAL_UART_MspInit                       0x08007894   Section        0  usart.o(i.HAL_UART_MspInit)
    i.HAL_UART_Transmit_DMA                  0x08007a80   Section        0  stm32l4xx_hal_uart.o(i.HAL_UART_Transmit_DMA)
    i.HAL_UART_TxCpltCallback                0x08007b1c   Section        0  main.o(i.HAL_UART_TxCpltCallback)
    i.HAL_UART_TxHalfCpltCallback            0x08007b1e   Section        0  stm32l4xx_hal_uart.o(i.HAL_UART_TxHalfCpltCallback)
    i.HardFault_Handler                      0x08007b20   Section        0  stm32l4xx_it.o(i.HardFault_Handler)
    i.LL_ADC_Enable                          0x08007b24   Section        0  stm32l4xx_hal_adc.o(i.LL_ADC_Enable)
    LL_ADC_Enable                            0x08007b25   Thumb Code    12  stm32l4xx_hal_adc.o(i.LL_ADC_Enable)
    i.LL_ADC_GetMultimode                    0x08007b34   Section        0  stm32l4xx_hal_adc.o(i.LL_ADC_GetMultimode)
    LL_ADC_GetMultimode                      0x08007b35   Thumb Code    10  stm32l4xx_hal_adc.o(i.LL_ADC_GetMultimode)
    i.LL_ADC_GetOffsetChannel                0x08007b3e   Section        0  stm32l4xx_hal_adc.o(i.LL_ADC_GetOffsetChannel)
    LL_ADC_GetOffsetChannel                  0x08007b3f   Thumb Code    18  stm32l4xx_hal_adc.o(i.LL_ADC_GetOffsetChannel)
    i.LL_ADC_GetResolution                   0x08007b50   Section        0  stm32l4xx_hal_adc.o(i.LL_ADC_GetResolution)
    LL_ADC_GetResolution                     0x08007b51   Thumb Code    10  stm32l4xx_hal_adc.o(i.LL_ADC_GetResolution)
    i.LL_ADC_INJ_IsConversionOngoing         0x08007b5a   Section        0  stm32l4xx_hal_adc.o(i.LL_ADC_INJ_IsConversionOngoing)
    LL_ADC_INJ_IsConversionOngoing           0x08007b5b   Thumb Code    10  stm32l4xx_hal_adc.o(i.LL_ADC_INJ_IsConversionOngoing)
    i.LL_ADC_IsDisableOngoing                0x08007b64   Section        0  stm32l4xx_hal_adc.o(i.LL_ADC_IsDisableOngoing)
    LL_ADC_IsDisableOngoing                  0x08007b65   Thumb Code    10  stm32l4xx_hal_adc.o(i.LL_ADC_IsDisableOngoing)
    i.LL_ADC_IsEnabled                       0x08007b6e   Section        0  stm32l4xx_hal_adc.o(i.LL_ADC_IsEnabled)
    LL_ADC_IsEnabled                         0x08007b6f   Thumb Code    10  stm32l4xx_hal_adc.o(i.LL_ADC_IsEnabled)
    i.LL_ADC_IsEnabled                       0x08007b78   Section        0  stm32l4xx_hal_adc_ex.o(i.LL_ADC_IsEnabled)
    LL_ADC_IsEnabled                         0x08007b79   Thumb Code    10  stm32l4xx_hal_adc_ex.o(i.LL_ADC_IsEnabled)
    i.LL_ADC_IsInternalRegulatorEnabled      0x08007b82   Section        0  stm32l4xx_hal_adc.o(i.LL_ADC_IsInternalRegulatorEnabled)
    LL_ADC_IsInternalRegulatorEnabled        0x08007b83   Thumb Code    10  stm32l4xx_hal_adc.o(i.LL_ADC_IsInternalRegulatorEnabled)
    i.LL_ADC_REG_IsConversionOngoing         0x08007b8c   Section        0  stm32l4xx_hal_adc.o(i.LL_ADC_REG_IsConversionOngoing)
    LL_ADC_REG_IsConversionOngoing           0x08007b8d   Thumb Code    10  stm32l4xx_hal_adc.o(i.LL_ADC_REG_IsConversionOngoing)
    i.LL_ADC_REG_IsConversionOngoing         0x08007b96   Section        0  stm32l4xx_hal_adc_ex.o(i.LL_ADC_REG_IsConversionOngoing)
    LL_ADC_REG_IsConversionOngoing           0x08007b97   Thumb Code    10  stm32l4xx_hal_adc_ex.o(i.LL_ADC_REG_IsConversionOngoing)
    i.LL_ADC_REG_IsTriggerSourceSWStart      0x08007ba0   Section        0  stm32l4xx_hal_adc.o(i.LL_ADC_REG_IsTriggerSourceSWStart)
    LL_ADC_REG_IsTriggerSourceSWStart        0x08007ba1   Thumb Code    18  stm32l4xx_hal_adc.o(i.LL_ADC_REG_IsTriggerSourceSWStart)
    i.LL_ADC_REG_StartConversion             0x08007bb4   Section        0  stm32l4xx_hal_adc.o(i.LL_ADC_REG_StartConversion)
    LL_ADC_REG_StartConversion               0x08007bb5   Thumb Code    12  stm32l4xx_hal_adc.o(i.LL_ADC_REG_StartConversion)
    i.LL_ADC_SetChannelSamplingTime          0x08007bc4   Section        0  stm32l4xx_hal_adc.o(i.LL_ADC_SetChannelSamplingTime)
    LL_ADC_SetChannelSamplingTime            0x08007bc5   Thumb Code    40  stm32l4xx_hal_adc.o(i.LL_ADC_SetChannelSamplingTime)
    i.LL_ADC_SetCommonPathInternalCh         0x08007bec   Section        0  stm32l4xx_hal_adc.o(i.LL_ADC_SetCommonPathInternalCh)
    LL_ADC_SetCommonPathInternalCh           0x08007bed   Thumb Code    12  stm32l4xx_hal_adc.o(i.LL_ADC_SetCommonPathInternalCh)
    i.LL_ADC_SetOffsetState                  0x08007bf8   Section        0  stm32l4xx_hal_adc.o(i.LL_ADC_SetOffsetState)
    LL_ADC_SetOffsetState                    0x08007bf9   Thumb Code    22  stm32l4xx_hal_adc.o(i.LL_ADC_SetOffsetState)
    i.MX_ADC1_Init                           0x08007c10   Section        0  adc.o(i.MX_ADC1_Init)
    i.MX_CAN1_Init                           0x08007d90   Section        0  can.o(i.MX_CAN1_Init)
    i.MX_DMA_Init                            0x08007dd4   Section        0  dma.o(i.MX_DMA_Init)
    i.MX_GPIO_Init                           0x08007e48   Section        0  gpio.o(i.MX_GPIO_Init)
    i.MX_I2C1_Init                           0x080080ec   Section        0  i2c.o(i.MX_I2C1_Init)
    i.MX_I2C2_SMBUS_Init                     0x08008144   Section        0  i2c.o(i.MX_I2C2_SMBUS_Init)
    i.MX_SPI1_Init                           0x08008198   Section        0  spi.o(i.MX_SPI1_Init)
    i.MX_TIM15_Init                          0x080081e4   Section        0  tim.o(i.MX_TIM15_Init)
    i.MX_TIM16_Init                          0x08008254   Section        0  tim.o(i.MX_TIM16_Init)
    i.MX_TIM17_Init                          0x08008288   Section        0  tim.o(i.MX_TIM17_Init)
    i.MX_TIM1_Init                           0x080082c0   Section        0  tim.o(i.MX_TIM1_Init)
    i.MX_TIM2_Init                           0x08008334   Section        0  tim.o(i.MX_TIM2_Init)
    i.MX_TIM6_Init                           0x080083a0   Section        0  tim.o(i.MX_TIM6_Init)
    i.MX_TIM7_Init                           0x080083ec   Section        0  tim.o(i.MX_TIM7_Init)
    i.MX_USART1_UART_Init                    0x08008438   Section        0  usart.o(i.MX_USART1_UART_Init)
    i.MX_USART2_UART_Init                    0x08008478   Section        0  usart.o(i.MX_USART2_UART_Init)
    i.MemManage_Handler                      0x080084b8   Section        0  stm32l4xx_it.o(i.MemManage_Handler)
    i.NMI_Handler                            0x080084bc   Section        0  stm32l4xx_it.o(i.NMI_Handler)
    i.NVIC_GetPriorityGrouping               0x080084c0   Section        0  stm32l4xx_hal_cortex.o(i.NVIC_GetPriorityGrouping)
    NVIC_GetPriorityGrouping                 0x080084c1   Thumb Code    10  stm32l4xx_hal_cortex.o(i.NVIC_GetPriorityGrouping)
    i.NVIC_SetPriority                       0x080084d0   Section        0  stm32l4xx_hal_cortex.o(i.NVIC_SetPriority)
    NVIC_SetPriority                         0x080084d1   Thumb Code    32  stm32l4xx_hal_cortex.o(i.NVIC_SetPriority)
    i.PendSV_Handler                         0x080084f8   Section        0  stm32l4xx_it.o(i.PendSV_Handler)
    i.RCCEx_PLLSAI1_Config                   0x080084fc   Section        0  stm32l4xx_hal_rcc_ex.o(i.RCCEx_PLLSAI1_Config)
    RCCEx_PLLSAI1_Config                     0x080084fd   Thumb Code   616  stm32l4xx_hal_rcc_ex.o(i.RCCEx_PLLSAI1_Config)
    i.RCCEx_PLLSAI2_Config                   0x080087b4   Section        0  stm32l4xx_hal_rcc_ex.o(i.RCCEx_PLLSAI2_Config)
    RCCEx_PLLSAI2_Config                     0x080087b5   Thumb Code   528  stm32l4xx_hal_rcc_ex.o(i.RCCEx_PLLSAI2_Config)
    i.RCC_IRQHandler                         0x08008a10   Section        0  stm32l4xx_it.o(i.RCC_IRQHandler)
    i.RCC_SetFlashLatencyFromMSIRange        0x08008a14   Section        0  stm32l4xx_hal_rcc.o(i.RCC_SetFlashLatencyFromMSIRange)
    RCC_SetFlashLatencyFromMSIRange          0x08008a15   Thumb Code   148  stm32l4xx_hal_rcc.o(i.RCC_SetFlashLatencyFromMSIRange)
    i.SMBUS_Enable_IRQ                       0x08008ab0   Section        0  stm32l4xx_hal_smbus.o(i.SMBUS_Enable_IRQ)
    SMBUS_Enable_IRQ                         0x08008ab1   Thumb Code    66  stm32l4xx_hal_smbus.o(i.SMBUS_Enable_IRQ)
    i.SVC_Handler                            0x08008af2   Section        0  stm32l4xx_it.o(i.SVC_Handler)
    i.SysTick_Handler                        0x08008af4   Section        0  stm32l4xx_it.o(i.SysTick_Handler)
    i.SystemClock_Config                     0x08008afc   Section        0  main.o(i.SystemClock_Config)
    i.SystemInit                             0x08008b7c   Section        0  system_stm32l4xx.o(i.SystemInit)
    i.TIM1_BRK_TIM15_IRQHandler              0x08008bcc   Section        0  stm32l4xx_it.o(i.TIM1_BRK_TIM15_IRQHandler)
    i.TIM1_CC_IRQHandler                     0x08008be4   Section        0  stm32l4xx_it.o(i.TIM1_CC_IRQHandler)
    i.TIM1_TRG_COM_TIM17_IRQHandler          0x08008bf4   Section        0  stm32l4xx_it.o(i.TIM1_TRG_COM_TIM17_IRQHandler)
    i.TIM1_UP_TIM16_IRQHandler               0x08008c0c   Section        0  stm32l4xx_it.o(i.TIM1_UP_TIM16_IRQHandler)
    i.TIM2_IRQHandler                        0x08008c24   Section        0  stm32l4xx_it.o(i.TIM2_IRQHandler)
    i.TIM6_DAC_IRQHandler                    0x08008c34   Section        0  stm32l4xx_it.o(i.TIM6_DAC_IRQHandler)
    i.TIM7_IRQHandler                        0x08008c44   Section        0  stm32l4xx_it.o(i.TIM7_IRQHandler)
    i.TIM_Base_SetConfig                     0x08008c54   Section        0  stm32l4xx_hal_tim.o(i.TIM_Base_SetConfig)
    i.TIM_ETR_SetConfig                      0x08008d20   Section        0  stm32l4xx_hal_tim.o(i.TIM_ETR_SetConfig)
    i.TIM_ITRx_SetConfig                     0x08008d36   Section        0  stm32l4xx_hal_tim.o(i.TIM_ITRx_SetConfig)
    TIM_ITRx_SetConfig                       0x08008d37   Thumb Code    18  stm32l4xx_hal_tim.o(i.TIM_ITRx_SetConfig)
    i.TIM_TI1_ConfigInputStage               0x08008d48   Section        0  stm32l4xx_hal_tim.o(i.TIM_TI1_ConfigInputStage)
    TIM_TI1_ConfigInputStage                 0x08008d49   Thumb Code    38  stm32l4xx_hal_tim.o(i.TIM_TI1_ConfigInputStage)
    i.TIM_TI2_ConfigInputStage               0x08008d6e   Section        0  stm32l4xx_hal_tim.o(i.TIM_TI2_ConfigInputStage)
    TIM_TI2_ConfigInputStage                 0x08008d6f   Thumb Code    40  stm32l4xx_hal_tim.o(i.TIM_TI2_ConfigInputStage)
    i.UART_AdvFeatureConfig                  0x08008d98   Section        0  stm32l4xx_hal_uart.o(i.UART_AdvFeatureConfig)
    i.UART_CheckIdleState                    0x08009014   Section        0  stm32l4xx_hal_uart.o(i.UART_CheckIdleState)
    i.UART_DMAAbortOnError                   0x08009088   Section        0  stm32l4xx_hal_uart.o(i.UART_DMAAbortOnError)
    UART_DMAAbortOnError                     0x08009089   Thumb Code    24  stm32l4xx_hal_uart.o(i.UART_DMAAbortOnError)
    i.UART_DMAError                          0x080090a0   Section        0  stm32l4xx_hal_uart.o(i.UART_DMAError)
    UART_DMAError                            0x080090a1   Thumb Code    86  stm32l4xx_hal_uart.o(i.UART_DMAError)
    i.UART_DMATransmitCplt                   0x080090f6   Section        0  stm32l4xx_hal_uart.o(i.UART_DMATransmitCplt)
    UART_DMATransmitCplt                     0x080090f7   Thumb Code    56  stm32l4xx_hal_uart.o(i.UART_DMATransmitCplt)
    i.UART_DMATxHalfCplt                     0x0800912e   Section        0  stm32l4xx_hal_uart.o(i.UART_DMATxHalfCplt)
    UART_DMATxHalfCplt                       0x0800912f   Thumb Code    14  stm32l4xx_hal_uart.o(i.UART_DMATxHalfCplt)
    i.UART_EndRxTransfer                     0x0800913c   Section        0  stm32l4xx_hal_uart.o(i.UART_EndRxTransfer)
    UART_EndRxTransfer                       0x0800913d   Thumb Code    36  stm32l4xx_hal_uart.o(i.UART_EndRxTransfer)
    i.UART_EndTransmit_IT                    0x08009160   Section        0  stm32l4xx_hal_uart.o(i.UART_EndTransmit_IT)
    UART_EndTransmit_IT                      0x08009161   Thumb Code    34  stm32l4xx_hal_uart.o(i.UART_EndTransmit_IT)
    i.UART_EndTxTransfer                     0x08009182   Section        0  stm32l4xx_hal_uart.o(i.UART_EndTxTransfer)
    UART_EndTxTransfer                       0x08009183   Thumb Code    20  stm32l4xx_hal_uart.o(i.UART_EndTxTransfer)
    i.UART_SetConfig                         0x08009198   Section        0  stm32l4xx_hal_uart.o(i.UART_SetConfig)
    i.UART_WaitOnFlagUntilTimeout            0x0800976a   Section        0  stm32l4xx_hal_uart.o(i.UART_WaitOnFlagUntilTimeout)
    i.USART1_IRQHandler                      0x080097d8   Section        0  stm32l4xx_it.o(i.USART1_IRQHandler)
    i.USART2_IRQHandler                      0x080097e8   Section        0  stm32l4xx_it.o(i.USART2_IRQHandler)
    i.UsageFault_Handler                     0x080097f8   Section        0  stm32l4xx_it.o(i.UsageFault_Handler)
    i.__scatterload_copy                     0x080097fc   Section       14  handlers.o(i.__scatterload_copy)
    i.__scatterload_null                     0x0800980a   Section        2  handlers.o(i.__scatterload_null)
    i.__scatterload_zeroinit                 0x0800980c   Section       14  handlers.o(i.__scatterload_zeroinit)
    i.assert_failed                          0x0800981a   Section        0  main.o(i.assert_failed)
    i.calcMean                               0x0800981c   Section        0  main.o(i.calcMean)
    i.checkHSM                               0x080099e4   Section        0  main.o(i.checkHSM)
    i.dcdc_management                        0x08009a38   Section        0  main.o(i.dcdc_management)
    i.displayCharge                          0x0800a02c   Section        0  main.o(i.displayCharge)
    i.lightupLed                             0x0800a1f0   Section        0  main.o(i.lightupLed)
    i.main                                   0x0800a28c   Section        0  main.o(i.main)
    .constdata                               0x0800a38c   Section       72  system_stm32l4xx.o(.constdata)
    .data                                    0x20000000   Section       28  can_utility.o(.data)
    .data                                    0x2000001c   Section      130  bat_b.o(.data)
    .data                                    0x2000009e   Section        2  display_uoled.o(.data)
    .data                                    0x200000a0   Section        4  stm32l4xx_hal.o(.data)
    .data                                    0x200000a4   Section        4  system_stm32l4xx.o(.data)
    .bss                                     0x200000a8   Section       52  can_utility.o(.bss)
    .bss                                     0x200000dc   Section     3308  bat_b.o(.bss)
    .bss                                     0x20000dc8   Section       28  display_uoled.o(.bss)
    .bss                                     0x20000de4   Section      172  adc.o(.bss)
    .bss                                     0x20000e90   Section       40  can.o(.bss)
    .bss                                     0x20000eb8   Section      156  i2c.o(.bss)
    .bss                                     0x20000f54   Section      100  spi.o(.bss)
    .bss                                     0x20000fb8   Section      448  tim.o(.bss)
    .bss                                     0x20001178   Section      528  usart.o(.bss)
    STACK                                    0x20001388   Section     1024  startup_stm32l476xx.o(STACK)

    Global Symbols

    Symbol Name                              Value     Ov Type        Size  Object(Section)

    BuildAttributes$$THM_ISAv4$E$P$D$K$B$S$7EM$VFPi3$EXTD16$VFPS$VFMA$PE$A:L22UL41UL21$X:L11$S22US41US21$IEEE1$IW$USESV6$~STKCKD$USESV7$~SHL$OSPACE$ROPI$EBA8$MICROLIB$REQ8$PRES8$EABIv2 0x00000000   Number         0  anon$$obj.o ABSOLUTE
    __ARM_use_no_argv                        0x00000000   Number         0  main.o ABSOLUTE
    __cpp_initialize__aeabi_                  - Undefined Weak Reference
    __cxa_finalize                            - Undefined Weak Reference
    __decompress                              - Undefined Weak Reference
    _clock_init                               - Undefined Weak Reference
    _microlib_exit                            - Undefined Weak Reference
    __Vectors_Size                           0x00000188   Number         0  startup_stm32l476xx.o ABSOLUTE
    __Vectors                                0x08000000   Data           4  startup_stm32l476xx.o(RESET)
    __Vectors_End                            0x08000188   Data           0  startup_stm32l476xx.o(RESET)
    __main                                   0x08000189   Thumb Code     0  entry.o(.ARM.Collect$$$$00000000)
    _main_stk                                0x08000189   Thumb Code     0  entry2.o(.ARM.Collect$$$$00000001)
    _main_scatterload                        0x0800018d   Thumb Code     0  entry5.o(.ARM.Collect$$$$00000004)
    __main_after_scatterload                 0x08000191   Thumb Code     0  entry5.o(.ARM.Collect$$$$00000004)
    _main_clock                              0x08000191   Thumb Code     0  entry7b.o(.ARM.Collect$$$$00000008)
    _main_cpp_init                           0x08000191   Thumb Code     0  entry8b.o(.ARM.Collect$$$$0000000A)
    _main_init                               0x08000191   Thumb Code     0  entry9a.o(.ARM.Collect$$$$0000000B)
    __rt_final_cpp                           0x08000199   Thumb Code     0  entry10a.o(.ARM.Collect$$$$0000000D)
    __rt_final_exit                          0x08000199   Thumb Code     0  entry11a.o(.ARM.Collect$$$$0000000F)
    Reset_Handler                            0x0800019d   Thumb Code     8  startup_stm32l476xx.o(.text)
    ADC3_IRQHandler                          0x080001b7   Thumb Code     0  startup_stm32l476xx.o(.text)
    COMP_IRQHandler                          0x080001b7   Thumb Code     0  startup_stm32l476xx.o(.text)
    DFSDM1_FLT0_IRQHandler                   0x080001b7   Thumb Code     0  startup_stm32l476xx.o(.text)
    DFSDM1_FLT1_IRQHandler                   0x080001b7   Thumb Code     0  startup_stm32l476xx.o(.text)
    DFSDM1_FLT2_IRQHandler                   0x080001b7   Thumb Code     0  startup_stm32l476xx.o(.text)
    DFSDM1_FLT3_IRQHandler                   0x080001b7   Thumb Code     0  startup_stm32l476xx.o(.text)
    DMA1_Channel2_IRQHandler                 0x080001b7   Thumb Code     0  startup_stm32l476xx.o(.text)
    DMA1_Channel3_IRQHandler                 0x080001b7   Thumb Code     0  startup_stm32l476xx.o(.text)
    DMA2_Channel1_IRQHandler                 0x080001b7   Thumb Code     0  startup_stm32l476xx.o(.text)
    DMA2_Channel2_IRQHandler                 0x080001b7   Thumb Code     0  startup_stm32l476xx.o(.text)
    DMA2_Channel3_IRQHandler                 0x080001b7   Thumb Code     0  startup_stm32l476xx.o(.text)
    DMA2_Channel4_IRQHandler                 0x080001b7   Thumb Code     0  startup_stm32l476xx.o(.text)
    DMA2_Channel5_IRQHandler                 0x080001b7   Thumb Code     0  startup_stm32l476xx.o(.text)
    DMA2_Channel6_IRQHandler                 0x080001b7   Thumb Code     0  startup_stm32l476xx.o(.text)
    DMA2_Channel7_IRQHandler                 0x080001b7   Thumb Code     0  startup_stm32l476xx.o(.text)
    EXTI2_IRQHandler                         0x080001b7   Thumb Code     0  startup_stm32l476xx.o(.text)
    EXTI3_IRQHandler                         0x080001b7   Thumb Code     0  startup_stm32l476xx.o(.text)
    EXTI4_IRQHandler                         0x080001b7   Thumb Code     0  startup_stm32l476xx.o(.text)
    FLASH_IRQHandler                         0x080001b7   Thumb Code     0  startup_stm32l476xx.o(.text)
    FMC_IRQHandler                           0x080001b7   Thumb Code     0  startup_stm32l476xx.o(.text)
    FPU_IRQHandler                           0x080001b7   Thumb Code     0  startup_stm32l476xx.o(.text)
    I2C1_ER_IRQHandler                       0x080001b7   Thumb Code     0  startup_stm32l476xx.o(.text)
    I2C1_EV_IRQHandler                       0x080001b7   Thumb Code     0  startup_stm32l476xx.o(.text)
    I2C2_ER_IRQHandler                       0x080001b7   Thumb Code     0  startup_stm32l476xx.o(.text)
    I2C2_EV_IRQHandler                       0x080001b7   Thumb Code     0  startup_stm32l476xx.o(.text)
    I2C3_ER_IRQHandler                       0x080001b7   Thumb Code     0  startup_stm32l476xx.o(.text)
    I2C3_EV_IRQHandler                       0x080001b7   Thumb Code     0  startup_stm32l476xx.o(.text)
    LCD_IRQHandler                           0x080001b7   Thumb Code     0  startup_stm32l476xx.o(.text)
    LPTIM1_IRQHandler                        0x080001b7   Thumb Code     0  startup_stm32l476xx.o(.text)
    LPTIM2_IRQHandler                        0x080001b7   Thumb Code     0  startup_stm32l476xx.o(.text)
    LPUART1_IRQHandler                       0x080001b7   Thumb Code     0  startup_stm32l476xx.o(.text)
    OTG_FS_IRQHandler                        0x080001b7   Thumb Code     0  startup_stm32l476xx.o(.text)
    PVD_PVM_IRQHandler                       0x080001b7   Thumb Code     0  startup_stm32l476xx.o(.text)
    QUADSPI_IRQHandler                       0x080001b7   Thumb Code     0  startup_stm32l476xx.o(.text)
    RNG_IRQHandler                           0x080001b7   Thumb Code     0  startup_stm32l476xx.o(.text)
    RTC_Alarm_IRQHandler                     0x080001b7   Thumb Code     0  startup_stm32l476xx.o(.text)
    RTC_WKUP_IRQHandler                      0x080001b7   Thumb Code     0  startup_stm32l476xx.o(.text)
    SAI1_IRQHandler                          0x080001b7   Thumb Code     0  startup_stm32l476xx.o(.text)
    SAI2_IRQHandler                          0x080001b7   Thumb Code     0  startup_stm32l476xx.o(.text)
    SDMMC1_IRQHandler                        0x080001b7   Thumb Code     0  startup_stm32l476xx.o(.text)
    SPI1_IRQHandler                          0x080001b7   Thumb Code     0  startup_stm32l476xx.o(.text)
    SPI2_IRQHandler                          0x080001b7   Thumb Code     0  startup_stm32l476xx.o(.text)
    SPI3_IRQHandler                          0x080001b7   Thumb Code     0  startup_stm32l476xx.o(.text)
    SWPMI1_IRQHandler                        0x080001b7   Thumb Code     0  startup_stm32l476xx.o(.text)
    TAMP_STAMP_IRQHandler                    0x080001b7   Thumb Code     0  startup_stm32l476xx.o(.text)
    TIM3_IRQHandler                          0x080001b7   Thumb Code     0  startup_stm32l476xx.o(.text)
    TIM4_IRQHandler                          0x080001b7   Thumb Code     0  startup_stm32l476xx.o(.text)
    TIM5_IRQHandler                          0x080001b7   Thumb Code     0  startup_stm32l476xx.o(.text)
    TIM8_BRK_IRQHandler                      0x080001b7   Thumb Code     0  startup_stm32l476xx.o(.text)
    TIM8_CC_IRQHandler                       0x080001b7   Thumb Code     0  startup_stm32l476xx.o(.text)
    TIM8_TRG_COM_IRQHandler                  0x080001b7   Thumb Code     0  startup_stm32l476xx.o(.text)
    TIM8_UP_IRQHandler                       0x080001b7   Thumb Code     0  startup_stm32l476xx.o(.text)
    TSC_IRQHandler                           0x080001b7   Thumb Code     0  startup_stm32l476xx.o(.text)
    UART4_IRQHandler                         0x080001b7   Thumb Code     0  startup_stm32l476xx.o(.text)
    UART5_IRQHandler                         0x080001b7   Thumb Code     0  startup_stm32l476xx.o(.text)
    USART3_IRQHandler                        0x080001b7   Thumb Code     0  startup_stm32l476xx.o(.text)
    WWDG_IRQHandler                          0x080001b7   Thumb Code     0  startup_stm32l476xx.o(.text)
    __aeabi_uldivmod                         0x080001c1   Thumb Code    98  uldiv.o(.text)
    __aeabi_memset                           0x08000229   Thumb Code    14  memseta.o(.text)
    __aeabi_memset4                          0x08000229   Thumb Code     0  memseta.o(.text)
    __aeabi_memset8                          0x08000229   Thumb Code     0  memseta.o(.text)
    __aeabi_memclr                           0x08000237   Thumb Code     4  memseta.o(.text)
    __aeabi_memclr4                          0x08000237   Thumb Code     0  memseta.o(.text)
    __aeabi_memclr8                          0x08000237   Thumb Code     0  memseta.o(.text)
    _memset$wrapper                          0x0800023b   Thumb Code    18  memseta.o(.text)
    __aeabi_dadd                             0x0800024d   Thumb Code   322  dadd.o(.text)
    __aeabi_dsub                             0x0800038f   Thumb Code     6  dadd.o(.text)
    __aeabi_drsub                            0x08000395   Thumb Code     6  dadd.o(.text)
    __aeabi_dmul                             0x080003ab   Thumb Code   228  dmul.o(.text)
    __aeabi_ddiv                             0x08000495   Thumb Code   222  ddiv.o(.text)
    __aeabi_ui2d                             0x08000573   Thumb Code    26  dfltui.o(.text)
    __aeabi_d2iz                             0x0800058d   Thumb Code    62  dfixi.o(.text)
    __aeabi_d2uiz                            0x080005cb   Thumb Code    50  dfixui.o(.text)
    __aeabi_llsl                             0x080005fd   Thumb Code    30  llshl.o(.text)
    _ll_shift_l                              0x080005fd   Thumb Code     0  llshl.o(.text)
    __aeabi_llsr                             0x0800061b   Thumb Code    32  llushr.o(.text)
    _ll_ushift_r                             0x0800061b   Thumb Code     0  llushr.o(.text)
    __aeabi_lasr                             0x0800063b   Thumb Code    36  llsshr.o(.text)
    _ll_sshift_r                             0x0800063b   Thumb Code     0  llsshr.o(.text)
    __I$use$fp                               0x0800065f   Thumb Code     0  iusefp.o(.text)
    _double_round                            0x0800065f   Thumb Code    30  depilogue.o(.text)
    _double_epilogue                         0x0800067d   Thumb Code   156  depilogue.o(.text)
    __scatterload                            0x08000719   Thumb Code    28  init.o(.text)
    __scatterload_rt2                        0x08000719   Thumb Code     0  init.o(.text)
    ADC1_2_IRQHandler                        0x0800073d   Thumb Code    10  stm32l4xx_it.o(i.ADC1_2_IRQHandler)
    ADC_DMAConvCplt                          0x0800074d   Thumb Code   146  stm32l4xx_hal_adc.o(i.ADC_DMAConvCplt)
    ADC_DMAError                             0x080007df   Thumb Code    30  stm32l4xx_hal_adc.o(i.ADC_DMAError)
    ADC_DMAHalfConvCplt                      0x080007fd   Thumb Code    14  stm32l4xx_hal_adc.o(i.ADC_DMAHalfConvCplt)
    ADC_Disable                              0x0800080d   Thumb Code   132  stm32l4xx_hal_adc.o(i.ADC_Disable)
    ADC_Enable                               0x08000895   Thumb Code   116  stm32l4xx_hal_adc.o(i.ADC_Enable)
    BusFault_Handler                         0x0800090d   Thumb Code     4  stm32l4xx_it.o(i.BusFault_Handler)
    CAN1_RX0_IRQHandler                      0x08000911   Thumb Code    10  stm32l4xx_it.o(i.CAN1_RX0_IRQHandler)
    CAN1_RX1_IRQHandler                      0x08000921   Thumb Code    10  stm32l4xx_it.o(i.CAN1_RX1_IRQHandler)
    CAN1_SCE_IRQHandler                      0x08000931   Thumb Code    10  stm32l4xx_it.o(i.CAN1_SCE_IRQHandler)
    CAN1_TX_IRQHandler                       0x08000941   Thumb Code    10  stm32l4xx_it.o(i.CAN1_TX_IRQHandler)
    CANBUS                                   0x08000951   Thumb Code   380  main.o(i.CANBUS)
    CAN_Config                               0x08000af5   Thumb Code   118  can_utility.o(i.CAN_Config)
    DMA1_Channel1_IRQHandler                 0x08000b75   Thumb Code    10  stm32l4xx_it.o(i.DMA1_Channel1_IRQHandler)
    DMA1_Channel4_IRQHandler                 0x08000b85   Thumb Code    10  stm32l4xx_it.o(i.DMA1_Channel4_IRQHandler)
    DMA1_Channel5_IRQHandler                 0x08000b95   Thumb Code    10  stm32l4xx_it.o(i.DMA1_Channel5_IRQHandler)
    DMA1_Channel6_IRQHandler                 0x08000ba5   Thumb Code    10  stm32l4xx_it.o(i.DMA1_Channel6_IRQHandler)
    DMA1_Channel7_IRQHandler                 0x08000bb5   Thumb Code    10  stm32l4xx_it.o(i.DMA1_Channel7_IRQHandler)
    DebugMon_Handler                         0x08000bf5   Thumb Code     2  stm32l4xx_it.o(i.DebugMon_Handler)
    Display_uOLED_128_G2                     0x08000bf9   Thumb Code   220  display_uoled.o(i.Display_uOLED_128_G2)
    Display_uOLED_init                       0x08000d11   Thumb Code    38  display_uoled.o(i.Display_uOLED_init)
    EXTI0_IRQHandler                         0x08000d4d   Thumb Code    10  stm32l4xx_it.o(i.EXTI0_IRQHandler)
    EXTI15_10_IRQHandler                     0x08000d57   Thumb Code    28  stm32l4xx_it.o(i.EXTI15_10_IRQHandler)
    EXTI1_IRQHandler                         0x08000d73   Thumb Code    10  stm32l4xx_it.o(i.EXTI1_IRQHandler)
    EXTI9_5_IRQHandler                       0x08000d7d   Thumb Code    32  stm32l4xx_it.o(i.EXTI9_5_IRQHandler)
    Error_Handler                            0x08000d9d   Thumb Code     4  main.o(i.Error_Handler)
    HAL_ADCEx_Calibration_Start              0x08000da1   Thumb Code   224  stm32l4xx_hal_adc_ex.o(i.HAL_ADCEx_Calibration_Start)
    HAL_ADCEx_EndOfSamplingCallback          0x08000ecd   Thumb Code     2  stm32l4xx_hal_adc_ex.o(i.HAL_ADCEx_EndOfSamplingCallback)
    HAL_ADCEx_InjectedConvCpltCallback       0x08000ecf   Thumb Code     2  stm32l4xx_hal_adc_ex.o(i.HAL_ADCEx_InjectedConvCpltCallback)
    HAL_ADCEx_InjectedQueueOverflowCallback  0x08000ed1   Thumb Code     2  stm32l4xx_hal_adc_ex.o(i.HAL_ADCEx_InjectedQueueOverflowCallback)
    HAL_ADCEx_LevelOutOfWindow2Callback      0x08000ed3   Thumb Code     2  stm32l4xx_hal_adc_ex.o(i.HAL_ADCEx_LevelOutOfWindow2Callback)
    HAL_ADCEx_LevelOutOfWindow3Callback      0x08000ed5   Thumb Code     2  stm32l4xx_hal_adc_ex.o(i.HAL_ADCEx_LevelOutOfWindow3Callback)
    HAL_ADCEx_MultiModeConfigChannel         0x08000ed9   Thumb Code   486  stm32l4xx_hal_adc_ex.o(i.HAL_ADCEx_MultiModeConfigChannel)
    HAL_ADC_ConfigChannel                    0x0800110d   Thumb Code  2456  stm32l4xx_hal_adc.o(i.HAL_ADC_ConfigChannel)
    HAL_ADC_ConvCpltCallback                 0x08001ac9   Thumb Code   568  main.o(i.HAL_ADC_ConvCpltCallback)
    HAL_ADC_ConvHalfCpltCallback             0x08001d75   Thumb Code     2  stm32l4xx_hal_adc.o(i.HAL_ADC_ConvHalfCpltCallback)
    HAL_ADC_ErrorCallback                    0x08001d77   Thumb Code     2  stm32l4xx_hal_adc.o(i.HAL_ADC_ErrorCallback)
    HAL_ADC_IRQHandler                       0x08001d79   Thumb Code   858  stm32l4xx_hal_adc.o(i.HAL_ADC_IRQHandler)
    HAL_ADC_Init                             0x08002125   Thumb Code  1458  stm32l4xx_hal_adc.o(i.HAL_ADC_Init)
    HAL_ADC_LevelOutOfWindowCallback         0x080026dd   Thumb Code     2  stm32l4xx_hal_adc.o(i.HAL_ADC_LevelOutOfWindowCallback)
    HAL_ADC_MspInit                          0x080026e1   Thumb Code   222  adc.o(i.HAL_ADC_MspInit)
    HAL_ADC_Start_DMA                        0x080027d5   Thumb Code   288  stm32l4xx_hal_adc.o(i.HAL_ADC_Start_DMA)
    HAL_CAN_ActivateNotification             0x08002949   Thumb Code    62  stm32l4xx_hal_can.o(i.HAL_CAN_ActivateNotification)
    HAL_CAN_AddTxMessage                     0x080029c5   Thumb Code   436  stm32l4xx_hal_can.o(i.HAL_CAN_AddTxMessage)
    HAL_CAN_ConfigFilter                     0x08002bb1   Thumb Code   462  stm32l4xx_hal_can.o(i.HAL_CAN_ConfigFilter)
    HAL_CAN_ErrorCallback                    0x08002db9   Thumb Code     2  stm32l4xx_hal_can.o(i.HAL_CAN_ErrorCallback)
    HAL_CAN_GetRxMessage                     0x08002dbd   Thumb Code   412  stm32l4xx_hal_can.o(i.HAL_CAN_GetRxMessage)
    HAL_CAN_IRQHandler                       0x08002f91   Thumb Code   590  stm32l4xx_hal_can.o(i.HAL_CAN_IRQHandler)
    HAL_CAN_Init                             0x080031e5   Thumb Code   836  stm32l4xx_hal_can.o(i.HAL_CAN_Init)
    HAL_CAN_MspInit                          0x08003565   Thumb Code   174  can.o(i.HAL_CAN_MspInit)
    HAL_CAN_RxFifo0FullCallback              0x08003621   Thumb Code     2  stm32l4xx_hal_can.o(i.HAL_CAN_RxFifo0FullCallback)
    HAL_CAN_RxFifo0MsgPendingCallback        0x08003625   Thumb Code    24  can_utility.o(i.HAL_CAN_RxFifo0MsgPendingCallback)
    HAL_CAN_RxFifo1FullCallback              0x08003645   Thumb Code     2  stm32l4xx_hal_can.o(i.HAL_CAN_RxFifo1FullCallback)
    HAL_CAN_RxFifo1MsgPendingCallback        0x08003647   Thumb Code     2  stm32l4xx_hal_can.o(i.HAL_CAN_RxFifo1MsgPendingCallback)
    HAL_CAN_SleepCallback                    0x08003649   Thumb Code     2  stm32l4xx_hal_can.o(i.HAL_CAN_SleepCallback)
    HAL_CAN_Start                            0x0800364b   Thumb Code    94  stm32l4xx_hal_can.o(i.HAL_CAN_Start)
    HAL_CAN_TxMailbox0AbortCallback          0x080036a9   Thumb Code     2  stm32l4xx_hal_can.o(i.HAL_CAN_TxMailbox0AbortCallback)
    HAL_CAN_TxMailbox0CompleteCallback       0x080036ad   Thumb Code    20  main.o(i.HAL_CAN_TxMailbox0CompleteCallback)
    HAL_CAN_TxMailbox1AbortCallback          0x080036c9   Thumb Code     2  stm32l4xx_hal_can.o(i.HAL_CAN_TxMailbox1AbortCallback)
    HAL_CAN_TxMailbox1CompleteCallback       0x080036cb   Thumb Code     2  stm32l4xx_hal_can.o(i.HAL_CAN_TxMailbox1CompleteCallback)
    HAL_CAN_TxMailbox2AbortCallback          0x080036cd   Thumb Code     2  stm32l4xx_hal_can.o(i.HAL_CAN_TxMailbox2AbortCallback)
    HAL_CAN_TxMailbox2CompleteCallback       0x080036cf   Thumb Code     2  stm32l4xx_hal_can.o(i.HAL_CAN_TxMailbox2CompleteCallback)
    HAL_CAN_WakeUpFromRxMsgCallback          0x080036d1   Thumb Code     2  stm32l4xx_hal_can.o(i.HAL_CAN_WakeUpFromRxMsgCallback)
    HAL_DMA_Abort_IT                         0x080036d3   Thumb Code    92  stm32l4xx_hal_dma.o(i.HAL_DMA_Abort_IT)
    HAL_DMA_IRQHandler                       0x0800372f   Thumb Code   254  stm32l4xx_hal_dma.o(i.HAL_DMA_IRQHandler)
    HAL_DMA_Init                             0x0800382d   Thumb Code   646  stm32l4xx_hal_dma.o(i.HAL_DMA_Init)
    HAL_DMA_Start_IT                         0x08003af5   Thumb Code   176  stm32l4xx_hal_dma.o(i.HAL_DMA_Start_IT)
    HAL_Delay                                0x08003bdd   Thumb Code    32  stm32l4xx_hal.o(i.HAL_Delay)
    HAL_GPIO_EXTI_Callback                   0x08003bfd   Thumb Code   206  main.o(i.HAL_GPIO_EXTI_Callback)
    HAL_GPIO_EXTI_IRQHandler                 0x08003cf5   Thumb Code    24  stm32l4xx_hal_gpio.o(i.HAL_GPIO_EXTI_IRQHandler)
    HAL_GPIO_Init                            0x08003d11   Thumb Code   820  stm32l4xx_hal_gpio.o(i.HAL_GPIO_Init)
    HAL_GPIO_ReadPin                         0x080040c1   Thumb Code    44  stm32l4xx_hal_gpio.o(i.HAL_GPIO_ReadPin)
    HAL_GPIO_TogglePin                       0x08004129   Thumb Code    36  stm32l4xx_hal_gpio.o(i.HAL_GPIO_TogglePin)
    HAL_GPIO_WritePin                        0x08004189   Thumb Code    58  stm32l4xx_hal_gpio.o(i.HAL_GPIO_WritePin)
    HAL_GetTick                              0x08004201   Thumb Code     6  stm32l4xx_hal.o(i.HAL_GetTick)
    HAL_I2CEx_ConfigAnalogFilter             0x0800420d   Thumb Code   162  stm32l4xx_hal_i2c_ex.o(i.HAL_I2CEx_ConfigAnalogFilter)
    HAL_I2CEx_ConfigDigitalFilter            0x080042f9   Thumb Code   152  stm32l4xx_hal_i2c_ex.o(i.HAL_I2CEx_ConfigDigitalFilter)
    HAL_I2C_Init                             0x080043d9   Thumb Code   420  stm32l4xx_hal_i2c.o(i.HAL_I2C_Init)
    HAL_I2C_MspInit                          0x080045c5   Thumb Code   110  i2c.o(i.HAL_I2C_MspInit)
    HAL_IncTick                              0x08004641   Thumb Code    12  stm32l4xx_hal.o(i.HAL_IncTick)
    HAL_Init                                 0x08004651   Thumb Code    30  stm32l4xx_hal.o(i.HAL_Init)
    HAL_InitTick                             0x08004671   Thumb Code    44  stm32l4xx_hal.o(i.HAL_InitTick)
    HAL_MspInit                              0x080046a1   Thumb Code    74  stm32l4xx_hal_msp.o(i.HAL_MspInit)
    HAL_NVIC_EnableIRQ                       0x080046f1   Thumb Code    44  stm32l4xx_hal_cortex.o(i.HAL_NVIC_EnableIRQ)
    HAL_NVIC_SetPriority                     0x08004759   Thumb Code   152  stm32l4xx_hal_cortex.o(i.HAL_NVIC_SetPriority)
    HAL_NVIC_SetPriorityGrouping             0x08004835   Thumb Code    66  stm32l4xx_hal_cortex.o(i.HAL_NVIC_SetPriorityGrouping)
    HAL_PWREx_ControlVoltageScaling          0x080048bd   Thumb Code   152  stm32l4xx_hal_pwr_ex.o(i.HAL_PWREx_ControlVoltageScaling)
    HAL_PWREx_GetVoltageRange                0x0800499d   Thumb Code    10  stm32l4xx_hal_pwr_ex.o(i.HAL_PWREx_GetVoltageRange)
    HAL_RCCEx_PeriphCLKConfig                0x080049ad   Thumb Code  2278  stm32l4xx_hal_rcc_ex.o(i.HAL_RCCEx_PeriphCLKConfig)
    HAL_RCC_ClockConfig                      0x08005299   Thumb Code   606  stm32l4xx_hal_rcc.o(i.HAL_RCC_ClockConfig)
    HAL_RCC_GetHCLKFreq                      0x08005541   Thumb Code     6  stm32l4xx_hal_rcc.o(i.HAL_RCC_GetHCLKFreq)
    HAL_RCC_GetPCLK1Freq                     0x0800554d   Thumb Code    26  stm32l4xx_hal_rcc.o(i.HAL_RCC_GetPCLK1Freq)
    HAL_RCC_GetPCLK2Freq                     0x08005571   Thumb Code    26  stm32l4xx_hal_rcc.o(i.HAL_RCC_GetPCLK2Freq)
    HAL_RCC_GetSysClockFreq                  0x08005595   Thumb Code   266  stm32l4xx_hal_rcc.o(i.HAL_RCC_GetSysClockFreq)
    HAL_RCC_OscConfig                        0x080056ad   Thumb Code  2122  stm32l4xx_hal_rcc.o(i.HAL_RCC_OscConfig)
    HAL_SMBUS_EnableAlert_IT                 0x08005efd   Thumb Code    36  stm32l4xx_hal_smbus.o(i.HAL_SMBUS_EnableAlert_IT)
    HAL_SMBUS_Init                           0x08005f21   Thumb Code   554  stm32l4xx_hal_smbus.o(i.HAL_SMBUS_Init)
    HAL_SMBUS_MspInit                        0x08006199   Thumb Code   112  i2c.o(i.HAL_SMBUS_MspInit)
    HAL_SPI_Init                             0x08006215   Thumb Code   598  stm32l4xx_hal_spi.o(i.HAL_SPI_Init)
    HAL_SPI_MspInit                          0x080064b1   Thumb Code   110  spi.o(i.HAL_SPI_MspInit)
    HAL_SYSTICK_Config                       0x08006529   Thumb Code    52  stm32l4xx_hal_cortex.o(i.HAL_SYSTICK_Config)
    HAL_TIMEx_Break2Callback                 0x0800655d   Thumb Code     2  stm32l4xx_hal_tim_ex.o(i.HAL_TIMEx_Break2Callback)
    HAL_TIMEx_BreakCallback                  0x0800655f   Thumb Code     2  stm32l4xx_hal_tim_ex.o(i.HAL_TIMEx_BreakCallback)
    HAL_TIMEx_CommutationCallback            0x08006561   Thumb Code     2  stm32l4xx_hal_tim_ex.o(i.HAL_TIMEx_CommutationCallback)
    HAL_TIMEx_MasterConfigSynchronization    0x08006565   Thumb Code   426  stm32l4xx_hal_tim_ex.o(i.HAL_TIMEx_MasterConfigSynchronization)
    HAL_TIM_Base_Init                        0x0800676d   Thumb Code   246  stm32l4xx_hal_tim.o(i.HAL_TIM_Base_Init)
    HAL_TIM_Base_MspInit                     0x080068c5   Thumb Code   430  tim.o(i.HAL_TIM_Base_MspInit)
    HAL_TIM_Base_Start_IT                    0x08006a91   Thumb Code   164  stm32l4xx_hal_tim.o(i.HAL_TIM_Base_Start_IT)
    HAL_TIM_Base_Stop_IT                     0x08006b99   Thumb Code   158  stm32l4xx_hal_tim.o(i.HAL_TIM_Base_Stop_IT)
    HAL_TIM_ConfigClockSource                0x08006c99   Thumb Code  1348  stm32l4xx_hal_tim.o(i.HAL_TIM_ConfigClockSource)
    HAL_TIM_IC_CaptureCallback               0x080071f5   Thumb Code     2  stm32l4xx_hal_tim.o(i.HAL_TIM_IC_CaptureCallback)
    HAL_TIM_IRQHandler                       0x080071f7   Thumb Code   440  stm32l4xx_hal_tim.o(i.HAL_TIM_IRQHandler)
    HAL_TIM_OC_DelayElapsedCallback          0x080073af   Thumb Code     2  stm32l4xx_hal_tim.o(i.HAL_TIM_OC_DelayElapsedCallback)
    HAL_TIM_PWM_PulseFinishedCallback        0x080073b1   Thumb Code     2  stm32l4xx_hal_tim.o(i.HAL_TIM_PWM_PulseFinishedCallback)
    HAL_TIM_PeriodElapsedCallback            0x080073b5   Thumb Code   422  main.o(i.HAL_TIM_PeriodElapsedCallback)
    HAL_TIM_TriggerCallback                  0x080075bd   Thumb Code     2  stm32l4xx_hal_tim.o(i.HAL_TIM_TriggerCallback)
    HAL_UARTEx_WakeupCallback                0x080075bf   Thumb Code     2  stm32l4xx_hal_uart_ex.o(i.HAL_UARTEx_WakeupCallback)
    HAL_UART_ErrorCallback                   0x080075c1   Thumb Code     2  stm32l4xx_hal_uart.o(i.HAL_UART_ErrorCallback)
    HAL_UART_IRQHandler                      0x080075c5   Thumb Code   392  stm32l4xx_hal_uart.o(i.HAL_UART_IRQHandler)
    HAL_UART_Init                            0x08007751   Thumb Code   238  stm32l4xx_hal_uart.o(i.HAL_UART_Init)
    HAL_UART_MspInit                         0x08007895   Thumb Code   454  usart.o(i.HAL_UART_MspInit)
    HAL_UART_Transmit_DMA                    0x08007a81   Thumb Code   142  stm32l4xx_hal_uart.o(i.HAL_UART_Transmit_DMA)
    HAL_UART_TxCpltCallback                  0x08007b1d   Thumb Code     2  main.o(i.HAL_UART_TxCpltCallback)
    HAL_UART_TxHalfCpltCallback              0x08007b1f   Thumb Code     2  stm32l4xx_hal_uart.o(i.HAL_UART_TxHalfCpltCallback)
    HardFault_Handler                        0x08007b21   Thumb Code     4  stm32l4xx_it.o(i.HardFault_Handler)
    MX_ADC1_Init                             0x08007c11   Thumb Code   340  adc.o(i.MX_ADC1_Init)
    MX_CAN1_Init                             0x08007d91   Thumb Code    58  can.o(i.MX_CAN1_Init)
    MX_DMA_Init                              0x08007dd5   Thumb Code   112  dma.o(i.MX_DMA_Init)
    MX_GPIO_Init                             0x08007e49   Thumb Code   648  gpio.o(i.MX_GPIO_Init)
    MX_I2C1_Init                             0x080080ed   Thumb Code    74  i2c.o(i.MX_I2C1_Init)
    MX_I2C2_SMBUS_Init                       0x08008145   Thumb Code    72  i2c.o(i.MX_I2C2_SMBUS_Init)
    MX_SPI1_Init                             0x08008199   Thumb Code    66  spi.o(i.MX_SPI1_Init)
    MX_TIM15_Init                            0x080081e5   Thumb Code   104  tim.o(i.MX_TIM15_Init)
    MX_TIM16_Init                            0x08008255   Thumb Code    44  tim.o(i.MX_TIM16_Init)
    MX_TIM17_Init                            0x08008289   Thumb Code    46  tim.o(i.MX_TIM17_Init)
    MX_TIM1_Init                             0x080082c1   Thumb Code   106  tim.o(i.MX_TIM1_Init)
    MX_TIM2_Init                             0x08008335   Thumb Code   104  tim.o(i.MX_TIM2_Init)
    MX_TIM6_Init                             0x080083a1   Thumb Code    66  tim.o(i.MX_TIM6_Init)
    MX_TIM7_Init                             0x080083ed   Thumb Code    68  tim.o(i.MX_TIM7_Init)
    MX_USART1_UART_Init                      0x08008439   Thumb Code    56  usart.o(i.MX_USART1_UART_Init)
    MX_USART2_UART_Init                      0x08008479   Thumb Code    56  usart.o(i.MX_USART2_UART_Init)
    MemManage_Handler                        0x080084b9   Thumb Code     4  stm32l4xx_it.o(i.MemManage_Handler)
    NMI_Handler                              0x080084bd   Thumb Code     2  stm32l4xx_it.o(i.NMI_Handler)
    PendSV_Handler                           0x080084f9   Thumb Code     2  stm32l4xx_it.o(i.PendSV_Handler)
    RCC_IRQHandler                           0x08008a11   Thumb Code     2  stm32l4xx_it.o(i.RCC_IRQHandler)
    SVC_Handler                              0x08008af3   Thumb Code     2  stm32l4xx_it.o(i.SVC_Handler)
    SysTick_Handler                          0x08008af5   Thumb Code     8  stm32l4xx_it.o(i.SysTick_Handler)
    SystemClock_Config                       0x08008afd   Thumb Code   126  main.o(i.SystemClock_Config)
    SystemInit                               0x08008b7d   Thumb Code    68  system_stm32l4xx.o(i.SystemInit)
    TIM1_BRK_TIM15_IRQHandler                0x08008bcd   Thumb Code    16  stm32l4xx_it.o(i.TIM1_BRK_TIM15_IRQHandler)
    TIM1_CC_IRQHandler                       0x08008be5   Thumb Code    10  stm32l4xx_it.o(i.TIM1_CC_IRQHandler)
    TIM1_TRG_COM_TIM17_IRQHandler            0x08008bf5   Thumb Code    16  stm32l4xx_it.o(i.TIM1_TRG_COM_TIM17_IRQHandler)
    TIM1_UP_TIM16_IRQHandler                 0x08008c0d   Thumb Code    16  stm32l4xx_it.o(i.TIM1_UP_TIM16_IRQHandler)
    TIM2_IRQHandler                          0x08008c25   Thumb Code    10  stm32l4xx_it.o(i.TIM2_IRQHandler)
    TIM6_DAC_IRQHandler                      0x08008c35   Thumb Code    10  stm32l4xx_it.o(i.TIM6_DAC_IRQHandler)
    TIM7_IRQHandler                          0x08008c45   Thumb Code    10  stm32l4xx_it.o(i.TIM7_IRQHandler)
    TIM_Base_SetConfig                       0x08008c55   Thumb Code   170  stm32l4xx_hal_tim.o(i.TIM_Base_SetConfig)
    TIM_ETR_SetConfig                        0x08008d21   Thumb Code    22  stm32l4xx_hal_tim.o(i.TIM_ETR_SetConfig)
    UART_AdvFeatureConfig                    0x08008d99   Thumb Code   554  stm32l4xx_hal_uart.o(i.UART_AdvFeatureConfig)
    UART_CheckIdleState                      0x08009015   Thumb Code   116  stm32l4xx_hal_uart.o(i.UART_CheckIdleState)
    UART_SetConfig                           0x08009199   Thumb Code  1476  stm32l4xx_hal_uart.o(i.UART_SetConfig)
    UART_WaitOnFlagUntilTimeout              0x0800976b   Thumb Code   108  stm32l4xx_hal_uart.o(i.UART_WaitOnFlagUntilTimeout)
    USART1_IRQHandler                        0x080097d9   Thumb Code    10  stm32l4xx_it.o(i.USART1_IRQHandler)
    USART2_IRQHandler                        0x080097e9   Thumb Code    10  stm32l4xx_it.o(i.USART2_IRQHandler)
    UsageFault_Handler                       0x080097f9   Thumb Code     4  stm32l4xx_it.o(i.UsageFault_Handler)
    __scatterload_copy                       0x080097fd   Thumb Code    14  handlers.o(i.__scatterload_copy)
    __scatterload_null                       0x0800980b   Thumb Code     2  handlers.o(i.__scatterload_null)
    __scatterload_zeroinit                   0x0800980d   Thumb Code    14  handlers.o(i.__scatterload_zeroinit)
    assert_failed                            0x0800981b   Thumb Code     2  main.o(i.assert_failed)
    calcMean                                 0x0800981d   Thumb Code   412  main.o(i.calcMean)
    checkHSM                                 0x080099e5   Thumb Code    80  main.o(i.checkHSM)
    dcdc_management                          0x08009a39   Thumb Code  1482  main.o(i.dcdc_management)
    displayCharge                            0x0800a02d   Thumb Code   436  main.o(i.displayCharge)
    lightupLed                               0x0800a1f1   Thumb Code   148  main.o(i.lightupLed)
    main                                     0x0800a28d   Thumb Code   210  main.o(i.main)
    AHBPrescTable                            0x0800a38c   Data          16  system_stm32l4xx.o(.constdata)
    APBPrescTable                            0x0800a39c   Data           8  system_stm32l4xx.o(.constdata)
    MSIRangeTable                            0x0800a3a4   Data          48  system_stm32l4xx.o(.constdata)
    Region$$Table$$Base                      0x0800a3d4   Number         0  anon$$obj.o(Region$$Table)
    Region$$Table$$Limit                     0x0800a3f4   Number         0  anon$$obj.o(Region$$Table)
    RxCanBuffer                              0x20000000   Data           4  can_utility.o(.data)
    ubKeyNumber                              0x20000004   Data           1  can_utility.o(.data)
    TxData                                   0x20000005   Data           8  can_utility.o(.data)
    RxData                                   0x2000000d   Data           8  can_utility.o(.data)
    TxMailbox                                0x20000018   Data           4  can_utility.o(.data)
    Firmware_vers                            0x2000001c   Data           1  bat_b.o(.data)
    Revision_vers                            0x2000001d   Data           1  bat_b.o(.data)
    Build_number                             0x2000001e   Data           1  bat_b.o(.data)
    vtol                                     0x20000020   Data           4  bat_b.o(.data)
    vhyst                                    0x20000024   Data           4  bat_b.o(.data)
    Battery_charge                           0x20000028   Data           2  bat_b.o(.data)
    PB1_debounce                             0x2000002a   Data           1  bat_b.o(.data)
    PB1_restart                              0x2000002b   Data           1  bat_b.o(.data)
    PB1_status                               0x2000002c   Data           1  bat_b.o(.data)
    PB1_counter_debounce                     0x2000002d   Data           1  bat_b.o(.data)
    PB2_debounce                             0x2000002e   Data           1  bat_b.o(.data)
    PB2_restart                              0x2000002f   Data           1  bat_b.o(.data)
    PB2_status                               0x20000030   Data           1  bat_b.o(.data)
    PB2_counter_debounce                     0x20000031   Data           1  bat_b.o(.data)
    int_fault                                0x20000032   Data           1  bat_b.o(.data)
    filter_fault_gpio                        0x20000033   Data           1  bat_b.o(.data)
    fault_button                             0x20000034   Data           1  bat_b.o(.data)
    timer_debounce                           0x20000035   Data           1  bat_b.o(.data)
    timer_restart                            0x20000036   Data           1  bat_b.o(.data)
    timer_delay_dcdc                         0x20000038   Data           2  bat_b.o(.data)
    timer_delay_board                        0x2000003a   Data           2  bat_b.o(.data)
    timer_delay_motor                        0x2000003c   Data           2  bat_b.o(.data)
    timer_delay_board_max                    0x2000003e   Data           2  bat_b.o(.data)
    timer_delay_motor_max                    0x20000040   Data           2  bat_b.o(.data)
    timer_delay_dcdc_max                     0x20000042   Data           2  bat_b.o(.data)
    blink_ds                                 0x20000044   Data           4  bat_b.o(.data)
    toggle_1s                                0x20000048   Data           1  bat_b.o(.data)
    toggle_100ms                             0x20000049   Data           1  bat_b.o(.data)
    I_V12board_MAX                           0x2000004a   Data           2  bat_b.o(.data)
    I_V12motor_MAX                           0x2000004c   Data           2  bat_b.o(.data)
    I_HSM_MAX                                0x2000004e   Data           2  bat_b.o(.data)
    timer_fault_board                        0x20000050   Data           2  bat_b.o(.data)
    timer_fault_motors                       0x20000052   Data           2  bat_b.o(.data)
    timer_fault_HSM                          0x20000054   Data           2  bat_b.o(.data)
    timer_mosfet_broken                      0x20000056   Data           2  bat_b.o(.data)
    timer_rearmHSM                           0x20000058   Data           2  bat_b.o(.data)
    rearmHSM_timevalue                       0x2000005a   Data           2  bat_b.o(.data)
    V12board                                 0x2000005c   Data           1  bat_b.o(.data)
    V12board_F                               0x2000005d   Data           1  bat_b.o(.data)
    V12motor                                 0x2000005e   Data           1  bat_b.o(.data)
    V12motor_F                               0x2000005f   Data           1  bat_b.o(.data)
    HSM_broken                               0x20000060   Data           1  bat_b.o(.data)
    HSM                                      0x20000061   Data           1  bat_b.o(.data)
    DCrestart                                0x20000062   Data           1  bat_b.o(.data)
    V12board_bdc                             0x20000063   Data           1  bat_b.o(.data)
    V12motor_bdc                             0x20000064   Data           1  bat_b.o(.data)
    state_fsm                                0x20000065   Data           1  bat_b.o(.data)
    state_fsm_boards                         0x20000066   Data           1  bat_b.o(.data)
    state_fsm_motors                         0x20000067   Data           1  bat_b.o(.data)
    state_fsm_prev                           0x20000068   Data           1  bat_b.o(.data)
    state_fsm_boards_prev                    0x20000069   Data           1  bat_b.o(.data)
    state_fsm_motors_prev                    0x2000006a   Data           1  bat_b.o(.data)
    timerFSM                                 0x2000006b   Data           1  bat_b.o(.data)
    timerFSM_boards                          0x2000006c   Data           1  bat_b.o(.data)
    timerFSM_motors                          0x2000006d   Data           1  bat_b.o(.data)
    DCDC_status_A                            0x2000006e   Data           1  bat_b.o(.data)
    DCDC_status_B                            0x2000006f   Data           1  bat_b.o(.data)
    DCDC_ctrl                                0x20000070   Data           1  bat_b.o(.data)
    HSM_PG                                   0x20000071   Data           1  bat_b.o(.data)
    HSM_F                                    0x20000072   Data           1  bat_b.o(.data)
    timeout                                  0x20000074   Data           2  bat_b.o(.data)
    time_delay                               0x20000076   Data           2  bat_b.o(.data)
    can_message                              0x20000078   Data           1  bat_b.o(.data)
    UartReady                                0x20000079   Data           1  bat_b.o(.data)
    VTH                                      0x2000007c   Data          28  bat_b.o(.data)
    Battery_high                             0x20000098   Data           2  bat_b.o(.data)
    Battery_low                              0x2000009a   Data           2  bat_b.o(.data)
    adc_sample                               0x2000009c   Data           2  bat_b.o(.data)
    Display_qualifier                        0x2000009e   Data           2  display_uoled.o(.data)
    uwTick                                   0x200000a0   Data           4  stm32l4xx_hal.o(.data)
    SystemCoreClock                          0x200000a4   Data           4  system_stm32l4xx.o(.data)
    TxHeader                                 0x200000a8   Data          24  can_utility.o(.bss)
    RxHeader                                 0x200000c0   Data          28  can_utility.o(.bss)
    adc_measure                              0x200000dc   Data          36  bat_b.o(.bss)
    mean                                     0x20000100   Data          36  bat_b.o(.bss)
    adc_values                               0x20000124   Data          36  bat_b.o(.bss)
    adc_samples                              0x20000148   Data        3200  bat_b.o(.bss)
    uOLED_Parameters                         0x20000dc8   Data          28  display_uoled.o(.bss)
    hadc1                                    0x20000de4   Data         100  adc.o(.bss)
    hdma_adc1                                0x20000e48   Data          72  adc.o(.bss)
    hcan1                                    0x20000e90   Data          40  can.o(.bss)
    hi2c1                                    0x20000eb8   Data          76  i2c.o(.bss)
    hsmbus2                                  0x20000f04   Data          80  i2c.o(.bss)
    hspi1                                    0x20000f54   Data         100  spi.o(.bss)
    htim1                                    0x20000fb8   Data          64  tim.o(.bss)
    htim2                                    0x20000ff8   Data          64  tim.o(.bss)
    htim6                                    0x20001038   Data          64  tim.o(.bss)
    htim7                                    0x20001078   Data          64  tim.o(.bss)
    htim15                                   0x200010b8   Data          64  tim.o(.bss)
    htim16                                   0x200010f8   Data          64  tim.o(.bss)
    htim17                                   0x20001138   Data          64  tim.o(.bss)
    huart1                                   0x20001178   Data         120  usart.o(.bss)
    huart2                                   0x200011f0   Data         120  usart.o(.bss)
    hdma_usart1_tx                           0x20001268   Data          72  usart.o(.bss)
    hdma_usart1_rx                           0x200012b0   Data          72  usart.o(.bss)
    hdma_usart2_tx                           0x200012f8   Data          72  usart.o(.bss)
    hdma_usart2_rx                           0x20001340   Data          72  usart.o(.bss)
    __initial_sp                             0x20001788   Data           0  startup_stm32l476xx.o(STACK)



==============================================================================

Memory Map of the image

  Image Entry point : 0x08000189

  Load Region LR_IROM1 (Base: 0x08000000, Size: 0x0000a49c, Max: 0x00080000, ABSOLUTE)

    Execution Region ER_IROM1 (Base: 0x08000000, Size: 0x0000a3f4, Max: 0x00080000, ABSOLUTE)

    Base Addr    Size         Type   Attr      Idx    E Section Name        Object

    0x08000000   0x00000188   Data   RO            3    RESET               startup_stm32l476xx.o
    0x08000188   0x00000000   Code   RO         5636  * .ARM.Collect$$$$00000000  mc_w.l(entry.o)
    0x08000188   0x00000004   Code   RO         5655    .ARM.Collect$$$$00000001  mc_w.l(entry2.o)
    0x0800018c   0x00000004   Code   RO         5658    .ARM.Collect$$$$00000004  mc_w.l(entry5.o)
    0x08000190   0x00000000   Code   RO         5660    .ARM.Collect$$$$00000008  mc_w.l(entry7b.o)
    0x08000190   0x00000000   Code   RO         5662    .ARM.Collect$$$$0000000A  mc_w.l(entry8b.o)
    0x08000190   0x00000008   Code   RO         5663    .ARM.Collect$$$$0000000B  mc_w.l(entry9a.o)
    0x08000198   0x00000000   Code   RO         5665    .ARM.Collect$$$$0000000D  mc_w.l(entry10a.o)
    0x08000198   0x00000000   Code   RO         5667    .ARM.Collect$$$$0000000F  mc_w.l(entry11a.o)
    0x08000198   0x00000004   Code   RO         5656    .ARM.Collect$$$$00002712  mc_w.l(entry2.o)
    0x0800019c   0x00000024   Code   RO            4    .text               startup_stm32l476xx.o
    0x080001c0   0x00000068   Code   RO         5639    .text               mc_w.l(uldiv.o)
    0x08000228   0x00000024   Code   RO         5641    .text               mc_w.l(memseta.o)
    0x0800024c   0x0000015e   Code   RO         5643    .text               mf_w.l(dadd.o)
    0x080003aa   0x000000ea   Code   RO         5645    .text               mf_w.l(dmul.o)
    0x08000494   0x000000de   Code   RO         5647    .text               mf_w.l(ddiv.o)
    0x08000572   0x0000001a   Code   RO         5649    .text               mf_w.l(dfltui.o)
    0x0800058c   0x0000003e   Code   RO         5651    .text               mf_w.l(dfixi.o)
    0x080005ca   0x00000032   Code   RO         5653    .text               mf_w.l(dfixui.o)
    0x080005fc   0x0000001e   Code   RO         5669    .text               mc_w.l(llshl.o)
    0x0800061a   0x00000020   Code   RO         5671    .text               mc_w.l(llushr.o)
    0x0800063a   0x00000024   Code   RO         5673    .text               mc_w.l(llsshr.o)
    0x0800065e   0x00000000   Code   RO         5675    .text               mc_w.l(iusefp.o)
    0x0800065e   0x000000ba   Code   RO         5676    .text               mf_w.l(depilogue.o)
    0x08000718   0x00000024   Code   RO         5678    .text               mc_w.l(init.o)
    0x0800073c   0x00000010   Code   RO          833    i.ADC1_2_IRQHandler  stm32l4xx_it.o
    0x0800074c   0x00000092   Code   RO         1078    i.ADC_DMAConvCplt   stm32l4xx_hal_adc.o
    0x080007de   0x0000001e   Code   RO         1079    i.ADC_DMAError      stm32l4xx_hal_adc.o
    0x080007fc   0x0000000e   Code   RO         1080    i.ADC_DMAHalfConvCplt  stm32l4xx_hal_adc.o
    0x0800080a   0x00000002   PAD
    0x0800080c   0x00000088   Code   RO         1081    i.ADC_Disable       stm32l4xx_hal_adc.o
    0x08000894   0x00000078   Code   RO         1082    i.ADC_Enable        stm32l4xx_hal_adc.o
    0x0800090c   0x00000004   Code   RO          834    i.BusFault_Handler  stm32l4xx_it.o
    0x08000910   0x00000010   Code   RO          835    i.CAN1_RX0_IRQHandler  stm32l4xx_it.o
    0x08000920   0x00000010   Code   RO          836    i.CAN1_RX1_IRQHandler  stm32l4xx_it.o
    0x08000930   0x00000010   Code   RO          837    i.CAN1_SCE_IRQHandler  stm32l4xx_it.o
    0x08000940   0x00000010   Code   RO          838    i.CAN1_TX_IRQHandler  stm32l4xx_it.o
    0x08000950   0x000001a4   Code   RO          311    i.CANBUS            main.o
    0x08000af4   0x00000080   Code   RO           13    i.CAN_Config        can_utility.o
    0x08000b74   0x00000010   Code   RO          839    i.DMA1_Channel1_IRQHandler  stm32l4xx_it.o
    0x08000b84   0x00000010   Code   RO          840    i.DMA1_Channel4_IRQHandler  stm32l4xx_it.o
    0x08000b94   0x00000010   Code   RO          841    i.DMA1_Channel5_IRQHandler  stm32l4xx_it.o
    0x08000ba4   0x00000010   Code   RO          842    i.DMA1_Channel6_IRQHandler  stm32l4xx_it.o
    0x08000bb4   0x00000010   Code   RO          843    i.DMA1_Channel7_IRQHandler  stm32l4xx_it.o
    0x08000bc4   0x00000030   Code   RO         4989    i.DMA_SetConfig     stm32l4xx_hal_dma.o
    0x08000bf4   0x00000002   Code   RO          844    i.DebugMon_Handler  stm32l4xx_it.o
    0x08000bf6   0x00000002   PAD
    0x08000bf8   0x00000118   Code   RO          213    i.Display_uOLED_128_G2  display_uoled.o
    0x08000d10   0x0000003c   Code   RO          214    i.Display_uOLED_init  display_uoled.o
    0x08000d4c   0x0000000a   Code   RO          845    i.EXTI0_IRQHandler  stm32l4xx_it.o
    0x08000d56   0x0000001c   Code   RO          846    i.EXTI15_10_IRQHandler  stm32l4xx_it.o
    0x08000d72   0x0000000a   Code   RO          847    i.EXTI1_IRQHandler  stm32l4xx_it.o
    0x08000d7c   0x00000020   Code   RO          848    i.EXTI9_5_IRQHandler  stm32l4xx_it.o
    0x08000d9c   0x00000004   Code   RO          312    i.Error_Handler     main.o
    0x08000da0   0x0000012c   Code   RO         1348    i.HAL_ADCEx_Calibration_Start  stm32l4xx_hal_adc_ex.o
    0x08000ecc   0x00000002   Code   RO         1352    i.HAL_ADCEx_EndOfSamplingCallback  stm32l4xx_hal_adc_ex.o
    0x08000ece   0x00000002   Code   RO         1355    i.HAL_ADCEx_InjectedConvCpltCallback  stm32l4xx_hal_adc_ex.o
    0x08000ed0   0x00000002   Code   RO         1358    i.HAL_ADCEx_InjectedQueueOverflowCallback  stm32l4xx_hal_adc_ex.o
    0x08000ed2   0x00000002   Code   RO         1363    i.HAL_ADCEx_LevelOutOfWindow2Callback  stm32l4xx_hal_adc_ex.o
    0x08000ed4   0x00000002   Code   RO         1364    i.HAL_ADCEx_LevelOutOfWindow3Callback  stm32l4xx_hal_adc_ex.o
    0x08000ed6   0x00000002   PAD
    0x08000ed8   0x00000234   Code   RO         1365    i.HAL_ADCEx_MultiModeConfigChannel  stm32l4xx_hal_adc_ex.o
    0x0800110c   0x000009ba   Code   RO         1084    i.HAL_ADC_ConfigChannel  stm32l4xx_hal_adc.o
    0x08001ac6   0x00000002   PAD
    0x08001ac8   0x000002ac   Code   RO          314    i.HAL_ADC_ConvCpltCallback  main.o
    0x08001d74   0x00000002   Code   RO         1086    i.HAL_ADC_ConvHalfCpltCallback  stm32l4xx_hal_adc.o
    0x08001d76   0x00000002   Code   RO         1088    i.HAL_ADC_ErrorCallback  stm32l4xx_hal_adc.o
    0x08001d78   0x000003aa   Code   RO         1092    i.HAL_ADC_IRQHandler  stm32l4xx_hal_adc.o
    0x08002122   0x00000002   PAD
    0x08002124   0x000005b8   Code   RO         1093    i.HAL_ADC_Init      stm32l4xx_hal_adc.o
    0x080026dc   0x00000002   Code   RO         1094    i.HAL_ADC_LevelOutOfWindowCallback  stm32l4xx_hal_adc.o
    0x080026de   0x00000002   PAD
    0x080026e0   0x000000f4   Code   RO          498    i.HAL_ADC_MspInit   adc.o
    0x080027d4   0x00000174   Code   RO         1100    i.HAL_ADC_Start_DMA  stm32l4xx_hal_adc.o
    0x08002948   0x0000007c   Code   RO         1575    i.HAL_CAN_ActivateNotification  stm32l4xx_hal_can.o
    0x080029c4   0x000001ec   Code   RO         1576    i.HAL_CAN_AddTxMessage  stm32l4xx_hal_can.o
    0x08002bb0   0x00000208   Code   RO         1577    i.HAL_CAN_ConfigFilter  stm32l4xx_hal_can.o
    0x08002db8   0x00000002   Code   RO         1580    i.HAL_CAN_ErrorCallback  stm32l4xx_hal_can.o
    0x08002dba   0x00000002   PAD
    0x08002dbc   0x000001d4   Code   RO         1583    i.HAL_CAN_GetRxMessage  stm32l4xx_hal_can.o
    0x08002f90   0x00000254   Code   RO         1587    i.HAL_CAN_IRQHandler  stm32l4xx_hal_can.o
    0x080031e4   0x00000380   Code   RO         1588    i.HAL_CAN_Init      stm32l4xx_hal_can.o
    0x08003564   0x000000bc   Code   RO          540    i.HAL_CAN_MspInit   can.o
    0x08003620   0x00000002   Code   RO         1595    i.HAL_CAN_RxFifo0FullCallback  stm32l4xx_hal_can.o
    0x08003622   0x00000002   PAD
    0x08003624   0x00000020   Code   RO           14    i.HAL_CAN_RxFifo0MsgPendingCallback  can_utility.o
    0x08003644   0x00000002   Code   RO         1597    i.HAL_CAN_RxFifo1FullCallback  stm32l4xx_hal_can.o
    0x08003646   0x00000002   Code   RO         1598    i.HAL_CAN_RxFifo1MsgPendingCallback  stm32l4xx_hal_can.o
    0x08003648   0x00000002   Code   RO         1599    i.HAL_CAN_SleepCallback  stm32l4xx_hal_can.o
    0x0800364a   0x0000005e   Code   RO         1600    i.HAL_CAN_Start     stm32l4xx_hal_can.o
    0x080036a8   0x00000002   Code   RO         1602    i.HAL_CAN_TxMailbox0AbortCallback  stm32l4xx_hal_can.o
    0x080036aa   0x00000002   PAD
    0x080036ac   0x0000001c   Code   RO          315    i.HAL_CAN_TxMailbox0CompleteCallback  main.o
    0x080036c8   0x00000002   Code   RO         1604    i.HAL_CAN_TxMailbox1AbortCallback  stm32l4xx_hal_can.o
    0x080036ca   0x00000002   Code   RO         1605    i.HAL_CAN_TxMailbox1CompleteCallback  stm32l4xx_hal_can.o
    0x080036cc   0x00000002   Code   RO         1606    i.HAL_CAN_TxMailbox2AbortCallback  stm32l4xx_hal_can.o
    0x080036ce   0x00000002   Code   RO         1607    i.HAL_CAN_TxMailbox2CompleteCallback  stm32l4xx_hal_can.o
    0x080036d0   0x00000002   Code   RO         1609    i.HAL_CAN_WakeUpFromRxMsgCallback  stm32l4xx_hal_can.o
    0x080036d2   0x0000005c   Code   RO         4991    i.HAL_DMA_Abort_IT  stm32l4xx_hal_dma.o
    0x0800372e   0x000000fe   Code   RO         4995    i.HAL_DMA_IRQHandler  stm32l4xx_hal_dma.o
    0x0800382c   0x000002c8   Code   RO         4996    i.HAL_DMA_Init      stm32l4xx_hal_dma.o
    0x08003af4   0x000000e8   Code   RO         5000    i.HAL_DMA_Start_IT  stm32l4xx_hal_dma.o
    0x08003bdc   0x00000020   Code   RO         4238    i.HAL_Delay         stm32l4xx_hal.o
    0x08003bfc   0x000000f8   Code   RO          316    i.HAL_GPIO_EXTI_Callback  main.o
    0x08003cf4   0x0000001c   Code   RO         4925    i.HAL_GPIO_EXTI_IRQHandler  stm32l4xx_hal_gpio.o
    0x08003d10   0x000003b0   Code   RO         4926    i.HAL_GPIO_Init     stm32l4xx_hal_gpio.o
    0x080040c0   0x00000068   Code   RO         4928    i.HAL_GPIO_ReadPin  stm32l4xx_hal_gpio.o
    0x08004128   0x00000060   Code   RO         4929    i.HAL_GPIO_TogglePin  stm32l4xx_hal_gpio.o
    0x08004188   0x00000078   Code   RO         4930    i.HAL_GPIO_WritePin  stm32l4xx_hal_gpio.o
    0x08004200   0x0000000c   Code   RO         4242    i.HAL_GetTick       stm32l4xx_hal.o
    0x0800420c   0x000000ec   Code   RO         2265    i.HAL_I2CEx_ConfigAnalogFilter  stm32l4xx_hal_i2c_ex.o
    0x080042f8   0x000000e0   Code   RO         2266    i.HAL_I2CEx_ConfigDigitalFilter  stm32l4xx_hal_i2c_ex.o
    0x080043d8   0x000001ec   Code   RO         1819    i.HAL_I2C_Init      stm32l4xx_hal_i2c.o
    0x080045c4   0x0000007c   Code   RO          606    i.HAL_I2C_MspInit   i2c.o
    0x08004640   0x00000010   Code   RO         4246    i.HAL_IncTick       stm32l4xx_hal.o
    0x08004650   0x0000001e   Code   RO         4247    i.HAL_Init          stm32l4xx_hal.o
    0x0800466e   0x00000002   PAD
    0x08004670   0x00000030   Code   RO         4248    i.HAL_InitTick      stm32l4xx_hal.o
    0x080046a0   0x00000050   Code   RO         1053    i.HAL_MspInit       stm32l4xx_hal_msp.o
    0x080046f0   0x00000068   Code   RO         5467    i.HAL_NVIC_EnableIRQ  stm32l4xx_hal_cortex.o
    0x08004758   0x000000da   Code   RO         5473    i.HAL_NVIC_SetPriority  stm32l4xx_hal_cortex.o
    0x08004832   0x00000002   PAD
    0x08004834   0x00000088   Code   RO         5474    i.HAL_NVIC_SetPriorityGrouping  stm32l4xx_hal_cortex.o
    0x080048bc   0x000000e0   Code   RO         5217    i.HAL_PWREx_ControlVoltageScaling  stm32l4xx_hal_pwr_ex.o
    0x0800499c   0x00000010   Code   RO         5248    i.HAL_PWREx_GetVoltageRange  stm32l4xx_hal_pwr_ex.o
    0x080049ac   0x000008ec   Code   RO         4563    i.HAL_RCCEx_PeriphCLKConfig  stm32l4xx_hal_rcc_ex.o
    0x08005298   0x000002a8   Code   RO         4448    i.HAL_RCC_ClockConfig  stm32l4xx_hal_rcc.o
    0x08005540   0x0000000c   Code   RO         4452    i.HAL_RCC_GetHCLKFreq  stm32l4xx_hal_rcc.o
    0x0800554c   0x00000024   Code   RO         4454    i.HAL_RCC_GetPCLK1Freq  stm32l4xx_hal_rcc.o
    0x08005570   0x00000024   Code   RO         4455    i.HAL_RCC_GetPCLK2Freq  stm32l4xx_hal_rcc.o
    0x08005594   0x00000118   Code   RO         4456    i.HAL_RCC_GetSysClockFreq  stm32l4xx_hal_rcc.o
    0x080056ac   0x00000850   Code   RO         4459    i.HAL_RCC_OscConfig  stm32l4xx_hal_rcc.o
    0x08005efc   0x00000024   Code   RO         2327    i.HAL_SMBUS_EnableAlert_IT  stm32l4xx_hal_smbus.o
    0x08005f20   0x00000278   Code   RO         2332    i.HAL_SMBUS_Init    stm32l4xx_hal_smbus.o
    0x08006198   0x0000007c   Code   RO          608    i.HAL_SMBUS_MspInit  i2c.o
    0x08006214   0x0000029c   Code   RO         2550    i.HAL_SPI_Init      stm32l4xx_hal_spi.o
    0x080064b0   0x00000078   Code   RO          666    i.HAL_SPI_MspInit   spi.o
    0x08006528   0x00000034   Code   RO         5478    i.HAL_SYSTICK_Config  stm32l4xx_hal_cortex.o
    0x0800655c   0x00000002   Code   RO         3542    i.HAL_TIMEx_Break2Callback  stm32l4xx_hal_tim_ex.o
    0x0800655e   0x00000002   Code   RO         3543    i.HAL_TIMEx_BreakCallback  stm32l4xx_hal_tim_ex.o
    0x08006560   0x00000002   Code   RO         3544    i.HAL_TIMEx_CommutationCallback  stm32l4xx_hal_tim_ex.o
    0x08006562   0x00000002   PAD
    0x08006564   0x00000208   Code   RO         3562    i.HAL_TIMEx_MasterConfigSynchronization  stm32l4xx_hal_tim_ex.o
    0x0800676c   0x00000158   Code   RO         2892    i.HAL_TIM_Base_Init  stm32l4xx_hal_tim.o
    0x080068c4   0x000001cc   Code   RO          708    i.HAL_TIM_Base_MspInit  tim.o
    0x08006a90   0x00000108   Code   RO         2897    i.HAL_TIM_Base_Start_IT  stm32l4xx_hal_tim.o
    0x08006b98   0x00000100   Code   RO         2900    i.HAL_TIM_Base_Stop_IT  stm32l4xx_hal_tim.o
    0x08006c98   0x0000055c   Code   RO         2901    i.HAL_TIM_ConfigClockSource  stm32l4xx_hal_tim.o
    0x080071f4   0x00000002   Code   RO         2921    i.HAL_TIM_IC_CaptureCallback  stm32l4xx_hal_tim.o
    0x080071f6   0x000001b8   Code   RO         2934    i.HAL_TIM_IRQHandler  stm32l4xx_hal_tim.o
    0x080073ae   0x00000002   Code   RO         2937    i.HAL_TIM_OC_DelayElapsedCallback  stm32l4xx_hal_tim.o
    0x080073b0   0x00000002   Code   RO         2964    i.HAL_TIM_PWM_PulseFinishedCallback  stm32l4xx_hal_tim.o
    0x080073b2   0x00000002   PAD
    0x080073b4   0x00000208   Code   RO          317    i.HAL_TIM_PeriodElapsedCallback  main.o
    0x080075bc   0x00000002   Code   RO         2975    i.HAL_TIM_TriggerCallback  stm32l4xx_hal_tim.o
    0x080075be   0x00000002   Code   RO         4167    i.HAL_UARTEx_WakeupCallback  stm32l4xx_hal_uart_ex.o
    0x080075c0   0x00000002   Code   RO         3821    i.HAL_UART_ErrorCallback  stm32l4xx_hal_uart.o
    0x080075c2   0x00000002   PAD
    0x080075c4   0x0000018c   Code   RO         3824    i.HAL_UART_IRQHandler  stm32l4xx_hal_uart.o
    0x08007750   0x00000144   Code   RO         3825    i.HAL_UART_Init     stm32l4xx_hal_uart.o
    0x08007894   0x000001ec   Code   RO          786    i.HAL_UART_MspInit  usart.o
    0x08007a80   0x0000009c   Code   RO         3834    i.HAL_UART_Transmit_DMA  stm32l4xx_hal_uart.o
    0x08007b1c   0x00000002   Code   RO          319    i.HAL_UART_TxCpltCallback  main.o
    0x08007b1e   0x00000002   Code   RO         3837    i.HAL_UART_TxHalfCpltCallback  stm32l4xx_hal_uart.o
    0x08007b20   0x00000004   Code   RO          849    i.HardFault_Handler  stm32l4xx_it.o
    0x08007b24   0x00000010   Code   RO         1106    i.LL_ADC_Enable     stm32l4xx_hal_adc.o
    0x08007b34   0x0000000a   Code   RO         1107    i.LL_ADC_GetMultimode  stm32l4xx_hal_adc.o
    0x08007b3e   0x00000012   Code   RO         1108    i.LL_ADC_GetOffsetChannel  stm32l4xx_hal_adc.o
    0x08007b50   0x0000000a   Code   RO         1109    i.LL_ADC_GetResolution  stm32l4xx_hal_adc.o
    0x08007b5a   0x0000000a   Code   RO         1110    i.LL_ADC_INJ_IsConversionOngoing  stm32l4xx_hal_adc.o
    0x08007b64   0x0000000a   Code   RO         1111    i.LL_ADC_IsDisableOngoing  stm32l4xx_hal_adc.o
    0x08007b6e   0x0000000a   Code   RO         1112    i.LL_ADC_IsEnabled  stm32l4xx_hal_adc.o
    0x08007b78   0x0000000a   Code   RO         1377    i.LL_ADC_IsEnabled  stm32l4xx_hal_adc_ex.o
    0x08007b82   0x0000000a   Code   RO         1113    i.LL_ADC_IsInternalRegulatorEnabled  stm32l4xx_hal_adc.o
    0x08007b8c   0x0000000a   Code   RO         1114    i.LL_ADC_REG_IsConversionOngoing  stm32l4xx_hal_adc.o
    0x08007b96   0x0000000a   Code   RO         1378    i.LL_ADC_REG_IsConversionOngoing  stm32l4xx_hal_adc_ex.o
    0x08007ba0   0x00000012   Code   RO         1115    i.LL_ADC_REG_IsTriggerSourceSWStart  stm32l4xx_hal_adc.o
    0x08007bb2   0x00000002   PAD
    0x08007bb4   0x00000010   Code   RO         1116    i.LL_ADC_REG_StartConversion  stm32l4xx_hal_adc.o
    0x08007bc4   0x00000028   Code   RO         1118    i.LL_ADC_SetChannelSamplingTime  stm32l4xx_hal_adc.o
    0x08007bec   0x0000000c   Code   RO         1119    i.LL_ADC_SetCommonPathInternalCh  stm32l4xx_hal_adc.o
    0x08007bf8   0x00000016   Code   RO         1120    i.LL_ADC_SetOffsetState  stm32l4xx_hal_adc.o
    0x08007c0e   0x00000002   PAD
    0x08007c10   0x00000180   Code   RO          499    i.MX_ADC1_Init      adc.o
    0x08007d90   0x00000044   Code   RO          541    i.MX_CAN1_Init      can.o
    0x08007dd4   0x00000074   Code   RO          581    i.MX_DMA_Init       dma.o
    0x08007e48   0x000002a4   Code   RO          473    i.MX_GPIO_Init      gpio.o
    0x080080ec   0x00000058   Code   RO          609    i.MX_I2C1_Init      i2c.o
    0x08008144   0x00000054   Code   RO          610    i.MX_I2C2_SMBUS_Init  i2c.o
    0x08008198   0x0000004c   Code   RO          667    i.MX_SPI1_Init      spi.o
    0x080081e4   0x00000070   Code   RO          709    i.MX_TIM15_Init     tim.o
    0x08008254   0x00000034   Code   RO          710    i.MX_TIM16_Init     tim.o
    0x08008288   0x00000038   Code   RO          711    i.MX_TIM17_Init     tim.o
    0x080082c0   0x00000074   Code   RO          712    i.MX_TIM1_Init      tim.o
    0x08008334   0x0000006c   Code   RO          713    i.MX_TIM2_Init      tim.o
    0x080083a0   0x0000004c   Code   RO          714    i.MX_TIM6_Init      tim.o
    0x080083ec   0x0000004c   Code   RO          715    i.MX_TIM7_Init      tim.o
    0x08008438   0x00000040   Code   RO          787    i.MX_USART1_UART_Init  usart.o
    0x08008478   0x00000040   Code   RO          788    i.MX_USART2_UART_Init  usart.o
    0x080084b8   0x00000004   Code   RO          850    i.MemManage_Handler  stm32l4xx_it.o
    0x080084bc   0x00000002   Code   RO          851    i.NMI_Handler       stm32l4xx_it.o
    0x080084be   0x00000002   PAD
    0x080084c0   0x00000010   Code   RO         5480    i.NVIC_GetPriorityGrouping  stm32l4xx_hal_cortex.o
    0x080084d0   0x00000028   Code   RO         5481    i.NVIC_SetPriority  stm32l4xx_hal_cortex.o
    0x080084f8   0x00000002   Code   RO          852    i.PendSV_Handler    stm32l4xx_it.o
    0x080084fa   0x00000002   PAD
    0x080084fc   0x000002b8   Code   RO         4567    i.RCCEx_PLLSAI1_Config  stm32l4xx_hal_rcc_ex.o
    0x080087b4   0x0000025c   Code   RO         4568    i.RCCEx_PLLSAI2_Config  stm32l4xx_hal_rcc_ex.o
    0x08008a10   0x00000002   Code   RO          853    i.RCC_IRQHandler    stm32l4xx_it.o
    0x08008a12   0x00000002   PAD
    0x08008a14   0x0000009c   Code   RO         4460    i.RCC_SetFlashLatencyFromMSIRange  stm32l4xx_hal_rcc.o
    0x08008ab0   0x00000042   Code   RO         2348    i.SMBUS_Enable_IRQ  stm32l4xx_hal_smbus.o
    0x08008af2   0x00000002   Code   RO          854    i.SVC_Handler       stm32l4xx_it.o
    0x08008af4   0x00000008   Code   RO          855    i.SysTick_Handler   stm32l4xx_it.o
    0x08008afc   0x0000007e   Code   RO          320    i.SystemClock_Config  main.o
    0x08008b7a   0x00000002   PAD
    0x08008b7c   0x00000050   Code   RO         5603    i.SystemInit        system_stm32l4xx.o
    0x08008bcc   0x00000018   Code   RO          856    i.TIM1_BRK_TIM15_IRQHandler  stm32l4xx_it.o
    0x08008be4   0x00000010   Code   RO          857    i.TIM1_CC_IRQHandler  stm32l4xx_it.o
    0x08008bf4   0x00000018   Code   RO          858    i.TIM1_TRG_COM_TIM17_IRQHandler  stm32l4xx_it.o
    0x08008c0c   0x00000018   Code   RO          859    i.TIM1_UP_TIM16_IRQHandler  stm32l4xx_it.o
    0x08008c24   0x00000010   Code   RO          860    i.TIM2_IRQHandler   stm32l4xx_it.o
    0x08008c34   0x00000010   Code   RO          861    i.TIM6_DAC_IRQHandler  stm32l4xx_it.o
    0x08008c44   0x00000010   Code   RO          862    i.TIM7_IRQHandler   stm32l4xx_it.o
    0x08008c54   0x000000cc   Code   RO         2976    i.TIM_Base_SetConfig  stm32l4xx_hal_tim.o
    0x08008d20   0x00000016   Code   RO         2983    i.TIM_ETR_SetConfig  stm32l4xx_hal_tim.o
    0x08008d36   0x00000012   Code   RO         2984    i.TIM_ITRx_SetConfig  stm32l4xx_hal_tim.o
    0x08008d48   0x00000026   Code   RO         2992    i.TIM_TI1_ConfigInputStage  stm32l4xx_hal_tim.o
    0x08008d6e   0x00000028   Code   RO         2994    i.TIM_TI2_ConfigInputStage  stm32l4xx_hal_tim.o
    0x08008d96   0x00000002   PAD
    0x08008d98   0x0000027c   Code   RO         3838    i.UART_AdvFeatureConfig  stm32l4xx_hal_uart.o
    0x08009014   0x00000074   Code   RO         3839    i.UART_CheckIdleState  stm32l4xx_hal_uart.o
    0x08009088   0x00000018   Code   RO         3840    i.UART_DMAAbortOnError  stm32l4xx_hal_uart.o
    0x080090a0   0x00000056   Code   RO         3841    i.UART_DMAError     stm32l4xx_hal_uart.o
    0x080090f6   0x00000038   Code   RO         3846    i.UART_DMATransmitCplt  stm32l4xx_hal_uart.o
    0x0800912e   0x0000000e   Code   RO         3848    i.UART_DMATxHalfCplt  stm32l4xx_hal_uart.o
    0x0800913c   0x00000024   Code   RO         3850    i.UART_EndRxTransfer  stm32l4xx_hal_uart.o
    0x08009160   0x00000022   Code   RO         3851    i.UART_EndTransmit_IT  stm32l4xx_hal_uart.o
    0x08009182   0x00000014   Code   RO         3852    i.UART_EndTxTransfer  stm32l4xx_hal_uart.o
    0x08009196   0x00000002   PAD
    0x08009198   0x000005d2   Code   RO         3855    i.UART_SetConfig    stm32l4xx_hal_uart.o
    0x0800976a   0x0000006c   Code   RO         3858    i.UART_WaitOnFlagUntilTimeout  stm32l4xx_hal_uart.o
    0x080097d6   0x00000002   PAD
    0x080097d8   0x00000010   Code   RO          863    i.USART1_IRQHandler  stm32l4xx_it.o
    0x080097e8   0x00000010   Code   RO          864    i.USART2_IRQHandler  stm32l4xx_it.o
    0x080097f8   0x00000004   Code   RO          865    i.UsageFault_Handler  stm32l4xx_it.o
    0x080097fc   0x0000000e   Code   RO         5682    i.__scatterload_copy  mc_w.l(handlers.o)
    0x0800980a   0x00000002   Code   RO         5683    i.__scatterload_null  mc_w.l(handlers.o)
    0x0800980c   0x0000000e   Code   RO         5684    i.__scatterload_zeroinit  mc_w.l(handlers.o)
    0x0800981a   0x00000002   Code   RO          321    i.assert_failed     main.o
    0x0800981c   0x000001c8   Code   RO          322    i.calcMean          main.o
    0x080099e4   0x00000054   Code   RO          323    i.checkHSM          main.o
    0x08009a38   0x000005f4   Code   RO          324    i.dcdc_management   main.o
    0x0800a02c   0x000001c4   Code   RO          325    i.displayCharge     main.o
    0x0800a1f0   0x0000009c   Code   RO          326    i.lightupLed        main.o
    0x0800a28c   0x00000100   Code   RO          327    i.main              main.o
    0x0800a38c   0x00000048   Data   RO         5604    .constdata          system_stm32l4xx.o
    0x0800a3d4   0x00000020   Data   RO         5680    Region$$Table       anon$$obj.o


    Execution Region RW_IRAM1 (Base: 0x20000000, Size: 0x00001788, Max: 0x00018000, ABSOLUTE)

    Base Addr    Size         Type   Attr      Idx    E Section Name        Object

    0x20000000   0x0000001c   Data   RW           16    .data               can_utility.o
    0x2000001c   0x00000082   Data   RW          186    .data               bat_b.o
    0x2000009e   0x00000002   Data   RW          216    .data               display_uoled.o
    0x200000a0   0x00000004   Data   RW         4263    .data               stm32l4xx_hal.o
    0x200000a4   0x00000004   Data   RW         5605    .data               system_stm32l4xx.o
    0x200000a8   0x00000034   Zero   RW           15    .bss                can_utility.o
    0x200000dc   0x00000cec   Zero   RW          185    .bss                bat_b.o
    0x20000dc8   0x0000001c   Zero   RW          215    .bss                display_uoled.o
    0x20000de4   0x000000ac   Zero   RW          500    .bss                adc.o
    0x20000e90   0x00000028   Zero   RW          542    .bss                can.o
    0x20000eb8   0x0000009c   Zero   RW          611    .bss                i2c.o
    0x20000f54   0x00000064   Zero   RW          668    .bss                spi.o
    0x20000fb8   0x000001c0   Zero   RW          716    .bss                tim.o
    0x20001178   0x00000210   Zero   RW          789    .bss                usart.o
    0x20001388   0x00000400   Zero   RW            1    STACK               startup_stm32l476xx.o


==============================================================================

Image component sizes


      Code (inc. data)   RO Data    RW Data    ZI Data      Debug   Object Name

       628         66          0          0        172       2167   adc.o
         0          0          0        130       3308       4509   bat_b.o
       256         24          0          0         40       1749   can.o
       160         18          0         28         52     899473   can_utility.o
       340         82          0          2         28       1765   display_uoled.o
       116          4          0          0          0        818   dma.o
       676         28          0          0          0       1335   gpio.o
       420         52          0          0        156       3034   i2c.o
      4962        546          0          0          0      10781   main.o
       196         20          0          0        100       1725   spi.o
        36          8        392          0       1024        860   startup_stm32l476xx.o
       138         14          0          4          0       4351   stm32l4xx_hal.o
      5928        526          0          0          0      78840   stm32l4xx_hal_adc.o
       894        154          0          0          0      64278   stm32l4xx_hal_adc_ex.o
      3212        292          0          0          0      14602   stm32l4xx_hal_can.o
       566        204          0          0          0      31195   stm32l4xx_hal_cortex.o
      1338        122          0          0          0       4642   stm32l4xx_hal_dma.o
      1292        310          0          0          0       4791   stm32l4xx_hal_gpio.o
       492         72          0          0          0       2807   stm32l4xx_hal_i2c.o
       460        146          0          0          0       2111   stm32l4xx_hal_i2c_ex.o
        80          6          0          0          0        878   stm32l4xx_hal_msp.o
       240         78          0          0          0       1446   stm32l4xx_hal_pwr_ex.o
      3328        212          0          0          0       7856   stm32l4xx_hal_rcc.o
      3584        232          0          0          0       4680   stm32l4xx_hal_rcc_ex.o
       734         78          0          0          0       3044   stm32l4xx_hal_smbus.o
       668         70          0          0          0       1475   stm32l4xx_hal_spi.o
      3006        454          0          0          0      11262   stm32l4xx_hal_tim.o
       526         94          0          0          0       3357   stm32l4xx_hal_tim_ex.o
      3500        298          0          0          0      13014   stm32l4xx_hal_uart.o
         2          0          0          0          0       1004   stm32l4xx_hal_uart_ex.o
       442        120          0          0          0      16761   stm32l4xx_it.o
        80         12         72          4          0       1293   system_stm32l4xx.o
      1056         88          0          0        448       5694   tim.o
       620         54          0          0        528       2787   usart.o

    ----------------------------------------------------------------------
     40022       4484        496        168       5856    1210384   Object Totals
         0          0         32          0          0          0   (incl. Generated)
        46          0          0          0          0          0   (incl. Padding)

    ----------------------------------------------------------------------

      Code (inc. data)   RO Data    RW Data    ZI Data      Debug   Library Member Name

         0          0          0          0          0          0   entry.o
         0          0          0          0          0          0   entry10a.o
         0          0          0          0          0          0   entry11a.o
         8          4          0          0          0          0   entry2.o
         4          0          0          0          0          0   entry5.o
         0          0          0          0          0          0   entry7b.o
         0          0          0          0          0          0   entry8b.o
         8          4          0          0          0          0   entry9a.o
        30          0          0          0          0          0   handlers.o
        36          8          0          0          0         68   init.o
         0          0          0          0          0          0   iusefp.o
        30          0          0          0          0         68   llshl.o
        36          0          0          0          0         68   llsshr.o
        32          0          0          0          0         68   llushr.o
        36          0          0          0          0        108   memseta.o
       104          0          0          0          0         92   uldiv.o
       350          0          0          0          0        148   dadd.o
       222          0          0          0          0        100   ddiv.o
       186          0          0          0          0        176   depilogue.o
        62          0          0          0          0         80   dfixi.o
        50          0          0          0          0         76   dfixui.o
        26          0          0          0          0         76   dfltui.o
       234          0          0          0          0         96   dmul.o

    ----------------------------------------------------------------------
      1454         16          0          0          0       1224   Library Totals
         0          0          0          0          0          0   (incl. Padding)

    ----------------------------------------------------------------------

      Code (inc. data)   RO Data    RW Data    ZI Data      Debug   Library Name

       324         16          0          0          0        472   mc_w.l
      1130          0          0          0          0        752   mf_w.l

    ----------------------------------------------------------------------
      1454         16          0          0          0       1224   Library Totals

    ----------------------------------------------------------------------

==============================================================================


      Code (inc. data)   RO Data    RW Data    ZI Data      Debug   

     41476       4500        496        168       5856    1191340   Grand Totals
     41476       4500        496        168       5856    1191340   ELF Image Totals
     41476       4500        496        168          0          0   ROM Totals

==============================================================================

    Total RO  Size (Code + RO Data)                41972 (  40.99kB)
    Total RW  Size (RW Data + ZI Data)              6024 (   5.88kB)
    Total ROM Size (Code + RO Data + RW Data)      42140 (  41.15kB)

==============================================================================

