Component: ARM Compiler 5.06 update 4 (build 422) Tool: armlink [4d35d2]

==============================================================================

Section Cross References

    startup_stm32l431xx.o(RESET) refers to startup_stm32l431xx.o(STACK) for __initial_sp
    startup_stm32l431xx.o(RESET) refers to startup_stm32l431xx.o(.text) for Reset_Handler
    startup_stm32l431xx.o(RESET) refers to stm32l4xx_it.o(i.NMI_Handler) for NMI_Handler
    startup_stm32l431xx.o(RESET) refers to stm32l4xx_it.o(i.HardFault_Handler) for HardFault_Handler
    startup_stm32l431xx.o(RESET) refers to stm32l4xx_it.o(i.MemManage_Handler) for MemManage_Handler
    startup_stm32l431xx.o(RESET) refers to stm32l4xx_it.o(i.BusFault_Handler) for BusFault_Handler
    startup_stm32l431xx.o(RESET) refers to stm32l4xx_it.o(i.UsageFault_Handler) for UsageFault_Handler
    startup_stm32l431xx.o(RESET) refers to stm32l4xx_it.o(i.SVC_Handler) for SVC_Handler
    startup_stm32l431xx.o(RESET) refers to stm32l4xx_it.o(i.DebugMon_Handler) for DebugMon_Handler
    startup_stm32l431xx.o(RESET) refers to stm32l4xx_it.o(i.PendSV_Handler) for PendSV_Handler
    startup_stm32l431xx.o(RESET) refers to stm32l4xx_it.o(i.SysTick_Handler) for SysTick_Handler
    startup_stm32l431xx.o(RESET) refers to stm32l4xx_it.o(i.EXTI0_IRQHandler) for EXTI0_IRQHandler
    startup_stm32l431xx.o(RESET) refers to stm32l4xx_it.o(i.DMA1_Channel2_IRQHandler) for DMA1_Channel2_IRQHandler
    startup_stm32l431xx.o(RESET) refers to stm32l4xx_it.o(i.DMA1_Channel3_IRQHandler) for DMA1_Channel3_IRQHandler
    startup_stm32l431xx.o(RESET) refers to stm32l4xx_it.o(i.DMA1_Channel6_IRQHandler) for DMA1_Channel6_IRQHandler
    startup_stm32l431xx.o(RESET) refers to stm32l4xx_it.o(i.DMA1_Channel7_IRQHandler) for DMA1_Channel7_IRQHandler
    startup_stm32l431xx.o(RESET) refers to stm32l4xx_it.o(i.CAN1_TX_IRQHandler) for CAN1_TX_IRQHandler
    startup_stm32l431xx.o(RESET) refers to stm32l4xx_it.o(i.CAN1_RX0_IRQHandler) for CAN1_RX0_IRQHandler
    startup_stm32l431xx.o(RESET) refers to stm32l4xx_it.o(i.CAN1_RX1_IRQHandler) for CAN1_RX1_IRQHandler
    startup_stm32l431xx.o(RESET) refers to stm32l4xx_it.o(i.CAN1_SCE_IRQHandler) for CAN1_SCE_IRQHandler
    startup_stm32l431xx.o(RESET) refers to stm32l4xx_it.o(i.I2C1_EV_IRQHandler) for I2C1_EV_IRQHandler
    startup_stm32l431xx.o(RESET) refers to stm32l4xx_it.o(i.I2C1_ER_IRQHandler) for I2C1_ER_IRQHandler
    startup_stm32l431xx.o(RESET) refers to stm32l4xx_it.o(i.TIM6_DAC_IRQHandler) for TIM6_DAC_IRQHandler
    startup_stm32l431xx.o(RESET) refers to stm32l4xx_it.o(i.TIM7_IRQHandler) for TIM7_IRQHandler
    startup_stm32l431xx.o(RESET) refers to stm32l4xx_it.o(i.I2C3_EV_IRQHandler) for I2C3_EV_IRQHandler
    startup_stm32l431xx.o(RESET) refers to stm32l4xx_it.o(i.I2C3_ER_IRQHandler) for I2C3_ER_IRQHandler
    startup_stm32l431xx.o(.text) refers to system_stm32l4xx.o(i.SystemInit) for SystemInit
    startup_stm32l431xx.o(.text) refers to entry.o(.ARM.Collect$$$$00000000) for __main
    can_utility.o(i.CAN_Config) refers to stm32l4xx_hal_can.o(i.HAL_CAN_ConfigFilter) for HAL_CAN_ConfigFilter
    can_utility.o(i.CAN_Config) refers to main.o(i.Error_Handler) for Error_Handler
    can_utility.o(i.CAN_Config) refers to stm32l4xx_hal_can.o(i.HAL_CAN_Start) for HAL_CAN_Start
    can_utility.o(i.CAN_Config) refers to stm32l4xx_hal_can.o(i.HAL_CAN_ActivateNotification) for HAL_CAN_ActivateNotification
    can_utility.o(i.CAN_Config) refers to can.o(.bss) for hcan1
    can_utility.o(i.CAN_Config) refers to can_utility.o(.bss) for TxHeader
    can_utility.o(i.HAL_CAN_RxFifo0MsgPendingCallback) refers to stm32l4xx_hal_can.o(i.HAL_CAN_GetRxMessage) for HAL_CAN_GetRxMessage
    can_utility.o(i.HAL_CAN_RxFifo0MsgPendingCallback) refers to main.o(i.Error_Handler) for Error_Handler
    can_utility.o(i.HAL_CAN_RxFifo0MsgPendingCallback) refers to can_utility.o(.data) for RxData
    can_utility.o(i.HAL_CAN_RxFifo0MsgPendingCallback) refers to can_utility.o(.bss) for RxHeader
    can_utility.o(i.HAL_CAN_TxMailbox0CompleteCallback) refers to can_utility.o(.data) for CAN_TxComplete
    mpu9250.o(i.MPU9250) refers to mpu9250.o(i.MPU9250_Registers) for MPU9250_Registers
    mpu9250.o(i.MPU9250_Init) refers to mpu9250.o(i.MPU9250_Registers) for MPU9250_Registers
    mpu9250.o(i.MPU9250_Init) refers to stm32l4xx_hal.o(i.HAL_Delay) for HAL_Delay
    mpu9250.o(i.MPU9250_Read) refers to main.o(i.I2C_TX) for I2C_TX
    mpu9250.o(i.MPU9250_Read) refers to mpu9250.o(.data) for MPU9250_TxBuffer
    mpu9250.o(i.MPU9250_Read) refers to i2c.o(.bss) for hi2c1
    mpu9250.o(i.MPU9250_Registers) refers to main.o(i.I2C_TX) for I2C_TX
    mpu9250.o(i.MPU9250_Registers) refers to mpu9250.o(.data) for MPU9250_TxBuffer
    mpu9250.o(i.MPU9250_Registers) refers to i2c.o(.bss) for hi2c1
    tlv493d.o(i.TLV493D) refers to tlv493d.o(i.TLV493D_ReadRegisters) for TLV493D_ReadRegisters
    tlv493d.o(i.TLV493D_AccessMode) refers to tlv493d.o(.bss) for TLV493D_REG
[...]
    Removing stm32l4xx_hal_pwr_ex.o(i.HAL_PWREx_EnableLowPowerRunMode), (20 bytes).
    Removing stm32l4xx_hal_pwr_ex.o(i.HAL_PWREx_EnablePVM3), (20 bytes).
    Removing stm32l4xx_hal_pwr_ex.o(i.HAL_PWREx_EnablePVM4), (20 bytes).
    Removing stm32l4xx_hal_pwr_ex.o(i.HAL_PWREx_EnablePullUpPullDownConfig), (20 bytes).
    Removing stm32l4xx_hal_pwr_ex.o(i.HAL_PWREx_EnableSRAM2ContentRetention), (20 bytes).
    Removing stm32l4xx_hal_pwr_ex.o(i.HAL_PWREx_EnterSHUTDOWNMode), (44 bytes).
    Removing stm32l4xx_hal_pwr_ex.o(i.HAL_PWREx_EnterSTOP0Mode), (144 bytes).
    Removing stm32l4xx_hal_pwr_ex.o(i.HAL_PWREx_EnterSTOP1Mode), (148 bytes).
    Removing stm32l4xx_hal_pwr_ex.o(i.HAL_PWREx_EnterSTOP2Mode), (148 bytes).
    Removing stm32l4xx_hal_pwr_ex.o(i.HAL_PWREx_PVD_PVM_IRQHandler), (80 bytes).
    Removing stm32l4xx_hal_pwr_ex.o(i.HAL_PWREx_PVM3Callback), (2 bytes).
    Removing stm32l4xx_hal_pwr_ex.o(i.HAL_PWREx_PVM4Callback), (2 bytes).
    Removing stm32l4xx_hal_cortex.o(.rev16_text), (4 bytes).
    Removing stm32l4xx_hal_cortex.o(.revsh_text), (4 bytes).
    Removing stm32l4xx_hal_cortex.o(.rrx_text), (6 bytes).
    Removing stm32l4xx_hal_cortex.o(i.HAL_MPU_ConfigRegion), (604 bytes).
    Removing stm32l4xx_hal_cortex.o(i.HAL_MPU_Disable), (44 bytes).
    Removing stm32l4xx_hal_cortex.o(i.HAL_MPU_Enable), (64 bytes).
    Removing stm32l4xx_hal_cortex.o(i.HAL_NVIC_ClearPendingIRQ), (108 bytes).
    Removing stm32l4xx_hal_cortex.o(i.HAL_NVIC_DisableIRQ), (104 bytes).
    Removing stm32l4xx_hal_cortex.o(i.HAL_NVIC_GetActive), (40 bytes).
    Removing stm32l4xx_hal_cortex.o(i.HAL_NVIC_GetPendingIRQ), (116 bytes).
    Removing stm32l4xx_hal_cortex.o(i.HAL_NVIC_GetPriority), (244 bytes).
    Removing stm32l4xx_hal_cortex.o(i.HAL_NVIC_GetPriorityGrouping), (8 bytes).
    Removing stm32l4xx_hal_cortex.o(i.HAL_NVIC_SetPendingIRQ), (108 bytes).
    Removing stm32l4xx_hal_cortex.o(i.HAL_NVIC_SystemReset), (68 bytes).
    Removing stm32l4xx_hal_cortex.o(i.HAL_SYSTICK_CLKSourceConfig), (124 bytes).
    Removing stm32l4xx_hal_cortex.o(i.HAL_SYSTICK_Callback), (2 bytes).
    Removing stm32l4xx_hal_cortex.o(i.HAL_SYSTICK_IRQHandler), (8 bytes).
    Removing system_stm32l4xx.o(.rev16_text), (4 bytes).
    Removing system_stm32l4xx.o(.revsh_text), (4 bytes).
    Removing system_stm32l4xx.o(.rrx_text), (6 bytes).
    Removing system_stm32l4xx.o(i.SystemCoreClockUpdate), (236 bytes).

488 unused section(s) (total 69286 bytes) removed from the image.

==============================================================================

Image Symbol Table

    Local Symbols

    Symbol Name                              Value     Ov Type        Size  Object(Section)

    ../Drivers/STM32L4xx_HAL_Driver/Src/stm32l4xx_hal.c 0x00000000   Number         0  stm32l4xx_hal.o ABSOLUTE
    ../Drivers/STM32L4xx_HAL_Driver/Src/stm32l4xx_hal_can.c 0x00000000   Number         0  stm32l4xx_hal_can.o ABSOLUTE
    ../Drivers/STM32L4xx_HAL_Driver/Src/stm32l4xx_hal_cortex.c 0x00000000   Number         0  stm32l4xx_hal_cortex.o ABSOLUTE
    ../Drivers/STM32L4xx_HAL_Driver/Src/stm32l4xx_hal_dma.c 0x00000000   Number         0  stm32l4xx_hal_dma.o ABSOLUTE
    ../Drivers/STM32L4xx_HAL_Driver/Src/stm32l4xx_hal_dma_ex.c 0x00000000   Number         0  stm32l4xx_hal_dma_ex.o ABSOLUTE
    ../Drivers/STM32L4xx_HAL_Driver/Src/stm32l4xx_hal_flash.c 0x00000000   Number         0  stm32l4xx_hal_flash.o ABSOLUTE
    ../Drivers/STM32L4xx_HAL_Driver/Src/stm32l4xx_hal_flash_ex.c 0x00000000   Number         0  stm32l4xx_hal_flash_ex.o ABSOLUTE
    ../Drivers/STM32L4xx_HAL_Driver/Src/stm32l4xx_hal_flash_ramfunc.c 0x00000000   Number         0  stm32l4xx_hal_flash_ramfunc.o ABSOLUTE
    ../Drivers/STM32L4xx_HAL_Driver/Src/stm32l4xx_hal_gpio.c 0x00000000   Number         0  stm32l4xx_hal_gpio.o ABSOLUTE
    ../Drivers/STM32L4xx_HAL_Driver/Src/stm32l4xx_hal_i2c.c 0x00000000   Number         0  stm32l4xx_hal_i2c.o ABSOLUTE
    ../Drivers/STM32L4xx_HAL_Driver/Src/stm32l4xx_hal_i2c_ex.c 0x00000000   Number         0  stm32l4xx_hal_i2c_ex.o ABSOLUTE
    ../Drivers/STM32L4xx_HAL_Driver/Src/stm32l4xx_hal_pwr.c 0x00000000   Number         0  stm32l4xx_hal_pwr.o ABSOLUTE
    ../Drivers/STM32L4xx_HAL_Driver/Src/stm32l4xx_hal_pwr_ex.c 0x00000000   Number         0  stm32l4xx_hal_pwr_ex.o ABSOLUTE
    ../Drivers/STM32L4xx_HAL_Driver/Src/stm32l4xx_hal_rcc.c 0x00000000   Number         0  stm32l4xx_hal_rcc.o ABSOLUTE
    ../Drivers/STM32L4xx_HAL_Driver/Src/stm32l4xx_hal_rcc_ex.c 0x00000000   Number         0  stm32l4xx_hal_rcc_ex.o ABSOLUTE
    ../Drivers/STM32L4xx_HAL_Driver/Src/stm32l4xx_hal_tim.c 0x00000000   Number         0  stm32l4xx_hal_tim.o ABSOLUTE
    ../Drivers/STM32L4xx_HAL_Driver/Src/stm32l4xx_hal_tim_ex.c 0x00000000   Number         0  stm32l4xx_hal_tim_ex.o ABSOLUTE
    ../Src/can.c                             0x00000000   Number         0  can.o ABSOLUTE
    ../Src/dma.c                             0x00000000   Number         0  dma.o ABSOLUTE
    ../Src/gpio.c                            0x00000000   Number         0  gpio.o ABSOLUTE
    ../Src/i2c.c                             0x00000000   Number         0  i2c.o ABSOLUTE
    ../Src/main.c                            0x00000000   Number         0  main.o ABSOLUTE
    ../Src/stm32l4xx_hal_msp.c               0x00000000   Number         0  stm32l4xx_hal_msp.o ABSOLUTE
    ../Src/stm32l4xx_it.c                    0x00000000   Number         0  stm32l4xx_it.o ABSOLUTE
    ../Src/system_stm32l4xx.c                0x00000000   Number         0  system_stm32l4xx.o ABSOLUTE
    ../Src/tim.c                             0x00000000   Number         0  tim.o ABSOLUTE
    ../clib/microlib/init/entry.s            0x00000000   Number         0  entry11b.o ABSOLUTE
    ../clib/microlib/init/entry.s            0x00000000   Number         0  entry10a.o ABSOLUTE
    ../clib/microlib/init/entry.s            0x00000000   Number         0  entry9b.o ABSOLUTE
    ../clib/microlib/init/entry.s            0x00000000   Number         0  entry9a.o ABSOLUTE
    ../clib/microlib/init/entry.s            0x00000000   Number         0  entry5.o ABSOLUTE
    ../clib/microlib/init/entry.s            0x00000000   Number         0  entry.o ABSOLUTE
    ../clib/microlib/init/entry.s            0x00000000   Number         0  entry7a.o ABSOLUTE
    ../clib/microlib/init/entry.s            0x00000000   Number         0  entry2.o ABSOLUTE
    ../clib/microlib/init/entry.s            0x00000000   Number         0  entry7b.o ABSOLUTE
    ../clib/microlib/init/entry.s            0x00000000   Number         0  entry8b.o ABSOLUTE
    ../clib/microlib/init/entry.s            0x00000000   Number         0  entry8a.o ABSOLUTE
    ../clib/microlib/init/entry.s            0x00000000   Number         0  entry10b.o ABSOLUTE
    ../clib/microlib/init/entry.s            0x00000000   Number         0  entry11a.o ABSOLUTE
    ../clib/microlib/string/memcpy.c         0x00000000   Number         0  memcpyb.o ABSOLUTE
    ../clib/microlib/string/memcpy.c         0x00000000   Number         0  memcpya.o ABSOLUTE
    ../clib/microlib/string/memset.c         0x00000000   Number         0  memseta.o ABSOLUTE
    ..\Drivers\STM32L4xx_HAL_Driver\Src\stm32l4xx_hal.c 0x00000000   Number         0  stm32l4xx_hal.o ABSOLUTE
    ..\Drivers\STM32L4xx_HAL_Driver\Src\stm32l4xx_hal_can.c 0x00000000   Number         0  stm32l4xx_hal_can.o ABSOLUTE
    ..\Drivers\STM32L4xx_HAL_Driver\Src\stm32l4xx_hal_cortex.c 0x00000000   Number         0  stm32l4xx_hal_cortex.o ABSOLUTE
    ..\Drivers\STM32L4xx_HAL_Driver\Src\stm32l4xx_hal_dma.c 0x00000000   Number         0  stm32l4xx_hal_dma.o ABSOLUTE
    ..\Drivers\STM32L4xx_HAL_Driver\Src\stm32l4xx_hal_dma_ex.c 0x00000000   Number         0  stm32l4xx_hal_dma_ex.o ABSOLUTE
    ..\Drivers\STM32L4xx_HAL_Driver\Src\stm32l4xx_hal_flash.c 0x00000000   Number         0  stm32l4xx_hal_flash.o ABSOLUTE
    ..\Drivers\STM32L4xx_HAL_Driver\Src\stm32l4xx_hal_flash_ex.c 0x00000000   Number         0  stm32l4xx_hal_flash_ex.o ABSOLUTE
    ..\Drivers\STM32L4xx_HAL_Driver\Src\stm32l4xx_hal_flash_ramfunc.c 0x00000000   Number         0  stm32l4xx_hal_flash_ramfunc.o ABSOLUTE
    ..\Drivers\STM32L4xx_HAL_Driver\Src\stm32l4xx_hal_gpio.c 0x00000000   Number         0  stm32l4xx_hal_gpio.o ABSOLUTE
    ..\Drivers\STM32L4xx_HAL_Driver\Src\stm32l4xx_hal_i2c.c 0x00000000   Number         0  stm32l4xx_hal_i2c.o ABSOLUTE
    ..\Drivers\STM32L4xx_HAL_Driver\Src\stm32l4xx_hal_i2c_ex.c 0x00000000   Number         0  stm32l4xx_hal_i2c_ex.o ABSOLUTE
    ..\Drivers\STM32L4xx_HAL_Driver\Src\stm32l4xx_hal_pwr.c 0x00000000   Number         0  stm32l4xx_hal_pwr.o ABSOLUTE
    ..\Drivers\STM32L4xx_HAL_Driver\Src\stm32l4xx_hal_pwr_ex.c 0x00000000   Number         0  stm32l4xx_hal_pwr_ex.o ABSOLUTE
    ..\Drivers\STM32L4xx_HAL_Driver\Src\stm32l4xx_hal_rcc.c 0x00000000   Number         0  stm32l4xx_hal_rcc.o ABSOLUTE
    ..\Drivers\STM32L4xx_HAL_Driver\Src\stm32l4xx_hal_rcc_ex.c 0x00000000   Number         0  stm32l4xx_hal_rcc_ex.o ABSOLUTE
    ..\Drivers\STM32L4xx_HAL_Driver\Src\stm32l4xx_hal_tim.c 0x00000000   Number         0  stm32l4xx_hal_tim.o ABSOLUTE
    ..\Drivers\STM32L4xx_HAL_Driver\Src\stm32l4xx_hal_tim_ex.c 0x00000000   Number         0  stm32l4xx_hal_tim_ex.o ABSOLUTE
    ..\Src\AD7147.c                          0x00000000   Number         0  ad7147.o ABSOLUTE
    ..\Src\AD7147_Configuration.c            0x00000000   Number         0  ad7147_configuration.o ABSOLUTE
    ..\Src\I2C_Multi_SDA.c                   0x00000000   Number         0  i2c_multi_sda.o ABSOLUTE
    ..\Src\MPU9250.c                         0x00000000   Number         0  mpu9250.o ABSOLUTE
    ..\Src\TLV493D.c                         0x00000000   Number         0  tlv493d.o ABSOLUTE
    ..\Src\can.c                             0x00000000   Number         0  can.o ABSOLUTE
    ..\Src\can_utility.c                     0x00000000   Number         0  can_utility.o ABSOLUTE
    ..\Src\dma.c                             0x00000000   Number         0  dma.o ABSOLUTE
    ..\Src\gpio.c                            0x00000000   Number         0  gpio.o ABSOLUTE
    ..\Src\i2c.c                             0x00000000   Number         0  i2c.o ABSOLUTE
    ..\Src\main.c                            0x00000000   Number         0  main.o ABSOLUTE
    ..\Src\stm32l4xx_hal_msp.c               0x00000000   Number         0  stm32l4xx_hal_msp.o ABSOLUTE
    ..\Src\stm32l4xx_it.c                    0x00000000   Number         0  stm32l4xx_it.o ABSOLUTE
    ..\Src\system_stm32l4xx.c                0x00000000   Number         0  system_stm32l4xx.o ABSOLUTE
    ..\Src\tim.c                             0x00000000   Number         0  tim.o ABSOLUTE
    ..\\Src\\AD7147.c                        0x00000000   Number         0  ad7147.o ABSOLUTE
    ..\\Src\\I2C_Multi_SDA.c                 0x00000000   Number         0  i2c_multi_sda.o ABSOLUTE
    ..\\Src\\MPU9250.c                       0x00000000   Number         0  mpu9250.o ABSOLUTE
    ..\\Src\\TLV493D.c                       0x00000000   Number         0  tlv493d.o ABSOLUTE
    ..\\Src\\can_utility.c                   0x00000000   Number         0  can_utility.o ABSOLUTE
    dc.s                                     0x00000000   Number         0  dc.o ABSOLUTE
    handlers.s                               0x00000000   Number         0  handlers.o ABSOLUTE
    init.s                                   0x00000000   Number         0  init.o ABSOLUTE
    startup_stm32l431xx.s                    0x00000000   Number         0  startup_stm32l431xx.o ABSOLUTE
    RESET                                    0x08000000   Section      396  startup_stm32l431xx.o(RESET)
    .ARM.Collect$$$$00000000                 0x0800018c   Section        0  entry.o(.ARM.Collect$$$$00000000)
    .ARM.Collect$$$$00000001                 0x0800018c   Section        4  entry2.o(.ARM.Collect$$$$00000001)
    .ARM.Collect$$$$00000004                 0x08000190   Section        4  entry5.o(.ARM.Collect$$$$00000004)
    .ARM.Collect$$$$00000008                 0x08000194   Section        0  entry7b.o(.ARM.Collect$$$$00000008)
    .ARM.Collect$$$$0000000A                 0x08000194   Section        0  entry8b.o(.ARM.Collect$$$$0000000A)
    .ARM.Collect$$$$0000000B                 0x08000194   Section        8  entry9a.o(.ARM.Collect$$$$0000000B)
    .ARM.Collect$$$$0000000D                 0x0800019c   Section        0  entry10a.o(.ARM.Collect$$$$0000000D)
    .ARM.Collect$$$$0000000F                 0x0800019c   Section        0  entry11a.o(.ARM.Collect$$$$0000000F)
    .ARM.Collect$$$$00002712                 0x0800019c   Section        4  entry2.o(.ARM.Collect$$$$00002712)
    __lit__00000000                          0x0800019c   Data           4  entry2.o(.ARM.Collect$$$$00002712)
    .text                                    0x080001a0   Section       36  startup_stm32l431xx.o(.text)
    $v0                                      0x080001a0   Number         0  startup_stm32l431xx.o(.text)
    .text                                    0x080001c4   Section        0  memseta.o(.text)
    .text                                    0x080001e8   Section       36  init.o(.text)
    i.BusFault_Handler                       0x0800020c   Section        0  stm32l4xx_it.o(i.BusFault_Handler)
    i.CAN1_RX0_IRQHandler                    0x08000210   Section        0  stm32l4xx_it.o(i.CAN1_RX0_IRQHandler)
    i.CAN1_RX1_IRQHandler                    0x08000220   Section        0  stm32l4xx_it.o(i.CAN1_RX1_IRQHandler)
    i.CAN1_SCE_IRQHandler                    0x08000230   Section        0  stm32l4xx_it.o(i.CAN1_SCE_IRQHandler)
    i.CAN1_TX_IRQHandler                     0x08000240   Section        0  stm32l4xx_it.o(i.CAN1_TX_IRQHandler)
    i.CANBUS                                 0x08000250   Section        0  main.o(i.CANBUS)
    i.CAN_Config                             0x08000578   Section        0  can_utility.o(i.CAN_Config)
    i.ConfigAD7147                           0x080005f8   Section        0  ad7147_configuration.o(i.ConfigAD7147)
    i.DMA1_Channel2_IRQHandler               0x080008fc   Section        0  stm32l4xx_it.o(i.DMA1_Channel2_IRQHandler)
    i.DMA1_Channel3_IRQHandler               0x0800090c   Section        0  stm32l4xx_it.o(i.DMA1_Channel3_IRQHandler)
    i.DMA1_Channel6_IRQHandler               0x0800091c   Section        0  stm32l4xx_it.o(i.DMA1_Channel6_IRQHandler)
    i.DMA1_Channel7_IRQHandler               0x0800092c   Section        0  stm32l4xx_it.o(i.DMA1_Channel7_IRQHandler)
    i.DMA_SetConfig                          0x0800093c   Section        0  stm32l4xx_hal_dma.o(i.DMA_SetConfig)
    DMA_SetConfig                            0x0800093d   Thumb Code    48  stm32l4xx_hal_dma.o(i.DMA_SetConfig)
    i.DebugMon_Handler                       0x0800096c   Section        0  stm32l4xx_it.o(i.DebugMon_Handler)
    i.EXTI0_IRQHandler                       0x0800096e   Section        0  stm32l4xx_it.o(i.EXTI0_IRQHandler)
    i.Error_Handler                          0x08000978   Section        0  main.o(i.Error_Handler)
    i.HAL_CAN_ActivateNotification           0x0800097c   Section        0  stm32l4xx_hal_can.o(i.HAL_CAN_ActivateNotification)
    i.HAL_CAN_AddTxMessage                   0x080009f8   Section        0  stm32l4xx_hal_can.o(i.HAL_CAN_AddTxMessage)
    i.HAL_CAN_ConfigFilter                   0x08000be4   Section        0  stm32l4xx_hal_can.o(i.HAL_CAN_ConfigFilter)
    i.HAL_CAN_ErrorCallback                  0x08000dec   Section        0  stm32l4xx_hal_can.o(i.HAL_CAN_ErrorCallback)
    i.HAL_CAN_GetRxMessage                   0x08000df0   Section        0  stm32l4xx_hal_can.o(i.HAL_CAN_GetRxMessage)
    i.HAL_CAN_IRQHandler                     0x08000fc4   Section        0  stm32l4xx_hal_can.o(i.HAL_CAN_IRQHandler)
    i.HAL_CAN_Init                           0x08001218   Section        0  stm32l4xx_hal_can.o(i.HAL_CAN_Init)
    i.HAL_CAN_MspInit                        0x08001598   Section        0  can.o(i.HAL_CAN_MspInit)
    i.HAL_CAN_RxFifo0FullCallback            0x08001650   Section        0  stm32l4xx_hal_can.o(i.HAL_CAN_RxFifo0FullCallback)
    i.HAL_CAN_RxFifo0MsgPendingCallback      0x08001654   Section        0  can_utility.o(i.HAL_CAN_RxFifo0MsgPendingCallback)
    i.HAL_CAN_RxFifo1FullCallback            0x08001674   Section        0  stm32l4xx_hal_can.o(i.HAL_CAN_RxFifo1FullCallback)
    i.HAL_CAN_RxFifo1MsgPendingCallback      0x08001676   Section        0  stm32l4xx_hal_can.o(i.HAL_CAN_RxFifo1MsgPendingCallback)
    i.HAL_CAN_SleepCallback                  0x08001678   Section        0  stm32l4xx_hal_can.o(i.HAL_CAN_SleepCallback)
    i.HAL_CAN_Start                          0x0800167a   Section        0  stm32l4xx_hal_can.o(i.HAL_CAN_Start)
    i.HAL_CAN_TxMailbox0AbortCallback        0x080016d8   Section        0  stm32l4xx_hal_can.o(i.HAL_CAN_TxMailbox0AbortCallback)
    i.HAL_CAN_TxMailbox0CompleteCallback     0x080016dc   Section        0  can_utility.o(i.HAL_CAN_TxMailbox0CompleteCallback)
    i.HAL_CAN_TxMailbox1AbortCallback        0x080016e8   Section        0  stm32l4xx_hal_can.o(i.HAL_CAN_TxMailbox1AbortCallback)
    i.HAL_CAN_TxMailbox1CompleteCallback     0x080016ea   Section        0  stm32l4xx_hal_can.o(i.HAL_CAN_TxMailbox1CompleteCallback)
    i.HAL_CAN_TxMailbox2AbortCallback        0x080016ec   Section        0  stm32l4xx_hal_can.o(i.HAL_CAN_TxMailbox2AbortCallback)
    i.HAL_CAN_TxMailbox2CompleteCallback     0x080016ee   Section        0  stm32l4xx_hal_can.o(i.HAL_CAN_TxMailbox2CompleteCallback)
    i.HAL_CAN_WakeUpFromRxMsgCallback        0x080016f0   Section        0  stm32l4xx_hal_can.o(i.HAL_CAN_WakeUpFromRxMsgCallback)
    i.HAL_DMA_Abort_IT                       0x080016f2   Section        0  stm32l4xx_hal_dma.o(i.HAL_DMA_Abort_IT)
    i.HAL_DMA_IRQHandler                     0x0800174e   Section        0  stm32l4xx_hal_dma.o(i.HAL_DMA_IRQHandler)
    i.HAL_DMA_Init                           0x0800184c   Section        0  stm32l4xx_hal_dma.o(i.HAL_DMA_Init)
    i.HAL_DMA_Start_IT                       0x08001b14   Section        0  stm32l4xx_hal_dma.o(i.HAL_DMA_Start_IT)
    i.HAL_Delay                              0x08001bfc   Section        0  stm32l4xx_hal.o(i.HAL_Delay)
    i.HAL_GPIO_EXTI_Callback                 0x08001c1c   Section        0  stm32l4xx_hal_gpio.o(i.HAL_GPIO_EXTI_Callback)
    i.HAL_GPIO_EXTI_IRQHandler               0x08001c20   Section        0  stm32l4xx_hal_gpio.o(i.HAL_GPIO_EXTI_IRQHandler)
    i.HAL_GPIO_Init                          0x08001c3c   Section        0  stm32l4xx_hal_gpio.o(i.HAL_GPIO_Init)
    i.HAL_GPIO_ReadPin                       0x08001f98   Section        0  stm32l4xx_hal_gpio.o(i.HAL_GPIO_ReadPin)
    i.HAL_GPIO_TogglePin                     0x08002000   Section        0  stm32l4xx_hal_gpio.o(i.HAL_GPIO_TogglePin)
    i.HAL_GPIO_WritePin                      0x08002060   Section        0  stm32l4xx_hal_gpio.o(i.HAL_GPIO_WritePin)
    i.HAL_GetTick                            0x080020d8   Section        0  stm32l4xx_hal.o(i.HAL_GetTick)
    i.HAL_I2CEx_ConfigAnalogFilter           0x080020e4   Section        0  stm32l4xx_hal_i2c_ex.o(i.HAL_I2CEx_ConfigAnalogFilter)
    i.HAL_I2CEx_ConfigDigitalFilter          0x080021d0   Section        0  stm32l4xx_hal_i2c_ex.o(i.HAL_I2CEx_ConfigDigitalFilter)
    i.HAL_I2C_AbortCpltCallback              0x080022b0   Section        0  stm32l4xx_hal_i2c.o(i.HAL_I2C_AbortCpltCallback)
    i.HAL_I2C_AddrCallback                   0x080022b2   Section        0  stm32l4xx_hal_i2c.o(i.HAL_I2C_AddrCallback)
    i.HAL_I2C_ER_IRQHandler                  0x080022b4   Section        0  stm32l4xx_hal_i2c.o(i.HAL_I2C_ER_IRQHandler)
    i.HAL_I2C_EV_IRQHandler                  0x0800232a   Section        0  stm32l4xx_hal_i2c.o(i.HAL_I2C_EV_IRQHandler)
    i.HAL_I2C_ErrorCallback                  0x08002346   Section        0  stm32l4xx_hal_i2c.o(i.HAL_I2C_ErrorCallback)
    i.HAL_I2C_Init                           0x08002348   Section        0  stm32l4xx_hal_i2c.o(i.HAL_I2C_Init)
    i.HAL_I2C_ListenCpltCallback             0x08002534   Section        0  stm32l4xx_hal_i2c.o(i.HAL_I2C_ListenCpltCallback)
    i.HAL_I2C_MasterRxCpltCallback           0x08002538   Section        0  main.o(i.HAL_I2C_MasterRxCpltCallback)
    i.HAL_I2C_MasterTxCpltCallback           0x080025d0   Section        0  main.o(i.HAL_I2C_MasterTxCpltCallback)
    i.HAL_I2C_Master_Receive_DMA             0x08002648   Section        0  stm32l4xx_hal_i2c.o(i.HAL_I2C_Master_Receive_DMA)
    i.HAL_I2C_Master_Transmit_DMA            0x080027b8   Section        0  stm32l4xx_hal_i2c.o(i.HAL_I2C_Master_Transmit_DMA)
    i.HAL_I2C_MemRxCpltCallback              0x08002928   Section        0  stm32l4xx_hal_i2c.o(i.HAL_I2C_MemRxCpltCallback)
    i.HAL_I2C_MemTxCpltCallback              0x0800292a   Section        0  stm32l4xx_hal_i2c.o(i.HAL_I2C_MemTxCpltCallback)
    i.HAL_I2C_MspInit                        0x0800292c   Section        0  i2c.o(i.HAL_I2C_MspInit)
    i.HAL_I2C_SlaveRxCpltCallback            0x08002b74   Section        0  stm32l4xx_hal_i2c.o(i.HAL_I2C_SlaveRxCpltCallback)
    i.HAL_I2C_SlaveTxCpltCallback            0x08002b76   Section        0  stm32l4xx_hal_i2c.o(i.HAL_I2C_SlaveTxCpltCallback)
    i.HAL_IncTick                            0x08002b78   Section        0  stm32l4xx_hal.o(i.HAL_IncTick)
    i.HAL_Init                               0x08002b88   Section        0  stm32l4xx_hal.o(i.HAL_Init)
    i.HAL_InitTick                           0x08002ba8   Section        0  stm32l4xx_hal.o(i.HAL_InitTick)
    i.HAL_MspInit                            0x08002bd8   Section        0  stm32l4xx_hal_msp.o(i.HAL_MspInit)
    i.HAL_NVIC_EnableIRQ                     0x08002c18   Section        0  stm32l4xx_hal_cortex.o(i.HAL_NVIC_EnableIRQ)
    i.HAL_NVIC_SetPriority                   0x08002c80   Section        0  stm32l4xx_hal_cortex.o(i.HAL_NVIC_SetPriority)
    i.HAL_NVIC_SetPriorityGrouping           0x08002d5c   Section        0  stm32l4xx_hal_cortex.o(i.HAL_NVIC_SetPriorityGrouping)
    i.HAL_PWREx_ControlVoltageScaling        0x08002de4   Section        0  stm32l4xx_hal_pwr_ex.o(i.HAL_PWREx_ControlVoltageScaling)
    i.HAL_PWREx_GetVoltageRange              0x08002ec4   Section        0  stm32l4xx_hal_pwr_ex.o(i.HAL_PWREx_GetVoltageRange)
    i.HAL_RCCEx_PeriphCLKConfig              0x08002ed4   Section        0  stm32l4xx_hal_rcc_ex.o(i.HAL_RCCEx_PeriphCLKConfig)
    i.HAL_RCC_ClockConfig                    0x08003560   Section        0  stm32l4xx_hal_rcc.o(i.HAL_RCC_ClockConfig)
    i.HAL_RCC_GetSysClockFreq                0x08003808   Section        0  stm32l4xx_hal_rcc.o(i.HAL_RCC_GetSysClockFreq)
    i.HAL_RCC_OscConfig                      0x08003924   Section        0  stm32l4xx_hal_rcc.o(i.HAL_RCC_OscConfig)
    i.HAL_SYSTICK_Config                     0x0800420c   Section        0  stm32l4xx_hal_cortex.o(i.HAL_SYSTICK_Config)
    i.HAL_TIMEx_Break2Callback               0x08004240   Section        0  stm32l4xx_hal_tim_ex.o(i.HAL_TIMEx_Break2Callback)
    i.HAL_TIMEx_BreakCallback                0x08004242   Section        0  stm32l4xx_hal_tim_ex.o(i.HAL_TIMEx_BreakCallback)
    i.HAL_TIMEx_CommutationCallback          0x08004244   Section        0  stm32l4xx_hal_tim_ex.o(i.HAL_TIMEx_CommutationCallback)
    i.HAL_TIMEx_MasterConfigSynchronization  0x08004248   Section        0  stm32l4xx_hal_tim_ex.o(i.HAL_TIMEx_MasterConfigSynchronization)
    i.HAL_TIM_Base_Init                      0x08004418   Section        0  stm32l4xx_hal_tim.o(i.HAL_TIM_Base_Init)
    i.HAL_TIM_Base_MspInit                   0x08004534   Section        0  tim.o(i.HAL_TIM_Base_MspInit)
    i.HAL_TIM_Base_Start_IT                  0x080045b0   Section        0  stm32l4xx_hal_tim.o(i.HAL_TIM_Base_Start_IT)
    i.HAL_TIM_IC_CaptureCallback             0x0800467c   Section        0  stm32l4xx_hal_tim.o(i.HAL_TIM_IC_CaptureCallback)
    i.HAL_TIM_IRQHandler                     0x0800467e   Section        0  stm32l4xx_hal_tim.o(i.HAL_TIM_IRQHandler)
    i.HAL_TIM_OC_DelayElapsedCallback        0x08004836   Section        0  stm32l4xx_hal_tim.o(i.HAL_TIM_OC_DelayElapsedCallback)
    i.HAL_TIM_PWM_PulseFinishedCallback      0x08004838   Section        0  stm32l4xx_hal_tim.o(i.HAL_TIM_PWM_PulseFinishedCallback)
    i.HAL_TIM_PeriodElapsedCallback          0x0800483c   Section        0  main.o(i.HAL_TIM_PeriodElapsedCallback)
    i.HAL_TIM_TriggerCallback                0x0800485c   Section        0  stm32l4xx_hal_tim.o(i.HAL_TIM_TriggerCallback)
    i.HardFault_Handler                      0x0800485e   Section        0  stm32l4xx_it.o(i.HardFault_Handler)
    i.I2C1_ER_IRQHandler                     0x08004864   Section        0  stm32l4xx_it.o(i.I2C1_ER_IRQHandler)
    i.I2C1_EV_IRQHandler                     0x08004874   Section        0  stm32l4xx_it.o(i.I2C1_EV_IRQHandler)
    i.I2C3_ER_IRQHandler                     0x08004884   Section        0  stm32l4xx_it.o(i.I2C3_ER_IRQHandler)
    i.I2C3_EV_IRQHandler                     0x08004894   Section        0  stm32l4xx_it.o(i.I2C3_EV_IRQHandler)
    i.I2C_DMAAbort                           0x080048a4   Section        0  stm32l4xx_hal_i2c.o(i.I2C_DMAAbort)
    I2C_DMAAbort                             0x080048a5   Thumb Code    46  stm32l4xx_hal_i2c.o(i.I2C_DMAAbort)
    i.I2C_DMAError                           0x080048d2   Section        0  stm32l4xx_hal_i2c.o(i.I2C_DMAError)
    I2C_DMAError                             0x080048d3   Thumb Code    28  stm32l4xx_hal_i2c.o(i.I2C_DMAError)
    i.I2C_DMAMasterReceiveCplt               0x080048ee   Section        0  stm32l4xx_hal_i2c.o(i.I2C_DMAMasterReceiveCplt)
    I2C_DMAMasterReceiveCplt                 0x080048ef   Thumb Code    94  stm32l4xx_hal_i2c.o(i.I2C_DMAMasterReceiveCplt)
    i.I2C_DMAMasterTransmitCplt              0x0800494c   Section        0  stm32l4xx_hal_i2c.o(i.I2C_DMAMasterTransmitCplt)
    I2C_DMAMasterTransmitCplt                0x0800494d   Thumb Code    94  stm32l4xx_hal_i2c.o(i.I2C_DMAMasterTransmitCplt)
    i.I2C_Disable_IRQ                        0x080049aa   Section        0  stm32l4xx_hal_i2c.o(i.I2C_Disable_IRQ)
    I2C_Disable_IRQ                          0x080049ab   Thumb Code   120  stm32l4xx_hal_i2c.o(i.I2C_Disable_IRQ)
    i.I2C_Enable_IRQ                         0x08004a24   Section        0  stm32l4xx_hal_i2c.o(i.I2C_Enable_IRQ)
    I2C_Enable_IRQ                           0x08004a25   Thumb Code   130  stm32l4xx_hal_i2c.o(i.I2C_Enable_IRQ)
    i.I2C_Flush_TXDR                         0x08004ab0   Section        0  stm32l4xx_hal_i2c.o(i.I2C_Flush_TXDR)
    I2C_Flush_TXDR                           0x08004ab1   Thumb Code    40  stm32l4xx_hal_i2c.o(i.I2C_Flush_TXDR)
    i.I2C_ITAddrCplt                         0x08004ad8   Section        0  stm32l4xx_hal_i2c.o(i.I2C_ITAddrCplt)
    I2C_ITAddrCplt                           0x08004ad9   Thumb Code   202  stm32l4xx_hal_i2c.o(i.I2C_ITAddrCplt)
    i.I2C_ITError                            0x08004ba4   Section        0  stm32l4xx_hal_i2c.o(i.I2C_ITError)
    I2C_ITError                              0x08004ba5   Thumb Code   272  stm32l4xx_hal_i2c.o(i.I2C_ITError)
    i.I2C_ITListenCplt                       0x08004cc0   Section        0  stm32l4xx_hal_i2c.o(i.I2C_ITListenCplt)
    I2C_ITListenCplt                         0x08004cc1   Thumb Code   104  stm32l4xx_hal_i2c.o(i.I2C_ITListenCplt)
    i.I2C_ITMasterCplt                       0x08004d2c   Section        0  stm32l4xx_hal_i2c.o(i.I2C_ITMasterCplt)
    I2C_ITMasterCplt                         0x08004d2d   Thumb Code   222  stm32l4xx_hal_i2c.o(i.I2C_ITMasterCplt)
    i.I2C_ITMasterSequentialCplt             0x08004e14   Section        0  stm32l4xx_hal_i2c.o(i.I2C_ITMasterSequentialCplt)
    I2C_ITMasterSequentialCplt               0x08004e15   Thumb Code    98  stm32l4xx_hal_i2c.o(i.I2C_ITMasterSequentialCplt)
    i.I2C_ITSlaveCplt                        0x08004e78   Section        0  stm32l4xx_hal_i2c.o(i.I2C_ITSlaveCplt)
    I2C_ITSlaveCplt                          0x08004e79   Thumb Code   278  stm32l4xx_hal_i2c.o(i.I2C_ITSlaveCplt)
    i.I2C_ITSlaveSequentialCplt              0x08004f98   Section        0  stm32l4xx_hal_i2c.o(i.I2C_ITSlaveSequentialCplt)
    I2C_ITSlaveSequentialCplt                0x08004f99   Thumb Code    98  stm32l4xx_hal_i2c.o(i.I2C_ITSlaveSequentialCplt)
    i.I2C_Master_ISR_DMA                     0x08004ffa   Section        0  stm32l4xx_hal_i2c.o(i.I2C_Master_ISR_DMA)
    I2C_Master_ISR_DMA                       0x08004ffb   Thumb Code   352  stm32l4xx_hal_i2c.o(i.I2C_Master_ISR_DMA)
    i.I2C_Master_ISR_IT                      0x0800515a   Section        0  stm32l4xx_hal_i2c.o(i.I2C_Master_ISR_IT)
    I2C_Master_ISR_IT                        0x0800515b   Thumb Code   398  stm32l4xx_hal_i2c.o(i.I2C_Master_ISR_IT)
    i.I2C_Slave_ISR_DMA                      0x080052e8   Section        0  stm32l4xx_hal_i2c.o(i.I2C_Slave_ISR_DMA)
    I2C_Slave_ISR_DMA                        0x080052e9   Thumb Code   270  stm32l4xx_hal_i2c.o(i.I2C_Slave_ISR_DMA)
    i.I2C_Slave_ISR_IT                       0x080053f6   Section        0  stm32l4xx_hal_i2c.o(i.I2C_Slave_ISR_IT)
    I2C_Slave_ISR_IT                         0x080053f7   Thumb Code   326  stm32l4xx_hal_i2c.o(i.I2C_Slave_ISR_IT)
    i.I2C_TX                                 0x0800553c   Section        0  main.o(i.I2C_TX)
    i.I2C_TransferConfig                     0x08005568   Section        0  stm32l4xx_hal_i2c.o(i.I2C_TransferConfig)
    I2C_TransferConfig                       0x08005569   Thumb Code   158  stm32l4xx_hal_i2c.o(i.I2C_TransferConfig)
    i.InitialiseI2CMaster                    0x08005658   Section        0  i2c_multi_sda.o(i.InitialiseI2CMaster)
    i.LL_GPIO_SetPinMode                     0x08005684   Section        0  i2c_multi_sda.o(i.LL_GPIO_SetPinMode)
    LL_GPIO_SetPinMode                       0x08005685   Thumb Code    40  i2c_multi_sda.o(i.LL_GPIO_SetPinMode)
    i.LL_GPIO_SetPinOutputType               0x080056ac   Section        0  i2c_multi_sda.o(i.LL_GPIO_SetPinOutputType)
    LL_GPIO_SetPinOutputType                 0x080056ad   Thumb Code    16  i2c_multi_sda.o(i.LL_GPIO_SetPinOutputType)
    i.LL_GPIO_SetPinPull                     0x080056bc   Section        0  i2c_multi_sda.o(i.LL_GPIO_SetPinPull)
    LL_GPIO_SetPinPull                       0x080056bd   Thumb Code    40  i2c_multi_sda.o(i.LL_GPIO_SetPinPull)
    i.MPU9250                                0x080056e4   Section        0  mpu9250.o(i.MPU9250)
    i.MPU9250_Init                           0x080056f2   Section        0  mpu9250.o(i.MPU9250_Init)
    i.MPU9250_Registers                      0x08005748   Section        0  mpu9250.o(i.MPU9250_Registers)
    i.MX_CAN1_Init                           0x08005774   Section        0  can.o(i.MX_CAN1_Init)
    i.MX_DMA_Init                            0x080057b8   Section        0  dma.o(i.MX_DMA_Init)
    i.MX_GPIO_Init                           0x0800581c   Section        0  gpio.o(i.MX_GPIO_Init)
    i.MX_I2C1_Init                           0x080059a8   Section        0  i2c.o(i.MX_I2C1_Init)
    i.MX_I2C3_Init                           0x08005a00   Section        0  i2c.o(i.MX_I2C3_Init)
    i.MX_TIM6_Init                           0x08005a58   Section        0  tim.o(i.MX_TIM6_Init)
    i.MX_TIM7_Init                           0x08005aa4   Section        0  tim.o(i.MX_TIM7_Init)
    i.MemManage_Handler                      0x08005af0   Section        0  stm32l4xx_it.o(i.MemManage_Handler)
    i.NMI_Handler                            0x08005af4   Section        0  stm32l4xx_it.o(i.NMI_Handler)
    i.NVIC_GetPriorityGrouping               0x08005af8   Section        0  stm32l4xx_hal_cortex.o(i.NVIC_GetPriorityGrouping)
    NVIC_GetPriorityGrouping                 0x08005af9   Thumb Code    10  stm32l4xx_hal_cortex.o(i.NVIC_GetPriorityGrouping)
    i.NVIC_SetPriority                       0x08005b08   Section        0  stm32l4xx_hal_cortex.o(i.NVIC_SetPriority)
    NVIC_SetPriority                         0x08005b09   Thumb Code    32  stm32l4xx_hal_cortex.o(i.NVIC_SetPriority)
    i.PendSV_Handler                         0x08005b30   Section        0  stm32l4xx_it.o(i.PendSV_Handler)
    i.RCCEx_PLLSAI1_Config                   0x08005b34   Section        0  stm32l4xx_hal_rcc_ex.o(i.RCCEx_PLLSAI1_Config)
    RCCEx_PLLSAI1_Config                     0x08005b35   Thumb Code   614  stm32l4xx_hal_rcc_ex.o(i.RCCEx_PLLSAI1_Config)
    i.RCC_SetFlashLatencyFromMSIRange        0x08005dec   Section        0  stm32l4xx_hal_rcc.o(i.RCC_SetFlashLatencyFromMSIRange)
    RCC_SetFlashLatencyFromMSIRange          0x08005ded   Thumb Code   148  stm32l4xx_hal_rcc.o(i.RCC_SetFlashLatencyFromMSIRange)
    i.ReadViaI2C                             0x08005e88   Section        0  i2c_multi_sda.o(i.ReadViaI2C)
    i.ReceiveByteI2CMaster                   0x0800613c   Section        0  i2c_multi_sda.o(i.ReceiveByteI2CMaster)
    i.SVC_Handler                            0x08006380   Section        0  stm32l4xx_it.o(i.SVC_Handler)
    i.SendByteI2CMaster                      0x08006384   Section        0  i2c_multi_sda.o(i.SendByteI2CMaster)
    i.ServiceAD7147Isr                       0x080066a4   Section        0  ad7147.o(i.ServiceAD7147Isr)
    i.SetCDCoffsetOnAllTriangles             0x08006730   Section        0  ad7147.o(i.SetCDCoffsetOnAllTriangles)
    i.StartI2CMaster                         0x08006778   Section        0  i2c_multi_sda.o(i.StartI2CMaster)
    i.StopI2CMaster                          0x080068e0   Section        0  i2c_multi_sda.o(i.StopI2CMaster)
    i.SysTick_Handler                        0x08006a2c   Section        0  stm32l4xx_it.o(i.SysTick_Handler)
    i.SystemClock_Config                     0x08006a34   Section        0  main.o(i.SystemClock_Config)
    i.SystemInit                             0x08006ab4   Section        0  system_stm32l4xx.o(i.SystemInit)
    i.TIM6_DAC_IRQHandler                    0x08006b04   Section        0  stm32l4xx_it.o(i.TIM6_DAC_IRQHandler)
    i.TIM7_IRQHandler                        0x08006b14   Section        0  stm32l4xx_it.o(i.TIM7_IRQHandler)
    i.TIMER_Init                             0x08006b24   Section        0  main.o(i.TIMER_Init)
    i.TIM_Base_SetConfig                     0x08006b3c   Section        0  stm32l4xx_hal_tim.o(i.TIM_Base_SetConfig)
    i.TLV493D_AccessMode                     0x08006bb0   Section        0  tlv493d.o(i.TLV493D_AccessMode)
    i.TLV493D_GeneralReset                   0x08006c4c   Section        0  tlv493d.o(i.TLV493D_GeneralReset)
    i.TLV493D_Init                           0x08006c84   Section        0  tlv493d.o(i.TLV493D_Init)
    i.TLV493D_ReadRegisters                  0x08006ce4   Section        0  tlv493d.o(i.TLV493D_ReadRegisters)
    i.TLV493D_RegisterMask                   0x08006d1c   Section        0  tlv493d.o(i.TLV493D_RegisterMask)
    i.TLV493D_SendRecovery                   0x08006f18   Section        0  tlv493d.o(i.TLV493D_SendRecovery)
    i.TLV493D_WriteRegisters                 0x08006f50   Section        0  tlv493d.o(i.TLV493D_WriteRegisters)
    i.TrianglesInit                          0x08006fc8   Section        0  ad7147.o(i.TrianglesInit)
    i.UsageFault_Handler                     0x08007090   Section        0  stm32l4xx_it.o(i.UsageFault_Handler)
    i.Wait                                   0x08007094   Section        0  i2c_multi_sda.o(i.Wait)
    i.WriteViaI2C                            0x0800709e   Section        0  i2c_multi_sda.o(i.WriteViaI2C)
    i.__scatterload_copy                     0x08007164   Section       14  handlers.o(i.__scatterload_copy)
    i.__scatterload_null                     0x08007172   Section        2  handlers.o(i.__scatterload_null)
    i.__scatterload_zeroinit                 0x08007174   Section       14  handlers.o(i.__scatterload_zeroinit)
    i.assert_failed                          0x08007182   Section        0  main.o(i.assert_failed)
    i.main                                   0x08007184   Section        0  main.o(i.main)
    .constdata                               0x08007218   Section       72  system_stm32l4xx.o(.constdata)
    .data                                    0x20000000   Section       29  can_utility.o(.data)
    .data                                    0x2000001d   Section       16  mpu9250.o(.data)
    .data                                    0x2000002d   Section        4  tlv493d.o(.data)
    .data                                    0x20000034   Section       33  main.o(.data)
    .data                                    0x20000058   Section       20  ad7147.o(.data)
    .data                                    0x2000006c   Section        8  i2c_multi_sda.o(.data)
    ReceivedByte                             0x20000070   Data           4  i2c_multi_sda.o(.data)
    .data                                    0x20000074   Section        4  stm32l4xx_hal.o(.data)
    .data                                    0x20000078   Section        4  system_stm32l4xx.o(.data)
    .bss                                     0x2000007c   Section       52  can_utility.o(.bss)
    .bss                                     0x200000b0   Section      122  tlv493d.o(.bss)
    .bss                                     0x2000012c   Section     1756  main.o(.bss)
    .bss                                     0x20000808   Section       40  can.o(.bss)
    .bss                                     0x20000830   Section      440  i2c.o(.bss)
    .bss                                     0x200009e8   Section      128  tim.o(.bss)
    .bss                                     0x20000a68   Section     3520  ad7147.o(.bss)
    STACK                                    0x20001828   Section     1024  startup_stm32l431xx.o(STACK)

    Global Symbols

    Symbol Name                              Value     Ov Type        Size  Object(Section)

    BuildAttributes$$THM_ISAv4$E$P$D$K$B$S$7EM$VFPi3$EXTD16$VFPS$VFMA$PE$A:L22UL41UL21$X:L11$S22US41US21$IEEE1$IW$USESV6$~STKCKD$USESV7$~SHL$OSPACE$EBA8$MICROLIB$REQ8$PRES8$EABIv2 0x00000000   Number         0  anon$$obj.o ABSOLUTE
    __ARM_use_no_argv                        0x00000000   Number         0  main.o ABSOLUTE
    __cpp_initialize__aeabi_                  - Undefined Weak Reference
    __cxa_finalize                            - Undefined Weak Reference
    __decompress                              - Undefined Weak Reference
    _clock_init                               - Undefined Weak Reference
    _microlib_exit                            - Undefined Weak Reference
    __Vectors_Size                           0x0000018c   Number         0  startup_stm32l431xx.o ABSOLUTE
    __Vectors                                0x08000000   Data           4  startup_stm32l431xx.o(RESET)
    __Vectors_End                            0x0800018c   Data           0  startup_stm32l431xx.o(RESET)
    __main                                   0x0800018d   Thumb Code     0  entry.o(.ARM.Collect$$$$00000000)
    _main_stk                                0x0800018d   Thumb Code     0  entry2.o(.ARM.Collect$$$$00000001)
    _main_scatterload                        0x08000191   Thumb Code     0  entry5.o(.ARM.Collect$$$$00000004)
    __main_after_scatterload                 0x08000195   Thumb Code     0  entry5.o(.ARM.Collect$$$$00000004)
    _main_clock                              0x08000195   Thumb Code     0  entry7b.o(.ARM.Collect$$$$00000008)
    _main_cpp_init                           0x08000195   Thumb Code     0  entry8b.o(.ARM.Collect$$$$0000000A)
    _main_init                               0x08000195   Thumb Code     0  entry9a.o(.ARM.Collect$$$$0000000B)
    __rt_final_cpp                           0x0800019d   Thumb Code     0  entry10a.o(.ARM.Collect$$$$0000000D)
    __rt_final_exit                          0x0800019d   Thumb Code     0  entry11a.o(.ARM.Collect$$$$0000000F)
    Reset_Handler                            0x080001a1   Thumb Code     8  startup_stm32l431xx.o(.text)
    ADC1_IRQHandler                          0x080001bb   Thumb Code     0  startup_stm32l431xx.o(.text)
    COMP_IRQHandler                          0x080001bb   Thumb Code     0  startup_stm32l431xx.o(.text)
    CRS_IRQHandler                           0x080001bb   Thumb Code     0  startup_stm32l431xx.o(.text)
    DMA1_Channel1_IRQHandler                 0x080001bb   Thumb Code     0  startup_stm32l431xx.o(.text)
    DMA1_Channel4_IRQHandler                 0x080001bb   Thumb Code     0  startup_stm32l431xx.o(.text)
    DMA1_Channel5_IRQHandler                 0x080001bb   Thumb Code     0  startup_stm32l431xx.o(.text)
    DMA2_Channel1_IRQHandler                 0x080001bb   Thumb Code     0  startup_stm32l431xx.o(.text)
    DMA2_Channel2_IRQHandler                 0x080001bb   Thumb Code     0  startup_stm32l431xx.o(.text)
    DMA2_Channel3_IRQHandler                 0x080001bb   Thumb Code     0  startup_stm32l431xx.o(.text)
    DMA2_Channel4_IRQHandler                 0x080001bb   Thumb Code     0  startup_stm32l431xx.o(.text)
    DMA2_Channel5_IRQHandler                 0x080001bb   Thumb Code     0  startup_stm32l431xx.o(.text)
    DMA2_Channel6_IRQHandler                 0x080001bb   Thumb Code     0  startup_stm32l431xx.o(.text)
    DMA2_Channel7_IRQHandler                 0x080001bb   Thumb Code     0  startup_stm32l431xx.o(.text)
    EXTI15_10_IRQHandler                     0x080001bb   Thumb Code     0  startup_stm32l431xx.o(.text)
    EXTI1_IRQHandler                         0x080001bb   Thumb Code     0  startup_stm32l431xx.o(.text)
    EXTI2_IRQHandler                         0x080001bb   Thumb Code     0  startup_stm32l431xx.o(.text)
    EXTI3_IRQHandler                         0x080001bb   Thumb Code     0  startup_stm32l431xx.o(.text)
    EXTI4_IRQHandler                         0x080001bb   Thumb Code     0  startup_stm32l431xx.o(.text)
    EXTI9_5_IRQHandler                       0x080001bb   Thumb Code     0  startup_stm32l431xx.o(.text)
    FLASH_IRQHandler                         0x080001bb   Thumb Code     0  startup_stm32l431xx.o(.text)
    FPU_IRQHandler                           0x080001bb   Thumb Code     0  startup_stm32l431xx.o(.text)
    I2C2_ER_IRQHandler                       0x080001bb   Thumb Code     0  startup_stm32l431xx.o(.text)
    I2C2_EV_IRQHandler                       0x080001bb   Thumb Code     0  startup_stm32l431xx.o(.text)
    LPTIM1_IRQHandler                        0x080001bb   Thumb Code     0  startup_stm32l431xx.o(.text)
    LPTIM2_IRQHandler                        0x080001bb   Thumb Code     0  startup_stm32l431xx.o(.text)
    LPUART1_IRQHandler                       0x080001bb   Thumb Code     0  startup_stm32l431xx.o(.text)
    PVD_PVM_IRQHandler                       0x080001bb   Thumb Code     0  startup_stm32l431xx.o(.text)
    QUADSPI_IRQHandler                       0x080001bb   Thumb Code     0  startup_stm32l431xx.o(.text)
    RCC_IRQHandler                           0x080001bb   Thumb Code     0  startup_stm32l431xx.o(.text)
    RNG_IRQHandler                           0x080001bb   Thumb Code     0  startup_stm32l431xx.o(.text)
    RTC_Alarm_IRQHandler                     0x080001bb   Thumb Code     0  startup_stm32l431xx.o(.text)
    RTC_WKUP_IRQHandler                      0x080001bb   Thumb Code     0  startup_stm32l431xx.o(.text)
    SAI1_IRQHandler                          0x080001bb   Thumb Code     0  startup_stm32l431xx.o(.text)
    SDMMC1_IRQHandler                        0x080001bb   Thumb Code     0  startup_stm32l431xx.o(.text)
    SPI1_IRQHandler                          0x080001bb   Thumb Code     0  startup_stm32l431xx.o(.text)
    SPI2_IRQHandler                          0x080001bb   Thumb Code     0  startup_stm32l431xx.o(.text)
    SPI3_IRQHandler                          0x080001bb   Thumb Code     0  startup_stm32l431xx.o(.text)
    SWPMI1_IRQHandler                        0x080001bb   Thumb Code     0  startup_stm32l431xx.o(.text)
    TAMP_STAMP_IRQHandler                    0x080001bb   Thumb Code     0  startup_stm32l431xx.o(.text)
    TIM1_BRK_TIM15_IRQHandler                0x080001bb   Thumb Code     0  startup_stm32l431xx.o(.text)
    TIM1_CC_IRQHandler                       0x080001bb   Thumb Code     0  startup_stm32l431xx.o(.text)
    TIM1_TRG_COM_IRQHandler                  0x080001bb   Thumb Code     0  startup_stm32l431xx.o(.text)
    TIM1_UP_TIM16_IRQHandler                 0x080001bb   Thumb Code     0  startup_stm32l431xx.o(.text)
    TIM2_IRQHandler                          0x080001bb   Thumb Code     0  startup_stm32l431xx.o(.text)
    TSC_IRQHandler                           0x080001bb   Thumb Code     0  startup_stm32l431xx.o(.text)
    USART1_IRQHandler                        0x080001bb   Thumb Code     0  startup_stm32l431xx.o(.text)
    USART2_IRQHandler                        0x080001bb   Thumb Code     0  startup_stm32l431xx.o(.text)
    USART3_IRQHandler                        0x080001bb   Thumb Code     0  startup_stm32l431xx.o(.text)
    WWDG_IRQHandler                          0x080001bb   Thumb Code     0  startup_stm32l431xx.o(.text)
    __aeabi_memset                           0x080001c5   Thumb Code    14  memseta.o(.text)
    __aeabi_memset4                          0x080001c5   Thumb Code     0  memseta.o(.text)
    __aeabi_memset8                          0x080001c5   Thumb Code     0  memseta.o(.text)
    __aeabi_memclr                           0x080001d3   Thumb Code     4  memseta.o(.text)
    __aeabi_memclr4                          0x080001d3   Thumb Code     0  memseta.o(.text)
    __aeabi_memclr8                          0x080001d3   Thumb Code     0  memseta.o(.text)
    _memset$wrapper                          0x080001d7   Thumb Code    18  memseta.o(.text)
    __scatterload                            0x080001e9   Thumb Code    28  init.o(.text)
    __scatterload_rt2                        0x080001e9   Thumb Code     0  init.o(.text)
    BusFault_Handler                         0x0800020d   Thumb Code     4  stm32l4xx_it.o(i.BusFault_Handler)
    CAN1_RX0_IRQHandler                      0x08000211   Thumb Code    10  stm32l4xx_it.o(i.CAN1_RX0_IRQHandler)
    CAN1_RX1_IRQHandler                      0x08000221   Thumb Code    10  stm32l4xx_it.o(i.CAN1_RX1_IRQHandler)
    CAN1_SCE_IRQHandler                      0x08000231   Thumb Code    10  stm32l4xx_it.o(i.CAN1_SCE_IRQHandler)
    CAN1_TX_IRQHandler                       0x08000241   Thumb Code    10  stm32l4xx_it.o(i.CAN1_TX_IRQHandler)
    CANBUS                                   0x08000251   Thumb Code   758  main.o(i.CANBUS)
    CAN_Config                               0x08000579   Thumb Code   118  can_utility.o(i.CAN_Config)
    ConfigAD7147                             0x080005f9   Thumb Code   766  ad7147_configuration.o(i.ConfigAD7147)
    DMA1_Channel2_IRQHandler                 0x080008fd   Thumb Code    10  stm32l4xx_it.o(i.DMA1_Channel2_IRQHandler)
    DMA1_Channel3_IRQHandler                 0x0800090d   Thumb Code    10  stm32l4xx_it.o(i.DMA1_Channel3_IRQHandler)
    DMA1_Channel6_IRQHandler                 0x0800091d   Thumb Code    10  stm32l4xx_it.o(i.DMA1_Channel6_IRQHandler)
    DMA1_Channel7_IRQHandler                 0x0800092d   Thumb Code    10  stm32l4xx_it.o(i.DMA1_Channel7_IRQHandler)
    DebugMon_Handler                         0x0800096d   Thumb Code     2  stm32l4xx_it.o(i.DebugMon_Handler)
    EXTI0_IRQHandler                         0x0800096f   Thumb Code    10  stm32l4xx_it.o(i.EXTI0_IRQHandler)
    Error_Handler                            0x08000979   Thumb Code     2  main.o(i.Error_Handler)
    HAL_CAN_ActivateNotification             0x0800097d   Thumb Code    62  stm32l4xx_hal_can.o(i.HAL_CAN_ActivateNotification)
    HAL_CAN_AddTxMessage                     0x080009f9   Thumb Code   436  stm32l4xx_hal_can.o(i.HAL_CAN_AddTxMessage)
    HAL_CAN_ConfigFilter                     0x08000be5   Thumb Code   462  stm32l4xx_hal_can.o(i.HAL_CAN_ConfigFilter)
    HAL_CAN_ErrorCallback                    0x08000ded   Thumb Code     2  stm32l4xx_hal_can.o(i.HAL_CAN_ErrorCallback)
    HAL_CAN_GetRxMessage                     0x08000df1   Thumb Code   412  stm32l4xx_hal_can.o(i.HAL_CAN_GetRxMessage)
    HAL_CAN_IRQHandler                       0x08000fc5   Thumb Code   590  stm32l4xx_hal_can.o(i.HAL_CAN_IRQHandler)
    HAL_CAN_Init                             0x08001219   Thumb Code   836  stm32l4xx_hal_can.o(i.HAL_CAN_Init)
    HAL_CAN_MspInit                          0x08001599   Thumb Code   174  can.o(i.HAL_CAN_MspInit)
    HAL_CAN_RxFifo0FullCallback              0x08001651   Thumb Code     2  stm32l4xx_hal_can.o(i.HAL_CAN_RxFifo0FullCallback)
    HAL_CAN_RxFifo0MsgPendingCallback        0x08001655   Thumb Code    24  can_utility.o(i.HAL_CAN_RxFifo0MsgPendingCallback)
    HAL_CAN_RxFifo1FullCallback              0x08001675   Thumb Code     2  stm32l4xx_hal_can.o(i.HAL_CAN_RxFifo1FullCallback)
    HAL_CAN_RxFifo1MsgPendingCallback        0x08001677   Thumb Code     2  stm32l4xx_hal_can.o(i.HAL_CAN_RxFifo1MsgPendingCallback)
    HAL_CAN_SleepCallback                    0x08001679   Thumb Code     2  stm32l4xx_hal_can.o(i.HAL_CAN_SleepCallback)
    HAL_CAN_Start                            0x0800167b   Thumb Code    94  stm32l4xx_hal_can.o(i.HAL_CAN_Start)
    HAL_CAN_TxMailbox0AbortCallback          0x080016d9   Thumb Code     2  stm32l4xx_hal_can.o(i.HAL_CAN_TxMailbox0AbortCallback)
    HAL_CAN_TxMailbox0CompleteCallback       0x080016dd   Thumb Code     8  can_utility.o(i.HAL_CAN_TxMailbox0CompleteCallback)
    HAL_CAN_TxMailbox1AbortCallback          0x080016e9   Thumb Code     2  stm32l4xx_hal_can.o(i.HAL_CAN_TxMailbox1AbortCallback)
    HAL_CAN_TxMailbox1CompleteCallback       0x080016eb   Thumb Code     2  stm32l4xx_hal_can.o(i.HAL_CAN_TxMailbox1CompleteCallback)
    HAL_CAN_TxMailbox2AbortCallback          0x080016ed   Thumb Code     2  stm32l4xx_hal_can.o(i.HAL_CAN_TxMailbox2AbortCallback)
    HAL_CAN_TxMailbox2CompleteCallback       0x080016ef   Thumb Code     2  stm32l4xx_hal_can.o(i.HAL_CAN_TxMailbox2CompleteCallback)
    HAL_CAN_WakeUpFromRxMsgCallback          0x080016f1   Thumb Code     2  stm32l4xx_hal_can.o(i.HAL_CAN_WakeUpFromRxMsgCallback)
    HAL_DMA_Abort_IT                         0x080016f3   Thumb Code    92  stm32l4xx_hal_dma.o(i.HAL_DMA_Abort_IT)
    HAL_DMA_IRQHandler                       0x0800174f   Thumb Code   254  stm32l4xx_hal_dma.o(i.HAL_DMA_IRQHandler)
    HAL_DMA_Init                             0x0800184d   Thumb Code   646  stm32l4xx_hal_dma.o(i.HAL_DMA_Init)
    HAL_DMA_Start_IT                         0x08001b15   Thumb Code   176  stm32l4xx_hal_dma.o(i.HAL_DMA_Start_IT)
    HAL_Delay                                0x08001bfd   Thumb Code    32  stm32l4xx_hal.o(i.HAL_Delay)
    HAL_GPIO_EXTI_Callback                   0x08001c1d   Thumb Code     2  stm32l4xx_hal_gpio.o(i.HAL_GPIO_EXTI_Callback)
    HAL_GPIO_EXTI_IRQHandler                 0x08001c21   Thumb Code    24  stm32l4xx_hal_gpio.o(i.HAL_GPIO_EXTI_IRQHandler)
    HAL_GPIO_Init                            0x08001c3d   Thumb Code   742  stm32l4xx_hal_gpio.o(i.HAL_GPIO_Init)
    HAL_GPIO_ReadPin                         0x08001f99   Thumb Code    44  stm32l4xx_hal_gpio.o(i.HAL_GPIO_ReadPin)
    HAL_GPIO_TogglePin                       0x08002001   Thumb Code    36  stm32l4xx_hal_gpio.o(i.HAL_GPIO_TogglePin)
    HAL_GPIO_WritePin                        0x08002061   Thumb Code    58  stm32l4xx_hal_gpio.o(i.HAL_GPIO_WritePin)
    HAL_GetTick                              0x080020d9   Thumb Code     6  stm32l4xx_hal.o(i.HAL_GetTick)
    HAL_I2CEx_ConfigAnalogFilter             0x080020e5   Thumb Code   162  stm32l4xx_hal_i2c_ex.o(i.HAL_I2CEx_ConfigAnalogFilter)
    HAL_I2CEx_ConfigDigitalFilter            0x080021d1   Thumb Code   152  stm32l4xx_hal_i2c_ex.o(i.HAL_I2CEx_ConfigDigitalFilter)
    HAL_I2C_AbortCpltCallback                0x080022b1   Thumb Code     2  stm32l4xx_hal_i2c.o(i.HAL_I2C_AbortCpltCallback)
    HAL_I2C_AddrCallback                     0x080022b3   Thumb Code     2  stm32l4xx_hal_i2c.o(i.HAL_I2C_AddrCallback)
    HAL_I2C_ER_IRQHandler                    0x080022b5   Thumb Code   118  stm32l4xx_hal_i2c.o(i.HAL_I2C_ER_IRQHandler)
    HAL_I2C_EV_IRQHandler                    0x0800232b   Thumb Code    28  stm32l4xx_hal_i2c.o(i.HAL_I2C_EV_IRQHandler)
    HAL_I2C_ErrorCallback                    0x08002347   Thumb Code     2  stm32l4xx_hal_i2c.o(i.HAL_I2C_ErrorCallback)
    HAL_I2C_Init                             0x08002349   Thumb Code   420  stm32l4xx_hal_i2c.o(i.HAL_I2C_Init)
    HAL_I2C_ListenCpltCallback               0x08002535   Thumb Code     2  stm32l4xx_hal_i2c.o(i.HAL_I2C_ListenCpltCallback)
    HAL_I2C_MasterRxCpltCallback             0x08002539   Thumb Code   118  main.o(i.HAL_I2C_MasterRxCpltCallback)
    HAL_I2C_MasterTxCpltCallback             0x080025d1   Thumb Code    88  main.o(i.HAL_I2C_MasterTxCpltCallback)
    HAL_I2C_Master_Receive_DMA               0x08002649   Thumb Code   344  stm32l4xx_hal_i2c.o(i.HAL_I2C_Master_Receive_DMA)
    HAL_I2C_Master_Transmit_DMA              0x080027b9   Thumb Code   342  stm32l4xx_hal_i2c.o(i.HAL_I2C_Master_Transmit_DMA)
    HAL_I2C_MemRxCpltCallback                0x08002929   Thumb Code     2  stm32l4xx_hal_i2c.o(i.HAL_I2C_MemRxCpltCallback)
    HAL_I2C_MemTxCpltCallback                0x0800292b   Thumb Code     2  stm32l4xx_hal_i2c.o(i.HAL_I2C_MemTxCpltCallback)
    HAL_I2C_MspInit                          0x0800292d   Thumb Code   548  i2c.o(i.HAL_I2C_MspInit)
    HAL_I2C_SlaveRxCpltCallback              0x08002b75   Thumb Code     2  stm32l4xx_hal_i2c.o(i.HAL_I2C_SlaveRxCpltCallback)
    HAL_I2C_SlaveTxCpltCallback              0x08002b77   Thumb Code     2  stm32l4xx_hal_i2c.o(i.HAL_I2C_SlaveTxCpltCallback)
    HAL_IncTick                              0x08002b79   Thumb Code    12  stm32l4xx_hal.o(i.HAL_IncTick)
    HAL_Init                                 0x08002b89   Thumb Code    30  stm32l4xx_hal.o(i.HAL_Init)
    HAL_InitTick                             0x08002ba9   Thumb Code    44  stm32l4xx_hal.o(i.HAL_InitTick)
    HAL_MspInit                              0x08002bd9   Thumb Code    58  stm32l4xx_hal_msp.o(i.HAL_MspInit)
    HAL_NVIC_EnableIRQ                       0x08002c19   Thumb Code    44  stm32l4xx_hal_cortex.o(i.HAL_NVIC_EnableIRQ)
    HAL_NVIC_SetPriority                     0x08002c81   Thumb Code   152  stm32l4xx_hal_cortex.o(i.HAL_NVIC_SetPriority)
    HAL_NVIC_SetPriorityGrouping             0x08002d5d   Thumb Code    66  stm32l4xx_hal_cortex.o(i.HAL_NVIC_SetPriorityGrouping)
    HAL_PWREx_ControlVoltageScaling          0x08002de5   Thumb Code   152  stm32l4xx_hal_pwr_ex.o(i.HAL_PWREx_ControlVoltageScaling)
    HAL_PWREx_GetVoltageRange                0x08002ec5   Thumb Code    10  stm32l4xx_hal_pwr_ex.o(i.HAL_PWREx_GetVoltageRange)
    HAL_RCCEx_PeriphCLKConfig                0x08002ed5   Thumb Code  1672  stm32l4xx_hal_rcc_ex.o(i.HAL_RCCEx_PeriphCLKConfig)
    HAL_RCC_ClockConfig                      0x08003561   Thumb Code   606  stm32l4xx_hal_rcc.o(i.HAL_RCC_ClockConfig)
    HAL_RCC_GetSysClockFreq                  0x08003809   Thumb Code   266  stm32l4xx_hal_rcc.o(i.HAL_RCC_GetSysClockFreq)
    HAL_RCC_OscConfig                        0x08003925   Thumb Code  2270  stm32l4xx_hal_rcc.o(i.HAL_RCC_OscConfig)
    HAL_SYSTICK_Config                       0x0800420d   Thumb Code    52  stm32l4xx_hal_cortex.o(i.HAL_SYSTICK_Config)
    HAL_TIMEx_Break2Callback                 0x08004241   Thumb Code     2  stm32l4xx_hal_tim_ex.o(i.HAL_TIMEx_Break2Callback)
    HAL_TIMEx_BreakCallback                  0x08004243   Thumb Code     2  stm32l4xx_hal_tim_ex.o(i.HAL_TIMEx_BreakCallback)
    HAL_TIMEx_CommutationCallback            0x08004245   Thumb Code     2  stm32l4xx_hal_tim_ex.o(i.HAL_TIMEx_CommutationCallback)
    HAL_TIMEx_MasterConfigSynchronization    0x08004249   Thumb Code   386  stm32l4xx_hal_tim_ex.o(i.HAL_TIMEx_MasterConfigSynchronization)
    HAL_TIM_Base_Init                        0x08004419   Thumb Code   206  stm32l4xx_hal_tim.o(i.HAL_TIM_Base_Init)
    HAL_TIM_Base_MspInit                     0x08004535   Thumb Code   112  tim.o(i.HAL_TIM_Base_MspInit)
    HAL_TIM_Base_Start_IT                    0x080045b1   Thumb Code   124  stm32l4xx_hal_tim.o(i.HAL_TIM_Base_Start_IT)
    HAL_TIM_IC_CaptureCallback               0x0800467d   Thumb Code     2  stm32l4xx_hal_tim.o(i.HAL_TIM_IC_CaptureCallback)
    HAL_TIM_IRQHandler                       0x0800467f   Thumb Code   440  stm32l4xx_hal_tim.o(i.HAL_TIM_IRQHandler)
    HAL_TIM_OC_DelayElapsedCallback          0x08004837   Thumb Code     2  stm32l4xx_hal_tim.o(i.HAL_TIM_OC_DelayElapsedCallback)
    HAL_TIM_PWM_PulseFinishedCallback        0x08004839   Thumb Code     2  stm32l4xx_hal_tim.o(i.HAL_TIM_PWM_PulseFinishedCallback)
    HAL_TIM_PeriodElapsedCallback            0x0800483d   Thumb Code    22  main.o(i.HAL_TIM_PeriodElapsedCallback)
    HAL_TIM_TriggerCallback                  0x0800485d   Thumb Code     2  stm32l4xx_hal_tim.o(i.HAL_TIM_TriggerCallback)
    HardFault_Handler                        0x0800485f   Thumb Code     4  stm32l4xx_it.o(i.HardFault_Handler)
    I2C1_ER_IRQHandler                       0x08004865   Thumb Code    10  stm32l4xx_it.o(i.I2C1_ER_IRQHandler)
    I2C1_EV_IRQHandler                       0x08004875   Thumb Code    10  stm32l4xx_it.o(i.I2C1_EV_IRQHandler)
    I2C3_ER_IRQHandler                       0x08004885   Thumb Code    10  stm32l4xx_it.o(i.I2C3_ER_IRQHandler)
    I2C3_EV_IRQHandler                       0x08004895   Thumb Code    10  stm32l4xx_it.o(i.I2C3_EV_IRQHandler)
    I2C_TX                                   0x0800553d   Thumb Code    38  main.o(i.I2C_TX)
    InitialiseI2CMaster                      0x08005659   Thumb Code    44  i2c_multi_sda.o(i.InitialiseI2CMaster)
    MPU9250                                  0x080056e5   Thumb Code    14  mpu9250.o(i.MPU9250)
    MPU9250_Init                             0x080056f3   Thumb Code    84  mpu9250.o(i.MPU9250_Init)
    MPU9250_Registers                        0x08005749   Thumb Code    30  mpu9250.o(i.MPU9250_Registers)
    MX_CAN1_Init                             0x08005775   Thumb Code    58  can.o(i.MX_CAN1_Init)
    MX_DMA_Init                              0x080057b9   Thumb Code    96  dma.o(i.MX_DMA_Init)
    MX_GPIO_Init                             0x0800581d   Thumb Code   374  gpio.o(i.MX_GPIO_Init)
    MX_I2C1_Init                             0x080059a9   Thumb Code    74  i2c.o(i.MX_I2C1_Init)
    MX_I2C3_Init                             0x08005a01   Thumb Code    74  i2c.o(i.MX_I2C3_Init)
    MX_TIM6_Init                             0x08005a59   Thumb Code    68  tim.o(i.MX_TIM6_Init)
    MX_TIM7_Init                             0x08005aa5   Thumb Code    68  tim.o(i.MX_TIM7_Init)
    MemManage_Handler                        0x08005af1   Thumb Code     4  stm32l4xx_it.o(i.MemManage_Handler)
    NMI_Handler                              0x08005af5   Thumb Code     2  stm32l4xx_it.o(i.NMI_Handler)
    PendSV_Handler                           0x08005b31   Thumb Code     2  stm32l4xx_it.o(i.PendSV_Handler)
    ReadViaI2C                               0x08005e89   Thumb Code   678  i2c_multi_sda.o(i.ReadViaI2C)
    ReceiveByteI2CMaster                     0x0800613d   Thumb Code   568  i2c_multi_sda.o(i.ReceiveByteI2CMaster)
    SVC_Handler                              0x08006381   Thumb Code     2  stm32l4xx_it.o(i.SVC_Handler)
    SendByteI2CMaster                        0x08006385   Thumb Code   792  i2c_multi_sda.o(i.SendByteI2CMaster)
    ServiceAD7147Isr                         0x080066a5   Thumb Code   130  ad7147.o(i.ServiceAD7147Isr)
    SetCDCoffsetOnAllTriangles               0x08006731   Thumb Code    68  ad7147.o(i.SetCDCoffsetOnAllTriangles)
    StartI2CMaster                           0x08006779   Thumb Code   352  i2c_multi_sda.o(i.StartI2CMaster)
    StopI2CMaster                            0x080068e1   Thumb Code   324  i2c_multi_sda.o(i.StopI2CMaster)
    SysTick_Handler                          0x08006a2d   Thumb Code     8  stm32l4xx_it.o(i.SysTick_Handler)
    SystemClock_Config                       0x08006a35   Thumb Code   128  main.o(i.SystemClock_Config)
    SystemInit                               0x08006ab5   Thumb Code    68  system_stm32l4xx.o(i.SystemInit)
    TIM6_DAC_IRQHandler                      0x08006b05   Thumb Code    10  stm32l4xx_it.o(i.TIM6_DAC_IRQHandler)
    TIM7_IRQHandler                          0x08006b15   Thumb Code    10  stm32l4xx_it.o(i.TIM7_IRQHandler)
    TIMER_Init                               0x08006b25   Thumb Code    16  main.o(i.TIMER_Init)
    TIM_Base_SetConfig                       0x08006b3d   Thumb Code   104  stm32l4xx_hal_tim.o(i.TIM_Base_SetConfig)
    TLV493D_AccessMode                       0x08006bb1   Thumb Code   150  tlv493d.o(i.TLV493D_AccessMode)
    TLV493D_GeneralReset                     0x08006c4d   Thumb Code    44  tlv493d.o(i.TLV493D_GeneralReset)
    TLV493D_Init                             0x08006c85   Thumb Code    96  tlv493d.o(i.TLV493D_Init)
    TLV493D_ReadRegisters                    0x08006ce5   Thumb Code    44  tlv493d.o(i.TLV493D_ReadRegisters)
    TLV493D_RegisterMask                     0x08006d1d   Thumb Code   498  tlv493d.o(i.TLV493D_RegisterMask)
    TLV493D_SendRecovery                     0x08006f19   Thumb Code    44  tlv493d.o(i.TLV493D_SendRecovery)
    TLV493D_WriteRegisters                   0x08006f51   Thumb Code   102  tlv493d.o(i.TLV493D_WriteRegisters)
    TrianglesInit                            0x08006fc9   Thumb Code   174  ad7147.o(i.TrianglesInit)
    UsageFault_Handler                       0x08007091   Thumb Code     4  stm32l4xx_it.o(i.UsageFault_Handler)
    Wait                                     0x08007095   Thumb Code    10  i2c_multi_sda.o(i.Wait)
    WriteViaI2C                              0x0800709f   Thumb Code   192  i2c_multi_sda.o(i.WriteViaI2C)
    __scatterload_copy                       0x08007165   Thumb Code    14  handlers.o(i.__scatterload_copy)
    __scatterload_null                       0x08007173   Thumb Code     2  handlers.o(i.__scatterload_null)
    __scatterload_zeroinit                   0x08007175   Thumb Code    14  handlers.o(i.__scatterload_zeroinit)
    assert_failed                            0x08007183   Thumb Code     2  main.o(i.assert_failed)
    main                                     0x08007185   Thumb Code   146  main.o(i.main)
    AHBPrescTable                            0x08007218   Data          16  system_stm32l4xx.o(.constdata)
    APBPrescTable                            0x08007228   Data           8  system_stm32l4xx.o(.constdata)
    MSIRangeTable                            0x08007230   Data          48  system_stm32l4xx.o(.constdata)
    Region$$Table$$Base                      0x08007260   Number         0  anon$$obj.o(Region$$Table)
    Region$$Table$$Limit                     0x08007280   Number         0  anon$$obj.o(Region$$Table)
    RxCanBuffer                              0x20000000   Data           4  can_utility.o(.data)
    ubKeyNumber                              0x20000004   Data           1  can_utility.o(.data)
    TxData                                   0x20000005   Data           8  can_utility.o(.data)
    RxData                                   0x2000000d   Data           8  can_utility.o(.data)
    TxMailbox                                0x20000018   Data           4  can_utility.o(.data)
    CAN_TxComplete                           0x2000001c   Data           1  can_utility.o(.data)
    MPU9250_SensorValue                      0x2000001d   Data           6  mpu9250.o(.data)
    MPU9250_RegisterValue                    0x20000023   Data           1  mpu9250.o(.data)
    MPU9250_I2C_ADDRESS                      0x20000024   Data           1  mpu9250.o(.data)
    MPU9250_TxBuffer                         0x20000025   Data           2  mpu9250.o(.data)
    MPU9250_RxBuffer                         0x20000027   Data           6  mpu9250.o(.data)
    TLV493D_TxBuffer                         0x2000002d   Data           4  tlv493d.o(.data)
    Firmware_vers                            0x20000034   Data           1  main.o(.data)
    Revision_vers                            0x20000035   Data           1  main.o(.data)
    Build_number                             0x20000036   Data           1  main.o(.data)
    can_message                              0x20000037   Data           1  main.o(.data)
    mode                                     0x20000038   Data           4  main.o(.data)
    channel                                  0x2000003c   Data           4  main.o(.data)
    TEMP_COMPENSATION                        0x20000040   Data           1  main.o(.data)
    TOUCH_THREASHOLD                         0x20000044   Data           4  main.o(.data)
    SKIN_UPPER_THRESHOLD                     0x20000048   Data           4  main.o(.data)
    ERROR_COUNTER                            0x2000004c   Data           4  main.o(.data)
    SKIN_STATE_2T                            0x20000050   Data           1  main.o(.data)
    SKIN_STATE_10T                           0x20000051   Data           1  main.o(.data)
    SKIN_STATE                               0x20000052   Data           1  main.o(.data)
    SKIN_OVER_THRESHOLD                      0x20000053   Data           1  main.o(.data)
    WAVEFORM                                 0x20000054   Data           1  main.o(.data)
    PW_CONTROL                               0x20000058   Data           4  ad7147.o(.data)
    AD7147_ADD                               0x2000005c   Data           4  ad7147.o(.data)
    ConValue                                 0x20000060   Data           8  ad7147.o(.data)
    SHIFT                                    0x20000068   Data           4  ad7147.o(.data)
    I2Cbit                                   0x2000006c   Data           4  i2c_multi_sda.o(.data)
    uwTick                                   0x20000074   Data           4  stm32l4xx_hal.o(.data)
    SystemCoreClock                          0x20000078   Data           4  system_stm32l4xx.o(.data)
    TxHeader                                 0x2000007c   Data          24  can_utility.o(.bss)
    RxHeader                                 0x20000094   Data          28  can_utility.o(.bss)
    TLV493D_RxBuffer                         0x200000b0   Data          20  tlv493d.o(.bss)
    TLV493D_RegisterValue                    0x200000c4   Data          20  tlv493d.o(.bss)
    TLV493D_REG                              0x200000d8   Data          72  tlv493d.o(.bss)
    tlv493d                                  0x20000120   Data          10  tlv493d.o(.bss)
    I2C_TxStatus                             0x2000012c   Data          16  main.o(.bss)
    skin                                     0x2000013c   Data          12  main.o(.bss)
    taxel                                    0x20000148   Data        1536  main.o(.bss)
    skin_value                               0x20000748   Data          64  main.o(.bss)
    triangle                                 0x20000788   Data          64  main.o(.bss)
    triangle_old                             0x200007c8   Data          64  main.o(.bss)
    hcan1                                    0x20000808   Data          40  can.o(.bss)
    hi2c1                                    0x20000830   Data          76  i2c.o(.bss)
    hi2c3                                    0x2000087c   Data          76  i2c.o(.bss)
    hdma_i2c1_rx                             0x200008c8   Data          72  i2c.o(.bss)
    hdma_i2c1_tx                             0x20000910   Data          72  i2c.o(.bss)
    hdma_i2c3_rx                             0x20000958   Data          72  i2c.o(.bss)
    hdma_i2c3_tx                             0x200009a0   Data          72  i2c.o(.bss)
    htim6                                    0x200009e8   Data          64  tim.o(.bss)
    htim7                                    0x20000a28   Data          64  tim.o(.bss)
    triangle_cfg_list                        0x20000a68   Data         320  ad7147.o(.bss)
    AD7147Registers                          0x20000ba8   Data        1536  ad7147.o(.bss)
    CapOffset                                0x200011a8   Data        1536  ad7147.o(.bss)
    err                                      0x200017a8   Data         128  ad7147.o(.bss)
    __initial_sp                             0x20001c28   Data           0  startup_stm32l431xx.o(STACK)



==============================================================================

Memory Map of the image

  Image Entry point : 0x0800018d

  Load Region LR_IROM1 (Base: 0x08000000, Size: 0x000072fc, Max: 0x00040000, ABSOLUTE)

    Execution Region ER_IROM1 (Base: 0x08000000, Size: 0x00007280, Max: 0x00040000, ABSOLUTE)

    Base Addr    Size         Type   Attr      Idx    E Section Name        Object

    0x08000000   0x0000018c   Data   RO            3    RESET               startup_stm32l431xx.o
    0x0800018c   0x00000000   Code   RO         4100  * .ARM.Collect$$$$00000000  mc_w.l(entry.o)
    0x0800018c   0x00000004   Code   RO         4109    .ARM.Collect$$$$00000001  mc_w.l(entry2.o)
    0x08000190   0x00000004   Code   RO         4112    .ARM.Collect$$$$00000004  mc_w.l(entry5.o)
    0x08000194   0x00000000   Code   RO         4114    .ARM.Collect$$$$00000008  mc_w.l(entry7b.o)
    0x08000194   0x00000000   Code   RO         4116    .ARM.Collect$$$$0000000A  mc_w.l(entry8b.o)
    0x08000194   0x00000008   Code   RO         4117    .ARM.Collect$$$$0000000B  mc_w.l(entry9a.o)
    0x0800019c   0x00000000   Code   RO         4119    .ARM.Collect$$$$0000000D  mc_w.l(entry10a.o)
    0x0800019c   0x00000000   Code   RO         4121    .ARM.Collect$$$$0000000F  mc_w.l(entry11a.o)
    0x0800019c   0x00000004   Code   RO         4110    .ARM.Collect$$$$00002712  mc_w.l(entry2.o)
    0x080001a0   0x00000024   Code   RO            4    .text               startup_stm32l431xx.o
    0x080001c4   0x00000024   Code   RO         4105    .text               mc_w.l(memseta.o)
    0x080001e8   0x00000024   Code   RO         4123    .text               mc_w.l(init.o)
    0x0800020c   0x00000004   Code   RO          620    i.BusFault_Handler  stm32l4xx_it.o
    0x08000210   0x00000010   Code   RO          621    i.CAN1_RX0_IRQHandler  stm32l4xx_it.o
    0x08000220   0x00000010   Code   RO          622    i.CAN1_RX1_IRQHandler  stm32l4xx_it.o
    0x08000230   0x00000010   Code   RO          623    i.CAN1_SCE_IRQHandler  stm32l4xx_it.o
    0x08000240   0x00000010   Code   RO          624    i.CAN1_TX_IRQHandler  stm32l4xx_it.o
    0x08000250   0x00000328   Code   RO          298    i.CANBUS            main.o
    0x08000578   0x00000080   Code   RO           13    i.CAN_Config        can_utility.o
    0x080005f8   0x00000304   Code   RO          853    i.ConfigAD7147      ad7147_configuration.o
    0x080008fc   0x00000010   Code   RO          625    i.DMA1_Channel2_IRQHandler  stm32l4xx_it.o
    0x0800090c   0x00000010   Code   RO          626    i.DMA1_Channel3_IRQHandler  stm32l4xx_it.o
    0x0800091c   0x00000010   Code   RO          627    i.DMA1_Channel6_IRQHandler  stm32l4xx_it.o
    0x0800092c   0x00000010   Code   RO          628    i.DMA1_Channel7_IRQHandler  stm32l4xx_it.o
    0x0800093c   0x00000030   Code   RO         3513    i.DMA_SetConfig     stm32l4xx_hal_dma.o
    0x0800096c   0x00000002   Code   RO          629    i.DebugMon_Handler  stm32l4xx_it.o
    0x0800096e   0x0000000a   Code   RO          630    i.EXTI0_IRQHandler  stm32l4xx_it.o
    0x08000978   0x00000002   Code   RO          299    i.Error_Handler     main.o
    0x0800097a   0x00000002   PAD
    0x0800097c   0x0000007c   Code   RO         1065    i.HAL_CAN_ActivateNotification  stm32l4xx_hal_can.o
    0x080009f8   0x000001ec   Code   RO         1066    i.HAL_CAN_AddTxMessage  stm32l4xx_hal_can.o
    0x08000be4   0x00000208   Code   RO         1067    i.HAL_CAN_ConfigFilter  stm32l4xx_hal_can.o
    0x08000dec   0x00000002   Code   RO         1070    i.HAL_CAN_ErrorCallback  stm32l4xx_hal_can.o
    0x08000dee   0x00000002   PAD
    0x08000df0   0x000001d4   Code   RO         1073    i.HAL_CAN_GetRxMessage  stm32l4xx_hal_can.o
    0x08000fc4   0x00000254   Code   RO         1077    i.HAL_CAN_IRQHandler  stm32l4xx_hal_can.o
    0x08001218   0x00000380   Code   RO         1078    i.HAL_CAN_Init      stm32l4xx_hal_can.o
    0x08001598   0x000000b8   Code   RO          459    i.HAL_CAN_MspInit   can.o
    0x08001650   0x00000002   Code   RO         1085    i.HAL_CAN_RxFifo0FullCallback  stm32l4xx_hal_can.o
    0x08001652   0x00000002   PAD
    0x08001654   0x00000020   Code   RO           14    i.HAL_CAN_RxFifo0MsgPendingCallback  can_utility.o
    0x08001674   0x00000002   Code   RO         1087    i.HAL_CAN_RxFifo1FullCallback  stm32l4xx_hal_can.o
    0x08001676   0x00000002   Code   RO         1088    i.HAL_CAN_RxFifo1MsgPendingCallback  stm32l4xx_hal_can.o
    0x08001678   0x00000002   Code   RO         1089    i.HAL_CAN_SleepCallback  stm32l4xx_hal_can.o
    0x0800167a   0x0000005e   Code   RO         1090    i.HAL_CAN_Start     stm32l4xx_hal_can.o
    0x080016d8   0x00000002   Code   RO         1092    i.HAL_CAN_TxMailbox0AbortCallback  stm32l4xx_hal_can.o
    0x080016da   0x00000002   PAD
    0x080016dc   0x0000000c   Code   RO           15    i.HAL_CAN_TxMailbox0CompleteCallback  can_utility.o
    0x080016e8   0x00000002   Code   RO         1094    i.HAL_CAN_TxMailbox1AbortCallback  stm32l4xx_hal_can.o
    0x080016ea   0x00000002   Code   RO         1095    i.HAL_CAN_TxMailbox1CompleteCallback  stm32l4xx_hal_can.o
    0x080016ec   0x00000002   Code   RO         1096    i.HAL_CAN_TxMailbox2AbortCallback  stm32l4xx_hal_can.o
    0x080016ee   0x00000002   Code   RO         1097    i.HAL_CAN_TxMailbox2CompleteCallback  stm32l4xx_hal_can.o
    0x080016f0   0x00000002   Code   RO         1099    i.HAL_CAN_WakeUpFromRxMsgCallback  stm32l4xx_hal_can.o
    0x080016f2   0x0000005c   Code   RO         3515    i.HAL_DMA_Abort_IT  stm32l4xx_hal_dma.o
    0x0800174e   0x000000fe   Code   RO         3519    i.HAL_DMA_IRQHandler  stm32l4xx_hal_dma.o
    0x0800184c   0x000002c8   Code   RO         3520    i.HAL_DMA_Init      stm32l4xx_hal_dma.o
    0x08001b14   0x000000e8   Code   RO         3524    i.HAL_DMA_Start_IT  stm32l4xx_hal_dma.o
    0x08001bfc   0x00000020   Code   RO         2725    i.HAL_Delay         stm32l4xx_hal.o
    0x08001c1c   0x00000002   Code   RO         3448    i.HAL_GPIO_EXTI_Callback  stm32l4xx_hal_gpio.o
    0x08001c1e   0x00000002   PAD
    0x08001c20   0x0000001c   Code   RO         3449    i.HAL_GPIO_EXTI_IRQHandler  stm32l4xx_hal_gpio.o
    0x08001c3c   0x0000035c   Code   RO         3450    i.HAL_GPIO_Init     stm32l4xx_hal_gpio.o
    0x08001f98   0x00000068   Code   RO         3452    i.HAL_GPIO_ReadPin  stm32l4xx_hal_gpio.o
    0x08002000   0x00000060   Code   RO         3453    i.HAL_GPIO_TogglePin  stm32l4xx_hal_gpio.o
    0x08002060   0x00000078   Code   RO         3454    i.HAL_GPIO_WritePin  stm32l4xx_hal_gpio.o
    0x080020d8   0x0000000c   Code   RO         2729    i.HAL_GetTick       stm32l4xx_hal.o
    0x080020e4   0x000000ec   Code   RO         1755    i.HAL_I2CEx_ConfigAnalogFilter  stm32l4xx_hal_i2c_ex.o
    0x080021d0   0x000000e0   Code   RO         1756    i.HAL_I2CEx_ConfigDigitalFilter  stm32l4xx_hal_i2c_ex.o
    0x080022b0   0x00000002   Code   RO         1298    i.HAL_I2C_AbortCpltCallback  stm32l4xx_hal_i2c.o
    0x080022b2   0x00000002   Code   RO         1299    i.HAL_I2C_AddrCallback  stm32l4xx_hal_i2c.o
    0x080022b4   0x00000076   Code   RO         1302    i.HAL_I2C_ER_IRQHandler  stm32l4xx_hal_i2c.o
    0x0800232a   0x0000001c   Code   RO         1303    i.HAL_I2C_EV_IRQHandler  stm32l4xx_hal_i2c.o
    0x08002346   0x00000002   Code   RO         1305    i.HAL_I2C_ErrorCallback  stm32l4xx_hal_i2c.o
    0x08002348   0x000001ec   Code   RO         1309    i.HAL_I2C_Init      stm32l4xx_hal_i2c.o
    0x08002534   0x00000002   Code   RO         1311    i.HAL_I2C_ListenCpltCallback  stm32l4xx_hal_i2c.o
    0x08002536   0x00000002   PAD
    0x08002538   0x00000098   Code   RO          301    i.HAL_I2C_MasterRxCpltCallback  main.o
    0x080025d0   0x00000078   Code   RO          302    i.HAL_I2C_MasterTxCpltCallback  main.o
    0x08002648   0x00000170   Code   RO         1316    i.HAL_I2C_Master_Receive_DMA  stm32l4xx_hal_i2c.o
    0x080027b8   0x00000170   Code   RO         1323    i.HAL_I2C_Master_Transmit_DMA  stm32l4xx_hal_i2c.o
    0x08002928   0x00000002   Code   RO         1325    i.HAL_I2C_MemRxCpltCallback  stm32l4xx_hal_i2c.o
    0x0800292a   0x00000002   Code   RO         1326    i.HAL_I2C_MemTxCpltCallback  stm32l4xx_hal_i2c.o
    0x0800292c   0x00000248   Code   RO          525    i.HAL_I2C_MspInit   i2c.o
    0x08002b74   0x00000002   Code   RO         1335    i.HAL_I2C_SlaveRxCpltCallback  stm32l4xx_hal_i2c.o
    0x08002b76   0x00000002   Code   RO         1336    i.HAL_I2C_SlaveTxCpltCallback  stm32l4xx_hal_i2c.o
    0x08002b78   0x00000010   Code   RO         2733    i.HAL_IncTick       stm32l4xx_hal.o
    0x08002b88   0x0000001e   Code   RO         2734    i.HAL_Init          stm32l4xx_hal.o
    0x08002ba6   0x00000002   PAD
    0x08002ba8   0x00000030   Code   RO         2735    i.HAL_InitTick      stm32l4xx_hal.o
    0x08002bd8   0x00000040   Code   RO          786    i.HAL_MspInit       stm32l4xx_hal_msp.o
    0x08002c18   0x00000068   Code   RO         3931    i.HAL_NVIC_EnableIRQ  stm32l4xx_hal_cortex.o
    0x08002c80   0x000000da   Code   RO         3937    i.HAL_NVIC_SetPriority  stm32l4xx_hal_cortex.o
    0x08002d5a   0x00000002   PAD
    0x08002d5c   0x00000088   Code   RO         3938    i.HAL_NVIC_SetPriorityGrouping  stm32l4xx_hal_cortex.o
    0x08002de4   0x000000e0   Code   RO         3741    i.HAL_PWREx_ControlVoltageScaling  stm32l4xx_hal_pwr_ex.o
    0x08002ec4   0x00000010   Code   RO         3764    i.HAL_PWREx_GetVoltageRange  stm32l4xx_hal_pwr_ex.o
    0x08002ed4   0x0000068c   Code   RO         3057    i.HAL_RCCEx_PeriphCLKConfig  stm32l4xx_hal_rcc_ex.o
    0x08003560   0x000002a8   Code   RO         2935    i.HAL_RCC_ClockConfig  stm32l4xx_hal_rcc.o
    0x08003808   0x0000011c   Code   RO         2943    i.HAL_RCC_GetSysClockFreq  stm32l4xx_hal_rcc.o
    0x08003924   0x000008e8   Code   RO         2946    i.HAL_RCC_OscConfig  stm32l4xx_hal_rcc.o
    0x0800420c   0x00000034   Code   RO         3942    i.HAL_SYSTICK_Config  stm32l4xx_hal_cortex.o
    0x08004240   0x00000002   Code   RO         2461    i.HAL_TIMEx_Break2Callback  stm32l4xx_hal_tim_ex.o
    0x08004242   0x00000002   Code   RO         2462    i.HAL_TIMEx_BreakCallback  stm32l4xx_hal_tim_ex.o
    0x08004244   0x00000002   Code   RO         2463    i.HAL_TIMEx_CommutationCallback  stm32l4xx_hal_tim_ex.o
    0x08004246   0x00000002   PAD
    0x08004248   0x000001d0   Code   RO         2481    i.HAL_TIMEx_MasterConfigSynchronization  stm32l4xx_hal_tim_ex.o
    0x08004418   0x0000011c   Code   RO         1811    i.HAL_TIM_Base_Init  stm32l4xx_hal_tim.o
    0x08004534   0x0000007c   Code   RO          573    i.HAL_TIM_Base_MspInit  tim.o
    0x080045b0   0x000000cc   Code   RO         1816    i.HAL_TIM_Base_Start_IT  stm32l4xx_hal_tim.o
    0x0800467c   0x00000002   Code   RO         1840    i.HAL_TIM_IC_CaptureCallback  stm32l4xx_hal_tim.o
    0x0800467e   0x000001b8   Code   RO         1853    i.HAL_TIM_IRQHandler  stm32l4xx_hal_tim.o
    0x08004836   0x00000002   Code   RO         1856    i.HAL_TIM_OC_DelayElapsedCallback  stm32l4xx_hal_tim.o
    0x08004838   0x00000002   Code   RO         1883    i.HAL_TIM_PWM_PulseFinishedCallback  stm32l4xx_hal_tim.o
    0x0800483a   0x00000002   PAD
    0x0800483c   0x00000020   Code   RO          303    i.HAL_TIM_PeriodElapsedCallback  main.o
    0x0800485c   0x00000002   Code   RO         1894    i.HAL_TIM_TriggerCallback  stm32l4xx_hal_tim.o
    0x0800485e   0x00000004   Code   RO          631    i.HardFault_Handler  stm32l4xx_it.o
    0x08004862   0x00000002   PAD
    0x08004864   0x00000010   Code   RO          632    i.I2C1_ER_IRQHandler  stm32l4xx_it.o
    0x08004874   0x00000010   Code   RO          633    i.I2C1_EV_IRQHandler  stm32l4xx_it.o
    0x08004884   0x00000010   Code   RO          634    i.I2C3_ER_IRQHandler  stm32l4xx_it.o
    0x08004894   0x00000010   Code   RO          635    i.I2C3_EV_IRQHandler  stm32l4xx_it.o
    0x080048a4   0x0000002e   Code   RO         1348    i.I2C_DMAAbort      stm32l4xx_hal_i2c.o
    0x080048d2   0x0000001c   Code   RO         1349    i.I2C_DMAError      stm32l4xx_hal_i2c.o
    0x080048ee   0x0000005e   Code   RO         1350    i.I2C_DMAMasterReceiveCplt  stm32l4xx_hal_i2c.o
    0x0800494c   0x0000005e   Code   RO         1351    i.I2C_DMAMasterTransmitCplt  stm32l4xx_hal_i2c.o
    0x080049aa   0x00000078   Code   RO         1354    i.I2C_Disable_IRQ   stm32l4xx_hal_i2c.o
    0x08004a22   0x00000002   PAD
    0x08004a24   0x0000008c   Code   RO         1355    i.I2C_Enable_IRQ    stm32l4xx_hal_i2c.o
    0x08004ab0   0x00000028   Code   RO         1356    i.I2C_Flush_TXDR    stm32l4xx_hal_i2c.o
    0x08004ad8   0x000000ca   Code   RO         1357    i.I2C_ITAddrCplt    stm32l4xx_hal_i2c.o
    0x08004ba2   0x00000002   PAD
    0x08004ba4   0x0000011c   Code   RO         1358    i.I2C_ITError       stm32l4xx_hal_i2c.o
    0x08004cc0   0x0000006c   Code   RO         1359    i.I2C_ITListenCplt  stm32l4xx_hal_i2c.o
    0x08004d2c   0x000000e8   Code   RO         1360    i.I2C_ITMasterCplt  stm32l4xx_hal_i2c.o
    0x08004e14   0x00000062   Code   RO         1361    i.I2C_ITMasterSequentialCplt  stm32l4xx_hal_i2c.o
    0x08004e76   0x00000002   PAD
    0x08004e78   0x00000120   Code   RO         1362    i.I2C_ITSlaveCplt   stm32l4xx_hal_i2c.o
    0x08004f98   0x00000062   Code   RO         1363    i.I2C_ITSlaveSequentialCplt  stm32l4xx_hal_i2c.o
    0x08004ffa   0x00000160   Code   RO         1365    i.I2C_Master_ISR_DMA  stm32l4xx_hal_i2c.o
    0x0800515a   0x0000018e   Code   RO         1366    i.I2C_Master_ISR_IT  stm32l4xx_hal_i2c.o
    0x080052e8   0x0000010e   Code   RO         1369    i.I2C_Slave_ISR_DMA  stm32l4xx_hal_i2c.o
    0x080053f6   0x00000146   Code   RO         1370    i.I2C_Slave_ISR_IT  stm32l4xx_hal_i2c.o
    0x0800553c   0x0000002c   Code   RO          304    i.I2C_TX            main.o
    0x08005568   0x000000f0   Code   RO         1371    i.I2C_TransferConfig  stm32l4xx_hal_i2c.o
    0x08005658   0x0000002c   Code   RO          902    i.InitialiseI2CMaster  i2c_multi_sda.o
    0x08005684   0x00000028   Code   RO          903    i.LL_GPIO_SetPinMode  i2c_multi_sda.o
    0x080056ac   0x00000010   Code   RO          904    i.LL_GPIO_SetPinOutputType  i2c_multi_sda.o
    0x080056bc   0x00000028   Code   RO          905    i.LL_GPIO_SetPinPull  i2c_multi_sda.o
    0x080056e4   0x0000000e   Code   RO          167    i.MPU9250           mpu9250.o
    0x080056f2   0x00000054   Code   RO          168    i.MPU9250_Init      mpu9250.o
    0x08005746   0x00000002   PAD
    0x08005748   0x0000002c   Code   RO          170    i.MPU9250_Registers  mpu9250.o
    0x08005774   0x00000044   Code   RO          460    i.MX_CAN1_Init      can.o
    0x080057b8   0x00000064   Code   RO          500    i.MX_DMA_Init       dma.o
    0x0800581c   0x0000018c   Code   RO          434    i.MX_GPIO_Init      gpio.o
    0x080059a8   0x00000058   Code   RO          526    i.MX_I2C1_Init      i2c.o
    0x08005a00   0x00000058   Code   RO          527    i.MX_I2C3_Init      i2c.o
    0x08005a58   0x0000004c   Code   RO          574    i.MX_TIM6_Init      tim.o
    0x08005aa4   0x0000004c   Code   RO          575    i.MX_TIM7_Init      tim.o
    0x08005af0   0x00000004   Code   RO          636    i.MemManage_Handler  stm32l4xx_it.o
    0x08005af4   0x00000002   Code   RO          637    i.NMI_Handler       stm32l4xx_it.o
    0x08005af6   0x00000002   PAD
    0x08005af8   0x00000010   Code   RO         3944    i.NVIC_GetPriorityGrouping  stm32l4xx_hal_cortex.o
    0x08005b08   0x00000028   Code   RO         3945    i.NVIC_SetPriority  stm32l4xx_hal_cortex.o
    0x08005b30   0x00000002   Code   RO          638    i.PendSV_Handler    stm32l4xx_it.o
    0x08005b32   0x00000002   PAD
    0x08005b34   0x000002b8   Code   RO         3061    i.RCCEx_PLLSAI1_Config  stm32l4xx_hal_rcc_ex.o
    0x08005dec   0x0000009c   Code   RO         2947    i.RCC_SetFlashLatencyFromMSIRange  stm32l4xx_hal_rcc.o
    0x08005e88   0x000002b2   Code   RO          908    i.ReadViaI2C        i2c_multi_sda.o
    0x0800613a   0x00000002   PAD
    0x0800613c   0x00000244   Code   RO          909    i.ReceiveByteI2CMaster  i2c_multi_sda.o
    0x08006380   0x00000002   Code   RO          639    i.SVC_Handler       stm32l4xx_it.o
    0x08006382   0x00000002   PAD
    0x08006384   0x00000320   Code   RO          910    i.SendByteI2CMaster  i2c_multi_sda.o
    0x080066a4   0x0000008c   Code   RO          810    i.ServiceAD7147Isr  ad7147.o
    0x08006730   0x00000048   Code   RO          811    i.SetCDCoffsetOnAllTriangles  ad7147.o
    0x08006778   0x00000168   Code   RO          914    i.StartI2CMaster    i2c_multi_sda.o
    0x080068e0   0x0000014c   Code   RO          916    i.StopI2CMaster     i2c_multi_sda.o
    0x08006a2c   0x00000008   Code   RO          640    i.SysTick_Handler   stm32l4xx_it.o
    0x08006a34   0x00000080   Code   RO          306    i.SystemClock_Config  main.o
    0x08006ab4   0x00000050   Code   RO         4067    i.SystemInit        system_stm32l4xx.o
    0x08006b04   0x00000010   Code   RO          641    i.TIM6_DAC_IRQHandler  stm32l4xx_it.o
    0x08006b14   0x00000010   Code   RO          642    i.TIM7_IRQHandler   stm32l4xx_it.o
    0x08006b24   0x00000018   Code   RO          307    i.TIMER_Init        main.o
    0x08006b3c   0x00000074   Code   RO         1895    i.TIM_Base_SetConfig  stm32l4xx_hal_tim.o
    0x08006bb0   0x0000009c   Code   RO          226    i.TLV493D_AccessMode  tlv493d.o
    0x08006c4c   0x00000038   Code   RO          227    i.TLV493D_GeneralReset  tlv493d.o
    0x08006c84   0x00000060   Code   RO          228    i.TLV493D_Init      tlv493d.o
    0x08006ce4   0x00000038   Code   RO          229    i.TLV493D_ReadRegisters  tlv493d.o
    0x08006d1c   0x000001fc   Code   RO          230    i.TLV493D_RegisterMask  tlv493d.o
    0x08006f18   0x00000038   Code   RO          231    i.TLV493D_SendRecovery  tlv493d.o
    0x08006f50   0x00000078   Code   RO          232    i.TLV493D_WriteRegisters  tlv493d.o
    0x08006fc8   0x000000c8   Code   RO          813    i.TrianglesInit     ad7147.o
    0x08007090   0x00000004   Code   RO          643    i.UsageFault_Handler  stm32l4xx_it.o
    0x08007094   0x0000000a   Code   RO          918    i.Wait              i2c_multi_sda.o
    0x0800709e   0x000000c6   Code   RO          921    i.WriteViaI2C       i2c_multi_sda.o
    0x08007164   0x0000000e   Code   RO         4127    i.__scatterload_copy  mc_w.l(handlers.o)
    0x08007172   0x00000002   Code   RO         4128    i.__scatterload_null  mc_w.l(handlers.o)
    0x08007174   0x0000000e   Code   RO         4129    i.__scatterload_zeroinit  mc_w.l(handlers.o)
    0x08007182   0x00000002   Code   RO          309    i.assert_failed     main.o
    0x08007184   0x00000092   Code   RO          310    i.main              main.o
    0x08007216   0x00000002   PAD
    0x08007218   0x00000048   Data   RO         4068    .constdata          system_stm32l4xx.o
    0x08007260   0x00000020   Data   RO         4125    Region$$Table       anon$$obj.o


    Execution Region RW_IRAM1 (Base: 0x20000000, Size: 0x00001c28, Max: 0x00010000, ABSOLUTE)

    Base Addr    Size         Type   Attr      Idx    E Section Name        Object

    0x20000000   0x0000001d   Data   RW           17    .data               can_utility.o
    0x2000001d   0x00000010   Data   RW          172    .data               mpu9250.o
    0x2000002d   0x00000004   Data   RW          234    .data               tlv493d.o
    0x20000031   0x00000003   PAD
    0x20000034   0x00000021   Data   RW          313    .data               main.o
    0x20000055   0x00000003   PAD
    0x20000058   0x00000014   Data   RW          815    .data               ad7147.o
    0x2000006c   0x00000008   Data   RW          923    .data               i2c_multi_sda.o
    0x20000074   0x00000004   Data   RW         2750    .data               stm32l4xx_hal.o
    0x20000078   0x00000004   Data   RW         4069    .data               system_stm32l4xx.o
    0x2000007c   0x00000034   Zero   RW           16    .bss                can_utility.o
    0x200000b0   0x0000007a   Zero   RW          233    .bss                tlv493d.o
    0x2000012a   0x00000002   PAD
    0x2000012c   0x000006dc   Zero   RW          311    .bss                main.o
    0x20000808   0x00000028   Zero   RW          461    .bss                can.o
    0x20000830   0x000001b8   Zero   RW          528    .bss                i2c.o
    0x200009e8   0x00000080   Zero   RW          576    .bss                tim.o
    0x20000a68   0x00000dc0   Zero   RW          814    .bss                ad7147.o
    0x20001828   0x00000400   Zero   RW            1    STACK               startup_stm32l431xx.o


==============================================================================

Image component sizes


      Code (inc. data)   RO Data    RW Data    ZI Data      Debug   Object Name

       412         40          0         20       3520       3183   ad7147.o
       772          6          0          0          0       1223   ad7147_configuration.o
       252         20          0          0         40       1789   can.o
       172         22          0         29         52     676473   can_utility.o
       100          4          0          0          0        830   dma.o
       396         22          0          0          0       1147   gpio.o
       760         64          0          0        440       2894   i2c.o
      3110         42          0          8          0      16093   i2c_multi_sda.o
      1458        140          0         33       1756       9354   main.o
       142         14          0         16          0       2563   mpu9250.o
        36          8        396          0       1024        872   startup_stm32l431xx.o
       138         14          0          4          0       4415   stm32l4xx_hal.o
      3212        292          0          0          0      14786   stm32l4xx_hal_can.o
       566        204          0          0          0      31267   stm32l4xx_hal_cortex.o
      1338        122          0          0          0       4698   stm32l4xx_hal_dma.o
      1210        304          0          0          0       5416   stm32l4xx_hal_gpio.o
      4848        250          0          0          0      27098   stm32l4xx_hal_i2c.o
       460        146          0          0          0       2147   stm32l4xx_hal_i2c_ex.o
        64          6          0          0          0        890   stm32l4xx_hal_msp.o
       240         78          0          0          0       1466   stm32l4xx_hal_pwr_ex.o
      3400        186          0          0          0       6196   stm32l4xx_hal_rcc.o
      2372        154          0          0          0       3424   stm32l4xx_hal_rcc_ex.o
      1052        170          0          0          0       6171   stm32l4xx_hal_tim.o
       470         78          0          0          0       3385   stm32l4xx_hal_tim_ex.o
       266         84          0          0          0      12340   stm32l4xx_it.o
        80         12         72          4          0       1321   system_stm32l4xx.o
       276         28          0          0        128       2339   tim.o
      1048         70          0          4        122       7068   tlv493d.o

    ----------------------------------------------------------------------
     28690       2580        500        124       7084     850848   Object Totals
         0          0         32          0          0          0   (incl. Generated)
        40          0          0          6          2          0   (incl. Padding)

    ----------------------------------------------------------------------

      Code (inc. data)   RO Data    RW Data    ZI Data      Debug   Library Member Name

         0          0          0          0          0          0   entry.o
         0          0          0          0          0          0   entry10a.o
         0          0          0          0          0          0   entry11a.o
         8          4          0          0          0          0   entry2.o
         4          0          0          0          0          0   entry5.o
         0          0          0          0          0          0   entry7b.o
         0          0          0          0          0          0   entry8b.o
         8          4          0          0          0          0   entry9a.o
        30          0          0          0          0          0   handlers.o
        36          8          0          0          0         68   init.o
        36          0          0          0          0        108   memseta.o

    ----------------------------------------------------------------------
       122         16          0          0          0        176   Library Totals
         0          0          0          0          0          0   (incl. Padding)

    ----------------------------------------------------------------------

      Code (inc. data)   RO Data    RW Data    ZI Data      Debug   Library Name

       122         16          0          0          0        176   mc_w.l

    ----------------------------------------------------------------------
       122         16          0          0          0        176   Library Totals

    ----------------------------------------------------------------------

==============================================================================


      Code (inc. data)   RO Data    RW Data    ZI Data      Debug   

     28812       2596        500        124       7084     835128   Grand Totals
     28812       2596        500        124       7084     835128   ELF Image Totals
     28812       2596        500        124          0          0   ROM Totals

==============================================================================

    Total RO  Size (Code + RO Data)                29312 (  28.63kB)
    Total RW  Size (RW Data + ZI Data)              7208 (   7.04kB)
    Total ROM Size (Code + RO Data + RW Data)      29436 (  28.75kB)

==============================================================================

