<html>
<body>
<pre>
<h1>µVision Build Log</h1>
<h2>Tool Versions:</h2>
IDE-Version: µVision V5.16a
Copyright (C) 2015 ARM Ltd and ARM Germany GmbH. All rights reserved.
License Information: a b, c, LIC=----
 
Tool Versions:
Toolchain:       MDK-Lite  Version: 5.16a
Toolchain Path:  C:\Keil_v5\ARM\ARMCC\Bin
C Compiler:      Armcc.exe V5.06 (build 20)
Assembler:       Armasm.exe V5.06 (build 20)
Linker/Locator:  ArmLink.exe V5.06 (build 20)
Library Manager: ArmAr.exe V5.06 (build 20)
Hex Converter:   FromElf.exe V5.06 (build 20)
CPU DLL:         SARMCM3.DLL V5.16a
Dialog DLL:      DARMSTM.DLL V1.65.0.0
Target DLL:      ULP2CM3.DLL V2.200.25.0
Dialog DLL:      TARMSTM.DLL V1.64.0.0
 
<h2>Project:</h2>
D:\iCubHardware\electronics\private\P2013_03_BCB\SW\BCB\bcb.uvproj
Project File Date:  10/01/2015

<h2>Output:</h2>
*** Using Compiler 'V5.06 (build 20)', folder: 'C:\Keil_v5\ARM\ARMCC\Bin'
Rebuild target 'BCB'
assembling startup_stm32f10x_md.s...
compiling usart.c...
compiling can.c...
compiling gpio.c...
compiling system_stm32f10x.c...
compiling adc.c...
compiling bcb.c...
compiling stm32f10x_i2c.c...
compiling bmon.c...
compiling stm32f10x_rcc.c...
compiling exti.c...
compiling stm32f10x_gpio.c...
compiling timer.c...
compiling stm32f10x_dma.c...
linking...
Program Size: Code=12740 RO-data=268 RW-data=196 ZI-data=2196  
".\bcb.axf" - 0 Error(s), 0 Warning(s).
Build Time Elapsed:  00:00:05
</pre>
</body>
</html>
