	.text
	.syntax unified
	.eabi_attribute	67, "2.09"	@ Tag_conformance
	.cpu	cortex-m4
	.eabi_attribute	6, 13	@ Tag_CPU_arch
	.eabi_attribute	7, 77	@ Tag_CPU_arch_profile
	.eabi_attribute	8, 0	@ Tag_ARM_ISA_use
	.eabi_attribute	9, 2	@ Tag_THUMB_ISA_use
	.fpu	fpv4-sp-d16
	.eabi_attribute	27, 1	@ Tag_ABI_HardFP_use
	.eabi_attribute	36, 1	@ Tag_FP_HP_extension
	.eabi_attribute	34, 1	@ Tag_CPU_unaligned_access
	.eabi_attribute	17, 1	@ Tag_ABI_PCS_GOT_use
	.eabi_attribute	20, 2	@ Tag_ABI_FP_denormal
	.eabi_attribute	21, 0	@ Tag_ABI_FP_exceptions
	.eabi_attribute	23, 1	@ Tag_ABI_FP_number_model
	.eabi_attribute	24, 1	@ Tag_ABI_align_needed
	.eabi_attribute	25, 1	@ Tag_ABI_align_preserved
	.eabi_attribute	28, 1	@ Tag_ABI_VFP_args
	.eabi_attribute	38, 1	@ Tag_ABI_FP_16bit_format
	.eabi_attribute	18, 2	@ Tag_ABI_PCS_wchar_t
	.eabi_attribute	26, 1	@ Tag_ABI_enum_size
	.eabi_attribute	14, 0	@ Tag_ABI_PCS_R9_use
	.file	"board_amcbldc_v120.c"
	.file	1 "C:\\Users\\grodriguez\\Documents\\iit\\icub-firmware\\emBODY\\eBcode\\arch-arm\\libs\\lowlevel\\stm32hal\\proj" "../src/driver/stm32g4-v120/inc/stm32g4xx_hal_def.h"
	.file	2 "C:\\Users\\grodriguez\\Documents\\iit\\icub-firmware\\emBODY\\eBcode\\arch-arm\\libs\\lowlevel\\stm32hal\\proj" "../api\\../src/driver/stm32g4-v120/inc/stm32g4xx_hal_gpio.h"
	.file	3 "C:\\" "Keil_v5\\ARM\\ARMCLANG\\Bin\\..\\include\\stdint.h"
	.file	4 "C:\\Users\\grodriguez\\Documents\\iit\\icub-firmware\\emBODY\\eBcode\\arch-arm\\libs\\lowlevel\\stm32hal\\proj" "../src/driver/stm32g4-v120/inc/stm32g474xx.h"
	.section	.text.stm32hal_board_init,"ax",%progbits
	.hidden	stm32hal_board_init             @ -- Begin function stm32hal_board_init
	.globl	stm32hal_board_init
	.p2align	1
	.type	stm32hal_board_init,%function
	.code	16                              @ @stm32hal_board_init
	.thumb_func
stm32hal_board_init:
.Lfunc_begin0:
	.file	5 "C:\\Users\\grodriguez\\Documents\\iit\\icub-firmware\\emBODY\\eBcode\\arch-arm\\libs\\lowlevel\\stm32hal\\proj" "../src/board/amcbldc/v120/src/board_amcbldc_v120.c"
	.loc	5 69 0                          @ ../src/board/amcbldc/v120/src/board_amcbldc_v120.c:69:0
	.fnstart
	.cfi_sections .debug_frame
	.cfi_startproc
@ %bb.0:
	.save	{r4, r5, r6, r7, lr}
	push	{r4, r5, r6, r7, lr}
	.cfi_def_cfa_offset 20
	.cfi_offset lr, -4
	.cfi_offset r7, -8
	.cfi_offset r6, -12
	.cfi_offset r5, -16
	.cfi_offset r4, -20
	.pad	#164
	sub	sp, #164
	.cfi_def_cfa_offset 184
.Ltmp0:
	.loc	5 79 3 prologue_end             @ ../src/board/amcbldc/v120/src/board_amcbldc_v120.c:79:3
	bl	HAL_Init
.Ltmp1:
	.loc	5 0 3 is_stmt 0                 @ ../src/board/amcbldc/v120/src/board_amcbldc_v120.c:0:3
	add	r5, sp, #88
	movs	r6, #0
.Ltmp2:
	.loc	5 142 22 is_stmt 1              @ ../src/board/amcbldc/v120/src/board_amcbldc_v120.c:142:22
	mov	r0, r5
	movs	r1, #20
	.loc	5 141 22                        @ ../src/board/amcbldc/v120/src/board_amcbldc_v120.c:141:22
	strd	r6, r6, [sp, #124]
	strd	r6, r6, [sp, #116]
	.loc	5 142 22                        @ ../src/board/amcbldc/v120/src/board_amcbldc_v120.c:142:22
	bl	__aeabi_memclr4
.Ltmp3:
	.loc	5 0 22 is_stmt 0                @ ../src/board/amcbldc/v120/src/board_amcbldc_v120.c:0:22
	add	r4, sp, #4
	.loc	5 143 28 is_stmt 1              @ ../src/board/amcbldc/v120/src/board_amcbldc_v120.c:143:28
	mov	r0, r4
	movs	r1, #84
	bl	__aeabi_memclr4
.Ltmp4:
	.loc	5 147 3                         @ ../src/board/amcbldc/v120/src/board_amcbldc_v120.c:147:3
	movs	r0, #0
	bl	HAL_PWREx_ControlVoltageScaling
.Ltmp5:
	.loc	5 0 3 is_stmt 0                 @ ../src/board/amcbldc/v120/src/board_amcbldc_v120.c:0:3
	movs	r0, #33
	.loc	5 151 36 is_stmt 1              @ ../src/board/amcbldc/v120/src/board_amcbldc_v120.c:151:36
	str	r0, [sp, #108]
	mov.w	r0, #65536
	.loc	5 152 30                        @ ../src/board/amcbldc/v120/src/board_amcbldc_v120.c:152:30
	str	r0, [sp, #112]
	movs	r0, #1
	movs	r7, #3
	.loc	5 153 32                        @ ../src/board/amcbldc/v120/src/board_amcbldc_v120.c:153:32
	str	r0, [sp, #132]
	movs	r1, #2
	.loc	5 155 35                        @ ../src/board/amcbldc/v120/src/board_amcbldc_v120.c:155:35
	strd	r7, r0, [sp, #140]
	movs	r0, #21
	.loc	5 157 30                        @ ../src/board/amcbldc/v120/src/board_amcbldc_v120.c:157:30
	strd	r0, r1, [sp, #148]
	add	r0, sp, #108
	.loc	5 154 34                        @ ../src/board/amcbldc/v120/src/board_amcbldc_v120.c:154:34
	str	r1, [sp, #136]
	.loc	5 159 30                        @ ../src/board/amcbldc/v120/src/board_amcbldc_v120.c:159:30
	strd	r1, r1, [sp, #156]
.Ltmp6:
	.loc	5 161 7                         @ ../src/board/amcbldc/v120/src/board_amcbldc_v120.c:161:7
	bl	HAL_RCC_OscConfig
.Ltmp7:
	.loc	5 0 7 is_stmt 0                 @ ../src/board/amcbldc/v120/src/board_amcbldc_v120.c:0:7
	movs	r0, #15
.Ltmp8:
	.loc	5 167 31 is_stmt 1              @ ../src/board/amcbldc/v120/src/board_amcbldc_v120.c:167:31
	strd	r0, r7, [sp, #88]
	mov.w	r0, #1024
	.loc	5 171 36                        @ ../src/board/amcbldc/v120/src/board_amcbldc_v120.c:171:36
	strd	r0, r0, [sp, #100]
.Ltmp9:
	.loc	5 174 7                         @ ../src/board/amcbldc/v120/src/board_amcbldc_v120.c:174:7
	mov	r0, r5
	movs	r1, #4
.Ltmp10:
	.loc	5 170 35                        @ ../src/board/amcbldc/v120/src/board_amcbldc_v120.c:170:35
	str	r6, [sp, #96]
.Ltmp11:
	.loc	5 174 7                         @ ../src/board/amcbldc/v120/src/board_amcbldc_v120.c:174:7
	bl	HAL_RCC_ClockConfig
.Ltmp12:
	.loc	5 0 7 is_stmt 0                 @ ../src/board/amcbldc/v120/src/board_amcbldc_v120.c:0:7
	mov.w	r0, #192512
.Ltmp13:
	.loc	5 180 38 is_stmt 1              @ ../src/board/amcbldc/v120/src/board_amcbldc_v120.c:180:38
	str	r0, [sp, #4]
	mov.w	r0, #16777216
	.loc	5 184 37                        @ ../src/board/amcbldc/v120/src/board_amcbldc_v120.c:184:37
	strd	r0, r6, [sp, #60]
	mov.w	r0, #536870912
	.loc	5 187 37                        @ ../src/board/amcbldc/v120/src/board_amcbldc_v120.c:187:37
	str	r0, [sp, #72]
.Ltmp14:
	.loc	5 188 7                         @ ../src/board/amcbldc/v120/src/board_amcbldc_v120.c:188:7
	mov	r0, r4
.Ltmp15:
	.loc	5 183 36                        @ ../src/board/amcbldc/v120/src/board_amcbldc_v120.c:183:36
	str	r6, [sp, #44]
	.loc	5 185 35                        @ ../src/board/amcbldc/v120/src/board_amcbldc_v120.c:185:35
	str	r6, [sp, #68]
.Ltmp16:
	.loc	5 188 7                         @ ../src/board/amcbldc/v120/src/board_amcbldc_v120.c:188:7
	bl	HAL_RCCEx_PeriphCLKConfig
.Ltmp17:
	.loc	5 93 3                          @ ../src/board/amcbldc/v120/src/board_amcbldc_v120.c:93:3
	bl	MX_GPIO_Init
.Ltmp18:
	.loc	5 94 3                          @ ../src/board/amcbldc/v120/src/board_amcbldc_v120.c:94:3
	bl	MX_DMA_Init
.Ltmp19:
	.loc	5 104 3                         @ ../src/board/amcbldc/v120/src/board_amcbldc_v120.c:104:3
	bl	MX_RNG_Init
.Ltmp20:
	.loc	5 0 3 is_stmt 0                 @ ../src/board/amcbldc/v120/src/board_amcbldc_v120.c:0:3
	movw	r0, #1024
	movt	r0, #18432
	.loc	5 109 3 is_stmt 1               @ ../src/board/amcbldc/v120/src/board_amcbldc_v120.c:109:3
	movw	r1, #32804
	movs	r2, #1
	bl	HAL_GPIO_WritePin
.Ltmp21:
	.loc	5 110 1                         @ ../src/board/amcbldc/v120/src/board_amcbldc_v120.c:110:1
	add	sp, #164
	pop	{r4, r5, r6, r7, pc}
.Ltmp22:
.Lfunc_end0:
	.size	stm32hal_board_init, .Lfunc_end0-stm32hal_board_init
	.cfi_endproc
	.file	6 "C:\\Users\\grodriguez\\Documents\\iit\\icub-firmware\\emBODY\\eBcode\\arch-arm\\libs\\lowlevel\\stm32hal\\proj" "../api\\../src/driver/stm32g4-v120/inc/stm32g4xx_hal_rcc.h"
	.file	7 "C:\\Users\\grodriguez\\Documents\\iit\\icub-firmware\\emBODY\\eBcode\\arch-arm\\libs\\lowlevel\\stm32hal\\proj" "../src/driver/stm32g4-v120/inc/stm32g4xx_hal_rcc_ex.h"
	.cantunwind
	.fnend
                                        @ -- End function
	.section	.text.Error_Handler,"ax",%progbits
	.hidden	Error_Handler                   @ -- Begin function Error_Handler
	.globl	Error_Handler
	.p2align	1
	.type	Error_Handler,%function
	.code	16                              @ @Error_Handler
	.thumb_func
Error_Handler:
.Lfunc_begin1:
	.loc	5 122 0                         @ ../src/board/amcbldc/v120/src/board_amcbldc_v120.c:122:0
	.fnstart
	.cfi_startproc
@ %bb.0:
	.loc	5 127 1 prologue_end            @ ../src/board/amcbldc/v120/src/board_amcbldc_v120.c:127:1
	bx	lr
.Ltmp23:
.Lfunc_end1:
	.size	Error_Handler, .Lfunc_end1-Error_Handler
	.cfi_endproc
	.cantunwind
	.fnend
                                        @ -- End function
	.section	.debug_abbrev,"",%progbits
	.byte	1                               @ Abbreviation Code
	.byte	17                              @ DW_TAG_compile_unit
	.byte	1                               @ DW_CHILDREN_yes
	.byte	37                              @ DW_AT_producer
	.byte	14                              @ DW_FORM_strp
	.byte	19                              @ DW_AT_language
	.byte	5                               @ DW_FORM_data2
	.byte	3                               @ DW_AT_name
	.byte	14                              @ DW_FORM_strp
	.byte	16                              @ DW_AT_stmt_list
	.byte	23                              @ DW_FORM_sec_offset
	.byte	27                              @ DW_AT_comp_dir
	.byte	14                              @ DW_FORM_strp
	.byte	17                              @ DW_AT_low_pc
	.byte	1                               @ DW_FORM_addr
	.byte	85                              @ DW_AT_ranges
	.byte	23                              @ DW_FORM_sec_offset
	.byte	0                               @ EOM(1)
	.byte	0                               @ EOM(2)
	.byte	2                               @ Abbreviation Code
	.byte	4                               @ DW_TAG_enumeration_type
	.byte	1                               @ DW_CHILDREN_yes
	.byte	73                              @ DW_AT_type
	.byte	19                              @ DW_FORM_ref4
	.byte	11                              @ DW_AT_byte_size
	.byte	11                              @ DW_FORM_data1
	.byte	58                              @ DW_AT_decl_file
	.byte	11                              @ DW_FORM_data1
	.byte	59                              @ DW_AT_decl_line
	.byte	11                              @ DW_FORM_data1
	.byte	0                               @ EOM(1)
	.byte	0                               @ EOM(2)
	.byte	3                               @ Abbreviation Code
	.byte	40                              @ DW_TAG_enumerator
	.byte	0                               @ DW_CHILDREN_no
	.byte	3                               @ DW_AT_name
	.byte	14                              @ DW_FORM_strp
	.byte	28                              @ DW_AT_const_value
	.byte	15                              @ DW_FORM_udata
	.byte	0                               @ EOM(1)
	.byte	0                               @ EOM(2)
	.byte	4                               @ Abbreviation Code
	.byte	36                              @ DW_TAG_base_type
	.byte	0                               @ DW_CHILDREN_no
	.byte	3                               @ DW_AT_name
	.byte	14                              @ DW_FORM_strp
	.byte	62                              @ DW_AT_encoding
	.byte	11                              @ DW_FORM_data1
	.byte	11                              @ DW_AT_byte_size
	.byte	11                              @ DW_FORM_data1
	.byte	0                               @ EOM(1)
	.byte	0                               @ EOM(2)
	.byte	5                               @ Abbreviation Code
	.byte	15                              @ DW_TAG_pointer_type
	.byte	0                               @ DW_CHILDREN_no
	.byte	73                              @ DW_AT_type
	.byte	19                              @ DW_FORM_ref4
	.byte	0                               @ EOM(1)
	.byte	0                               @ EOM(2)
	.byte	6                               @ Abbreviation Code
	.byte	22                              @ DW_TAG_typedef
	.byte	0                               @ DW_CHILDREN_no
	.byte	73                              @ DW_AT_type
	.byte	19                              @ DW_FORM_ref4
	.byte	3                               @ DW_AT_name
	.byte	14                              @ DW_FORM_strp
	.byte	58                              @ DW_AT_decl_file
	.byte	11                              @ DW_FORM_data1
	.byte	59                              @ DW_AT_decl_line
	.byte	5                               @ DW_FORM_data2
	.byte	0                               @ EOM(1)
	.byte	0                               @ EOM(2)
	.byte	7                               @ Abbreviation Code
	.byte	19                              @ DW_TAG_structure_type
	.byte	1                               @ DW_CHILDREN_yes
	.byte	11                              @ DW_AT_byte_size
	.byte	11                              @ DW_FORM_data1
	.byte	58                              @ DW_AT_decl_file
	.byte	11                              @ DW_FORM_data1
	.byte	59                              @ DW_AT_decl_line
	.byte	5                               @ DW_FORM_data2
	.byte	0                               @ EOM(1)
	.byte	0                               @ EOM(2)
	.byte	8                               @ Abbreviation Code
	.byte	13                              @ DW_TAG_member
	.byte	0                               @ DW_CHILDREN_no
	.byte	3                               @ DW_AT_name
	.byte	14                              @ DW_FORM_strp
	.byte	73                              @ DW_AT_type
	.byte	19                              @ DW_FORM_ref4
	.byte	58                              @ DW_AT_decl_file
	.byte	11                              @ DW_FORM_data1
	.byte	59                              @ DW_AT_decl_line
	.byte	5                               @ DW_FORM_data2
	.byte	56                              @ DW_AT_data_member_location
	.byte	11                              @ DW_FORM_data1
	.byte	0                               @ EOM(1)
	.byte	0                               @ EOM(2)
	.byte	9                               @ Abbreviation Code
	.byte	53                              @ DW_TAG_volatile_type
	.byte	0                               @ DW_CHILDREN_no
	.byte	73                              @ DW_AT_type
	.byte	19                              @ DW_FORM_ref4
	.byte	0                               @ EOM(1)
	.byte	0                               @ EOM(2)
	.byte	10                              @ Abbreviation Code
	.byte	22                              @ DW_TAG_typedef
	.byte	0                               @ DW_CHILDREN_no
	.byte	73                              @ DW_AT_type
	.byte	19                              @ DW_FORM_ref4
	.byte	3                               @ DW_AT_name
	.byte	14                              @ DW_FORM_strp
	.byte	58                              @ DW_AT_decl_file
	.byte	11                              @ DW_FORM_data1
	.byte	59                              @ DW_AT_decl_line
	.byte	11                              @ DW_FORM_data1
	.byte	0                               @ EOM(1)
	.byte	0                               @ EOM(2)
	.byte	11                              @ Abbreviation Code
	.byte	1                               @ DW_TAG_array_type
	.byte	1                               @ DW_CHILDREN_yes
	.byte	73                              @ DW_AT_type
	.byte	19                              @ DW_FORM_ref4
	.byte	0                               @ EOM(1)
	.byte	0                               @ EOM(2)
	.byte	12                              @ Abbreviation Code
	.byte	33                              @ DW_TAG_subrange_type
	.byte	0                               @ DW_CHILDREN_no
	.byte	73                              @ DW_AT_type
	.byte	19                              @ DW_FORM_ref4
	.byte	55                              @ DW_AT_count
	.byte	11                              @ DW_FORM_data1
	.byte	0                               @ EOM(1)
	.byte	0                               @ EOM(2)
	.byte	13                              @ Abbreviation Code
	.byte	36                              @ DW_TAG_base_type
	.byte	0                               @ DW_CHILDREN_no
	.byte	3                               @ DW_AT_name
	.byte	14                              @ DW_FORM_strp
	.byte	11                              @ DW_AT_byte_size
	.byte	11                              @ DW_FORM_data1
	.byte	62                              @ DW_AT_encoding
	.byte	11                              @ DW_FORM_data1
	.byte	0                               @ EOM(1)
	.byte	0                               @ EOM(2)
	.byte	14                              @ Abbreviation Code
	.byte	46                              @ DW_TAG_subprogram
	.byte	1                               @ DW_CHILDREN_yes
	.byte	3                               @ DW_AT_name
	.byte	14                              @ DW_FORM_strp
	.byte	58                              @ DW_AT_decl_file
	.byte	11                              @ DW_FORM_data1
	.byte	59                              @ DW_AT_decl_line
	.byte	11                              @ DW_FORM_data1
	.byte	39                              @ DW_AT_prototyped
	.byte	25                              @ DW_FORM_flag_present
	.byte	32                              @ DW_AT_inline
	.byte	11                              @ DW_FORM_data1
	.byte	0                               @ EOM(1)
	.byte	0                               @ EOM(2)
	.byte	15                              @ Abbreviation Code
	.byte	52                              @ DW_TAG_variable
	.byte	0                               @ DW_CHILDREN_no
	.byte	3                               @ DW_AT_name
	.byte	14                              @ DW_FORM_strp
	.byte	58                              @ DW_AT_decl_file
	.byte	11                              @ DW_FORM_data1
	.byte	59                              @ DW_AT_decl_line
	.byte	11                              @ DW_FORM_data1
	.byte	73                              @ DW_AT_type
	.byte	19                              @ DW_FORM_ref4
	.byte	0                               @ EOM(1)
	.byte	0                               @ EOM(2)
	.byte	16                              @ Abbreviation Code
	.byte	19                              @ DW_TAG_structure_type
	.byte	1                               @ DW_CHILDREN_yes
	.byte	11                              @ DW_AT_byte_size
	.byte	11                              @ DW_FORM_data1
	.byte	58                              @ DW_AT_decl_file
	.byte	11                              @ DW_FORM_data1
	.byte	59                              @ DW_AT_decl_line
	.byte	11                              @ DW_FORM_data1
	.byte	0                               @ EOM(1)
	.byte	0                               @ EOM(2)
	.byte	17                              @ Abbreviation Code
	.byte	13                              @ DW_TAG_member
	.byte	0                               @ DW_CHILDREN_no
	.byte	3                               @ DW_AT_name
	.byte	14                              @ DW_FORM_strp
	.byte	73                              @ DW_AT_type
	.byte	19                              @ DW_FORM_ref4
	.byte	58                              @ DW_AT_decl_file
	.byte	11                              @ DW_FORM_data1
	.byte	59                              @ DW_AT_decl_line
	.byte	11                              @ DW_FORM_data1
	.byte	56                              @ DW_AT_data_member_location
	.byte	11                              @ DW_FORM_data1
	.byte	0                               @ EOM(1)
	.byte	0                               @ EOM(2)
	.byte	18                              @ Abbreviation Code
	.byte	46                              @ DW_TAG_subprogram
	.byte	1                               @ DW_CHILDREN_yes
	.byte	17                              @ DW_AT_low_pc
	.byte	1                               @ DW_FORM_addr
	.byte	18                              @ DW_AT_high_pc
	.byte	6                               @ DW_FORM_data4
	.byte	64                              @ DW_AT_frame_base
	.byte	24                              @ DW_FORM_exprloc
	.ascii	"\227B"                         @ DW_AT_GNU_all_call_sites
	.byte	25                              @ DW_FORM_flag_present
	.byte	3                               @ DW_AT_name
	.byte	14                              @ DW_FORM_strp
	.byte	58                              @ DW_AT_decl_file
	.byte	11                              @ DW_FORM_data1
	.byte	59                              @ DW_AT_decl_line
	.byte	11                              @ DW_FORM_data1
	.byte	39                              @ DW_AT_prototyped
	.byte	25                              @ DW_FORM_flag_present
	.byte	63                              @ DW_AT_external
	.byte	25                              @ DW_FORM_flag_present
	.byte	0                               @ EOM(1)
	.byte	0                               @ EOM(2)
	.byte	19                              @ Abbreviation Code
	.byte	29                              @ DW_TAG_inlined_subroutine
	.byte	1                               @ DW_CHILDREN_yes
	.byte	49                              @ DW_AT_abstract_origin
	.byte	19                              @ DW_FORM_ref4
	.byte	17                              @ DW_AT_low_pc
	.byte	1                               @ DW_FORM_addr
	.byte	18                              @ DW_AT_high_pc
	.byte	6                               @ DW_FORM_data4
	.byte	88                              @ DW_AT_call_file
	.byte	11                              @ DW_FORM_data1
	.byte	89                              @ DW_AT_call_line
	.byte	11                              @ DW_FORM_data1
	.byte	87                              @ DW_AT_call_column
	.byte	11                              @ DW_FORM_data1
	.byte	0                               @ EOM(1)
	.byte	0                               @ EOM(2)
	.byte	20                              @ Abbreviation Code
	.byte	52                              @ DW_TAG_variable
	.byte	0                               @ DW_CHILDREN_no
	.byte	2                               @ DW_AT_location
	.byte	24                              @ DW_FORM_exprloc
	.byte	49                              @ DW_AT_abstract_origin
	.byte	19                              @ DW_FORM_ref4
	.byte	0                               @ EOM(1)
	.byte	0                               @ EOM(2)
	.byte	21                              @ Abbreviation Code
	.byte	46                              @ DW_TAG_subprogram
	.byte	0                               @ DW_CHILDREN_no
	.byte	17                              @ DW_AT_low_pc
	.byte	1                               @ DW_FORM_addr
	.byte	18                              @ DW_AT_high_pc
	.byte	6                               @ DW_FORM_data4
	.byte	64                              @ DW_AT_frame_base
	.byte	24                              @ DW_FORM_exprloc
	.ascii	"\227B"                         @ DW_AT_GNU_all_call_sites
	.byte	25                              @ DW_FORM_flag_present
	.byte	3                               @ DW_AT_name
	.byte	14                              @ DW_FORM_strp
	.byte	58                              @ DW_AT_decl_file
	.byte	11                              @ DW_FORM_data1
	.byte	59                              @ DW_AT_decl_line
	.byte	11                              @ DW_FORM_data1
	.byte	39                              @ DW_AT_prototyped
	.byte	25                              @ DW_FORM_flag_present
	.byte	63                              @ DW_AT_external
	.byte	25                              @ DW_FORM_flag_present
	.byte	0                               @ EOM(1)
	.byte	0                               @ EOM(2)
	.byte	0                               @ EOM(3)
	.section	.debug_info,"",%progbits
.Lcu_begin0:
	.long	.Ldebug_info_end0-.Ldebug_info_start0 @ Length of Unit
.Ldebug_info_start0:
	.short	4                               @ DWARF version number
	.long	.debug_abbrev                   @ Offset Into Abbrev. Section
	.byte	4                               @ Address Size (in bytes)
	.byte	1                               @ Abbrev [1] 0xb:0x3d2 DW_TAG_compile_unit
	.long	.Linfo_string0                  @ DW_AT_producer
	.short	12                              @ DW_AT_language
	.long	.Linfo_string1                  @ DW_AT_name
	.long	.Lline_table_start0             @ DW_AT_stmt_list
	.long	.Linfo_string2                  @ DW_AT_comp_dir
	.long	0                               @ DW_AT_low_pc
	.long	.Ldebug_ranges0                 @ DW_AT_ranges
	.byte	2                               @ Abbrev [2] 0x26:0x21 DW_TAG_enumeration_type
	.long	71                              @ DW_AT_type
	.byte	1                               @ DW_AT_byte_size
	.byte	1                               @ DW_AT_decl_file
	.byte	39                              @ DW_AT_decl_line
	.byte	3                               @ Abbrev [3] 0x2e:0x6 DW_TAG_enumerator
	.long	.Linfo_string4                  @ DW_AT_name
	.byte	0                               @ DW_AT_const_value
	.byte	3                               @ Abbrev [3] 0x34:0x6 DW_TAG_enumerator
	.long	.Linfo_string5                  @ DW_AT_name
	.byte	1                               @ DW_AT_const_value
	.byte	3                               @ Abbrev [3] 0x3a:0x6 DW_TAG_enumerator
	.long	.Linfo_string6                  @ DW_AT_name
	.byte	2                               @ DW_AT_const_value
	.byte	3                               @ Abbrev [3] 0x40:0x6 DW_TAG_enumerator
	.long	.Linfo_string7                  @ DW_AT_name
	.byte	3                               @ DW_AT_const_value
	.byte	0                               @ End Of Children Mark
	.byte	4                               @ Abbrev [4] 0x47:0x7 DW_TAG_base_type
	.long	.Linfo_string3                  @ DW_AT_name
	.byte	8                               @ DW_AT_encoding
	.byte	1                               @ DW_AT_byte_size
	.byte	2                               @ Abbrev [2] 0x4e:0x15 DW_TAG_enumeration_type
	.long	71                              @ DW_AT_type
	.byte	1                               @ DW_AT_byte_size
	.byte	2                               @ DW_AT_decl_file
	.byte	69                              @ DW_AT_decl_line
	.byte	3                               @ Abbrev [3] 0x56:0x6 DW_TAG_enumerator
	.long	.Linfo_string8                  @ DW_AT_name
	.byte	0                               @ DW_AT_const_value
	.byte	3                               @ Abbrev [3] 0x5c:0x6 DW_TAG_enumerator
	.long	.Linfo_string9                  @ DW_AT_name
	.byte	1                               @ DW_AT_const_value
	.byte	0                               @ End Of Children Mark
	.byte	5                               @ Abbrev [5] 0x63:0x5 DW_TAG_pointer_type
	.long	104                             @ DW_AT_type
	.byte	6                               @ Abbrev [6] 0x68:0xc DW_TAG_typedef
	.long	116                             @ DW_AT_type
	.long	.Linfo_string23                 @ DW_AT_name
	.byte	4                               @ DW_AT_decl_file
	.short	546                             @ DW_AT_decl_line
	.byte	7                               @ Abbrev [7] 0x74:0x88 DW_TAG_structure_type
	.byte	44                              @ DW_AT_byte_size
	.byte	4                               @ DW_AT_decl_file
	.short	534                             @ DW_AT_decl_line
	.byte	8                               @ Abbrev [8] 0x79:0xd DW_TAG_member
	.long	.Linfo_string10                 @ DW_AT_name
	.long	252                             @ DW_AT_type
	.byte	4                               @ DW_AT_decl_file
	.short	536                             @ DW_AT_decl_line
	.byte	0                               @ DW_AT_data_member_location
	.byte	8                               @ Abbrev [8] 0x86:0xd DW_TAG_member
	.long	.Linfo_string13                 @ DW_AT_name
	.long	252                             @ DW_AT_type
	.byte	4                               @ DW_AT_decl_file
	.short	537                             @ DW_AT_decl_line
	.byte	4                               @ DW_AT_data_member_location
	.byte	8                               @ Abbrev [8] 0x93:0xd DW_TAG_member
	.long	.Linfo_string14                 @ DW_AT_name
	.long	252                             @ DW_AT_type
	.byte	4                               @ DW_AT_decl_file
	.short	538                             @ DW_AT_decl_line
	.byte	8                               @ DW_AT_data_member_location
	.byte	8                               @ Abbrev [8] 0xa0:0xd DW_TAG_member
	.long	.Linfo_string15                 @ DW_AT_name
	.long	252                             @ DW_AT_type
	.byte	4                               @ DW_AT_decl_file
	.short	539                             @ DW_AT_decl_line
	.byte	12                              @ DW_AT_data_member_location
	.byte	8                               @ Abbrev [8] 0xad:0xd DW_TAG_member
	.long	.Linfo_string16                 @ DW_AT_name
	.long	252                             @ DW_AT_type
	.byte	4                               @ DW_AT_decl_file
	.short	540                             @ DW_AT_decl_line
	.byte	16                              @ DW_AT_data_member_location
	.byte	8                               @ Abbrev [8] 0xba:0xd DW_TAG_member
	.long	.Linfo_string17                 @ DW_AT_name
	.long	252                             @ DW_AT_type
	.byte	4                               @ DW_AT_decl_file
	.short	541                             @ DW_AT_decl_line
	.byte	20                              @ DW_AT_data_member_location
	.byte	8                               @ Abbrev [8] 0xc7:0xd DW_TAG_member
	.long	.Linfo_string18                 @ DW_AT_name
	.long	252                             @ DW_AT_type
	.byte	4                               @ DW_AT_decl_file
	.short	542                             @ DW_AT_decl_line
	.byte	24                              @ DW_AT_data_member_location
	.byte	8                               @ Abbrev [8] 0xd4:0xd DW_TAG_member
	.long	.Linfo_string19                 @ DW_AT_name
	.long	252                             @ DW_AT_type
	.byte	4                               @ DW_AT_decl_file
	.short	543                             @ DW_AT_decl_line
	.byte	28                              @ DW_AT_data_member_location
	.byte	8                               @ Abbrev [8] 0xe1:0xd DW_TAG_member
	.long	.Linfo_string20                 @ DW_AT_name
	.long	275                             @ DW_AT_type
	.byte	4                               @ DW_AT_decl_file
	.short	544                             @ DW_AT_decl_line
	.byte	32                              @ DW_AT_data_member_location
	.byte	8                               @ Abbrev [8] 0xee:0xd DW_TAG_member
	.long	.Linfo_string22                 @ DW_AT_name
	.long	252                             @ DW_AT_type
	.byte	4                               @ DW_AT_decl_file
	.short	545                             @ DW_AT_decl_line
	.byte	40                              @ DW_AT_data_member_location
	.byte	0                               @ End Of Children Mark
	.byte	9                               @ Abbrev [9] 0xfc:0x5 DW_TAG_volatile_type
	.long	257                             @ DW_AT_type
	.byte	10                              @ Abbrev [10] 0x101:0xb DW_TAG_typedef
	.long	268                             @ DW_AT_type
	.long	.Linfo_string12                 @ DW_AT_name
	.byte	3                               @ DW_AT_decl_file
	.byte	64                              @ DW_AT_decl_line
	.byte	4                               @ Abbrev [4] 0x10c:0x7 DW_TAG_base_type
	.long	.Linfo_string11                 @ DW_AT_name
	.byte	7                               @ DW_AT_encoding
	.byte	4                               @ DW_AT_byte_size
	.byte	11                              @ Abbrev [11] 0x113:0xc DW_TAG_array_type
	.long	252                             @ DW_AT_type
	.byte	12                              @ Abbrev [12] 0x118:0x6 DW_TAG_subrange_type
	.long	287                             @ DW_AT_type
	.byte	2                               @ DW_AT_count
	.byte	0                               @ End Of Children Mark
	.byte	13                              @ Abbrev [13] 0x11f:0x7 DW_TAG_base_type
	.long	.Linfo_string21                 @ DW_AT_name
	.byte	8                               @ DW_AT_byte_size
	.byte	7                               @ DW_AT_encoding
	.byte	10                              @ Abbrev [10] 0x126:0xb DW_TAG_typedef
	.long	305                             @ DW_AT_type
	.long	.Linfo_string25                 @ DW_AT_name
	.byte	3                               @ DW_AT_decl_file
	.byte	63                              @ DW_AT_decl_line
	.byte	4                               @ Abbrev [4] 0x131:0x7 DW_TAG_base_type
	.long	.Linfo_string24                 @ DW_AT_name
	.byte	7                               @ DW_AT_encoding
	.byte	2                               @ DW_AT_byte_size
	.byte	14                              @ Abbrev [14] 0x138:0x2a DW_TAG_subprogram
	.long	.Linfo_string26                 @ DW_AT_name
	.byte	5                               @ DW_AT_decl_file
	.byte	139                             @ DW_AT_decl_line
                                        @ DW_AT_prototyped
	.byte	1                               @ DW_AT_inline
	.byte	15                              @ Abbrev [15] 0x140:0xb DW_TAG_variable
	.long	.Linfo_string27                 @ DW_AT_name
	.byte	5                               @ DW_AT_decl_file
	.byte	141                             @ DW_AT_decl_line
	.long	354                             @ DW_AT_type
	.byte	15                              @ Abbrev [15] 0x14b:0xb DW_TAG_variable
	.long	.Linfo_string45                 @ DW_AT_name
	.byte	5                               @ DW_AT_decl_file
	.byte	142                             @ DW_AT_decl_line
	.long	566                             @ DW_AT_type
	.byte	15                              @ Abbrev [15] 0x156:0xb DW_TAG_variable
	.long	.Linfo_string52                 @ DW_AT_name
	.byte	5                               @ DW_AT_decl_file
	.byte	143                             @ DW_AT_decl_line
	.long	642                             @ DW_AT_type
	.byte	0                               @ End Of Children Mark
	.byte	10                              @ Abbrev [10] 0x162:0xb DW_TAG_typedef
	.long	365                             @ DW_AT_type
	.long	.Linfo_string44                 @ DW_AT_name
	.byte	6                               @ DW_AT_decl_file
	.byte	101                             @ DW_AT_decl_line
	.byte	16                              @ Abbrev [16] 0x16d:0x65 DW_TAG_structure_type
	.byte	56                              @ DW_AT_byte_size
	.byte	6                               @ DW_AT_decl_file
	.byte	76                              @ DW_AT_decl_line
	.byte	17                              @ Abbrev [17] 0x171:0xc DW_TAG_member
	.long	.Linfo_string28                 @ DW_AT_name
	.long	257                             @ DW_AT_type
	.byte	6                               @ DW_AT_decl_file
	.byte	78                              @ DW_AT_decl_line
	.byte	0                               @ DW_AT_data_member_location
	.byte	17                              @ Abbrev [17] 0x17d:0xc DW_TAG_member
	.long	.Linfo_string29                 @ DW_AT_name
	.long	257                             @ DW_AT_type
	.byte	6                               @ DW_AT_decl_file
	.byte	81                              @ DW_AT_decl_line
	.byte	4                               @ DW_AT_data_member_location
	.byte	17                              @ Abbrev [17] 0x189:0xc DW_TAG_member
	.long	.Linfo_string30                 @ DW_AT_name
	.long	257                             @ DW_AT_type
	.byte	6                               @ DW_AT_decl_file
	.byte	84                              @ DW_AT_decl_line
	.byte	8                               @ DW_AT_data_member_location
	.byte	17                              @ Abbrev [17] 0x195:0xc DW_TAG_member
	.long	.Linfo_string31                 @ DW_AT_name
	.long	257                             @ DW_AT_type
	.byte	6                               @ DW_AT_decl_file
	.byte	87                              @ DW_AT_decl_line
	.byte	12                              @ DW_AT_data_member_location
	.byte	17                              @ Abbrev [17] 0x1a1:0xc DW_TAG_member
	.long	.Linfo_string32                 @ DW_AT_name
	.long	257                             @ DW_AT_type
	.byte	6                               @ DW_AT_decl_file
	.byte	90                              @ DW_AT_decl_line
	.byte	16                              @ DW_AT_data_member_location
	.byte	17                              @ Abbrev [17] 0x1ad:0xc DW_TAG_member
	.long	.Linfo_string33                 @ DW_AT_name
	.long	257                             @ DW_AT_type
	.byte	6                               @ DW_AT_decl_file
	.byte	93                              @ DW_AT_decl_line
	.byte	20                              @ DW_AT_data_member_location
	.byte	17                              @ Abbrev [17] 0x1b9:0xc DW_TAG_member
	.long	.Linfo_string34                 @ DW_AT_name
	.long	257                             @ DW_AT_type
	.byte	6                               @ DW_AT_decl_file
	.byte	96                              @ DW_AT_decl_line
	.byte	24                              @ DW_AT_data_member_location
	.byte	17                              @ Abbrev [17] 0x1c5:0xc DW_TAG_member
	.long	.Linfo_string35                 @ DW_AT_name
	.long	466                             @ DW_AT_type
	.byte	6                               @ DW_AT_decl_file
	.byte	99                              @ DW_AT_decl_line
	.byte	28                              @ DW_AT_data_member_location
	.byte	0                               @ End Of Children Mark
	.byte	10                              @ Abbrev [10] 0x1d2:0xb DW_TAG_typedef
	.long	477                             @ DW_AT_type
	.long	.Linfo_string43                 @ DW_AT_name
	.byte	6                               @ DW_AT_decl_file
	.byte	71                              @ DW_AT_decl_line
	.byte	16                              @ Abbrev [16] 0x1dd:0x59 DW_TAG_structure_type
	.byte	28                              @ DW_AT_byte_size
	.byte	6                               @ DW_AT_decl_file
	.byte	47                              @ DW_AT_decl_line
	.byte	17                              @ Abbrev [17] 0x1e1:0xc DW_TAG_member
	.long	.Linfo_string36                 @ DW_AT_name
	.long	257                             @ DW_AT_type
	.byte	6                               @ DW_AT_decl_file
	.byte	49                              @ DW_AT_decl_line
	.byte	0                               @ DW_AT_data_member_location
	.byte	17                              @ Abbrev [17] 0x1ed:0xc DW_TAG_member
	.long	.Linfo_string37                 @ DW_AT_name
	.long	257                             @ DW_AT_type
	.byte	6                               @ DW_AT_decl_file
	.byte	52                              @ DW_AT_decl_line
	.byte	4                               @ DW_AT_data_member_location
	.byte	17                              @ Abbrev [17] 0x1f9:0xc DW_TAG_member
	.long	.Linfo_string38                 @ DW_AT_name
	.long	257                             @ DW_AT_type
	.byte	6                               @ DW_AT_decl_file
	.byte	55                              @ DW_AT_decl_line
	.byte	8                               @ DW_AT_data_member_location
	.byte	17                              @ Abbrev [17] 0x205:0xc DW_TAG_member
	.long	.Linfo_string39                 @ DW_AT_name
	.long	257                             @ DW_AT_type
	.byte	6                               @ DW_AT_decl_file
	.byte	58                              @ DW_AT_decl_line
	.byte	12                              @ DW_AT_data_member_location
	.byte	17                              @ Abbrev [17] 0x211:0xc DW_TAG_member
	.long	.Linfo_string40                 @ DW_AT_name
	.long	257                             @ DW_AT_type
	.byte	6                               @ DW_AT_decl_file
	.byte	61                              @ DW_AT_decl_line
	.byte	16                              @ DW_AT_data_member_location
	.byte	17                              @ Abbrev [17] 0x21d:0xc DW_TAG_member
	.long	.Linfo_string41                 @ DW_AT_name
	.long	257                             @ DW_AT_type
	.byte	6                               @ DW_AT_decl_file
	.byte	64                              @ DW_AT_decl_line
	.byte	20                              @ DW_AT_data_member_location
	.byte	17                              @ Abbrev [17] 0x229:0xc DW_TAG_member
	.long	.Linfo_string42                 @ DW_AT_name
	.long	257                             @ DW_AT_type
	.byte	6                               @ DW_AT_decl_file
	.byte	67                              @ DW_AT_decl_line
	.byte	24                              @ DW_AT_data_member_location
	.byte	0                               @ End Of Children Mark
	.byte	10                              @ Abbrev [10] 0x236:0xb DW_TAG_typedef
	.long	577                             @ DW_AT_type
	.long	.Linfo_string51                 @ DW_AT_name
	.byte	6                               @ DW_AT_decl_file
	.byte	123                             @ DW_AT_decl_line
	.byte	16                              @ Abbrev [16] 0x241:0x41 DW_TAG_structure_type
	.byte	20                              @ DW_AT_byte_size
	.byte	6                               @ DW_AT_decl_file
	.byte	106                             @ DW_AT_decl_line
	.byte	17                              @ Abbrev [17] 0x245:0xc DW_TAG_member
	.long	.Linfo_string46                 @ DW_AT_name
	.long	257                             @ DW_AT_type
	.byte	6                               @ DW_AT_decl_file
	.byte	108                             @ DW_AT_decl_line
	.byte	0                               @ DW_AT_data_member_location
	.byte	17                              @ Abbrev [17] 0x251:0xc DW_TAG_member
	.long	.Linfo_string47                 @ DW_AT_name
	.long	257                             @ DW_AT_type
	.byte	6                               @ DW_AT_decl_file
	.byte	111                             @ DW_AT_decl_line
	.byte	4                               @ DW_AT_data_member_location
	.byte	17                              @ Abbrev [17] 0x25d:0xc DW_TAG_member
	.long	.Linfo_string48                 @ DW_AT_name
	.long	257                             @ DW_AT_type
	.byte	6                               @ DW_AT_decl_file
	.byte	114                             @ DW_AT_decl_line
	.byte	8                               @ DW_AT_data_member_location
	.byte	17                              @ Abbrev [17] 0x269:0xc DW_TAG_member
	.long	.Linfo_string49                 @ DW_AT_name
	.long	257                             @ DW_AT_type
	.byte	6                               @ DW_AT_decl_file
	.byte	117                             @ DW_AT_decl_line
	.byte	12                              @ DW_AT_data_member_location
	.byte	17                              @ Abbrev [17] 0x275:0xc DW_TAG_member
	.long	.Linfo_string50                 @ DW_AT_name
	.long	257                             @ DW_AT_type
	.byte	6                               @ DW_AT_decl_file
	.byte	120                             @ DW_AT_decl_line
	.byte	16                              @ DW_AT_data_member_location
	.byte	0                               @ End Of Children Mark
	.byte	10                              @ Abbrev [10] 0x282:0xb DW_TAG_typedef
	.long	653                             @ DW_AT_type
	.long	.Linfo_string74                 @ DW_AT_name
	.byte	7                               @ DW_AT_decl_file
	.byte	128                             @ DW_AT_decl_line
	.byte	16                              @ Abbrev [16] 0x28d:0x101 DW_TAG_structure_type
	.byte	84                              @ DW_AT_byte_size
	.byte	7                               @ DW_AT_decl_file
	.byte	48                              @ DW_AT_decl_line
	.byte	17                              @ Abbrev [17] 0x291:0xc DW_TAG_member
	.long	.Linfo_string53                 @ DW_AT_name
	.long	257                             @ DW_AT_type
	.byte	7                               @ DW_AT_decl_file
	.byte	50                              @ DW_AT_decl_line
	.byte	0                               @ DW_AT_data_member_location
	.byte	17                              @ Abbrev [17] 0x29d:0xc DW_TAG_member
	.long	.Linfo_string54                 @ DW_AT_name
	.long	257                             @ DW_AT_type
	.byte	7                               @ DW_AT_decl_file
	.byte	53                              @ DW_AT_decl_line
	.byte	4                               @ DW_AT_data_member_location
	.byte	17                              @ Abbrev [17] 0x2a9:0xc DW_TAG_member
	.long	.Linfo_string55                 @ DW_AT_name
	.long	257                             @ DW_AT_type
	.byte	7                               @ DW_AT_decl_file
	.byte	56                              @ DW_AT_decl_line
	.byte	8                               @ DW_AT_data_member_location
	.byte	17                              @ Abbrev [17] 0x2b5:0xc DW_TAG_member
	.long	.Linfo_string56                 @ DW_AT_name
	.long	257                             @ DW_AT_type
	.byte	7                               @ DW_AT_decl_file
	.byte	59                              @ DW_AT_decl_line
	.byte	12                              @ DW_AT_data_member_location
	.byte	17                              @ Abbrev [17] 0x2c1:0xc DW_TAG_member
	.long	.Linfo_string57                 @ DW_AT_name
	.long	257                             @ DW_AT_type
	.byte	7                               @ DW_AT_decl_file
	.byte	63                              @ DW_AT_decl_line
	.byte	16                              @ DW_AT_data_member_location
	.byte	17                              @ Abbrev [17] 0x2cd:0xc DW_TAG_member
	.long	.Linfo_string58                 @ DW_AT_name
	.long	257                             @ DW_AT_type
	.byte	7                               @ DW_AT_decl_file
	.byte	68                              @ DW_AT_decl_line
	.byte	20                              @ DW_AT_data_member_location
	.byte	17                              @ Abbrev [17] 0x2d9:0xc DW_TAG_member
	.long	.Linfo_string59                 @ DW_AT_name
	.long	257                             @ DW_AT_type
	.byte	7                               @ DW_AT_decl_file
	.byte	73                              @ DW_AT_decl_line
	.byte	24                              @ DW_AT_data_member_location
	.byte	17                              @ Abbrev [17] 0x2e5:0xc DW_TAG_member
	.long	.Linfo_string60                 @ DW_AT_name
	.long	257                             @ DW_AT_type
	.byte	7                               @ DW_AT_decl_file
	.byte	76                              @ DW_AT_decl_line
	.byte	28                              @ DW_AT_data_member_location
	.byte	17                              @ Abbrev [17] 0x2f1:0xc DW_TAG_member
	.long	.Linfo_string61                 @ DW_AT_name
	.long	257                             @ DW_AT_type
	.byte	7                               @ DW_AT_decl_file
	.byte	79                              @ DW_AT_decl_line
	.byte	32                              @ DW_AT_data_member_location
	.byte	17                              @ Abbrev [17] 0x2fd:0xc DW_TAG_member
	.long	.Linfo_string62                 @ DW_AT_name
	.long	257                             @ DW_AT_type
	.byte	7                               @ DW_AT_decl_file
	.byte	82                              @ DW_AT_decl_line
	.byte	36                              @ DW_AT_data_member_location
	.byte	17                              @ Abbrev [17] 0x309:0xc DW_TAG_member
	.long	.Linfo_string63                 @ DW_AT_name
	.long	257                             @ DW_AT_type
	.byte	7                               @ DW_AT_decl_file
	.byte	87                              @ DW_AT_decl_line
	.byte	40                              @ DW_AT_data_member_location
	.byte	17                              @ Abbrev [17] 0x315:0xc DW_TAG_member
	.long	.Linfo_string64                 @ DW_AT_name
	.long	257                             @ DW_AT_type
	.byte	7                               @ DW_AT_decl_file
	.byte	91                              @ DW_AT_decl_line
	.byte	44                              @ DW_AT_data_member_location
	.byte	17                              @ Abbrev [17] 0x321:0xc DW_TAG_member
	.long	.Linfo_string65                 @ DW_AT_name
	.long	257                             @ DW_AT_type
	.byte	7                               @ DW_AT_decl_file
	.byte	94                              @ DW_AT_decl_line
	.byte	48                              @ DW_AT_data_member_location
	.byte	17                              @ Abbrev [17] 0x32d:0xc DW_TAG_member
	.long	.Linfo_string66                 @ DW_AT_name
	.long	257                             @ DW_AT_type
	.byte	7                               @ DW_AT_decl_file
	.byte	97                              @ DW_AT_decl_line
	.byte	52                              @ DW_AT_data_member_location
	.byte	17                              @ Abbrev [17] 0x339:0xc DW_TAG_member
	.long	.Linfo_string67                 @ DW_AT_name
	.long	257                             @ DW_AT_type
	.byte	7                               @ DW_AT_decl_file
	.byte	101                             @ DW_AT_decl_line
	.byte	56                              @ DW_AT_data_member_location
	.byte	17                              @ Abbrev [17] 0x345:0xc DW_TAG_member
	.long	.Linfo_string68                 @ DW_AT_name
	.long	257                             @ DW_AT_type
	.byte	7                               @ DW_AT_decl_file
	.byte	106                             @ DW_AT_decl_line
	.byte	60                              @ DW_AT_data_member_location
	.byte	17                              @ Abbrev [17] 0x351:0xc DW_TAG_member
	.long	.Linfo_string69                 @ DW_AT_name
	.long	257                             @ DW_AT_type
	.byte	7                               @ DW_AT_decl_file
	.byte	110                             @ DW_AT_decl_line
	.byte	64                              @ DW_AT_data_member_location
	.byte	17                              @ Abbrev [17] 0x35d:0xc DW_TAG_member
	.long	.Linfo_string70                 @ DW_AT_name
	.long	257                             @ DW_AT_type
	.byte	7                               @ DW_AT_decl_file
	.byte	113                             @ DW_AT_decl_line
	.byte	68                              @ DW_AT_data_member_location
	.byte	17                              @ Abbrev [17] 0x369:0xc DW_TAG_member
	.long	.Linfo_string71                 @ DW_AT_name
	.long	257                             @ DW_AT_type
	.byte	7                               @ DW_AT_decl_file
	.byte	117                             @ DW_AT_decl_line
	.byte	72                              @ DW_AT_data_member_location
	.byte	17                              @ Abbrev [17] 0x375:0xc DW_TAG_member
	.long	.Linfo_string72                 @ DW_AT_name
	.long	257                             @ DW_AT_type
	.byte	7                               @ DW_AT_decl_file
	.byte	122                             @ DW_AT_decl_line
	.byte	76                              @ DW_AT_data_member_location
	.byte	17                              @ Abbrev [17] 0x381:0xc DW_TAG_member
	.long	.Linfo_string73                 @ DW_AT_name
	.long	257                             @ DW_AT_type
	.byte	7                               @ DW_AT_decl_file
	.byte	126                             @ DW_AT_decl_line
	.byte	80                              @ DW_AT_data_member_location
	.byte	0                               @ End Of Children Mark
	.byte	18                              @ Abbrev [18] 0x38e:0x3d DW_TAG_subprogram
	.long	.Lfunc_begin0                   @ DW_AT_low_pc
	.long	.Lfunc_end0-.Lfunc_begin0       @ DW_AT_high_pc
	.byte	1                               @ DW_AT_frame_base
	.byte	93
                                        @ DW_AT_GNU_all_call_sites
	.long	.Linfo_string75                 @ DW_AT_name
	.byte	5                               @ DW_AT_decl_file
	.byte	68                              @ DW_AT_decl_line
                                        @ DW_AT_prototyped
                                        @ DW_AT_external
	.byte	19                              @ Abbrev [19] 0x39f:0x2b DW_TAG_inlined_subroutine
	.long	312                             @ DW_AT_abstract_origin
	.long	.Ltmp2                          @ DW_AT_low_pc
	.long	.Ltmp17-.Ltmp2                  @ DW_AT_high_pc
	.byte	5                               @ DW_AT_call_file
	.byte	86                              @ DW_AT_call_line
	.byte	3                               @ DW_AT_call_column
	.byte	20                              @ Abbrev [20] 0x3af:0x9 DW_TAG_variable
	.byte	3                               @ DW_AT_location
	.byte	145
	.asciz	"\354"
	.long	320                             @ DW_AT_abstract_origin
	.byte	20                              @ Abbrev [20] 0x3b8:0x9 DW_TAG_variable
	.byte	3                               @ DW_AT_location
	.byte	145
	.asciz	"\330"
	.long	331                             @ DW_AT_abstract_origin
	.byte	20                              @ Abbrev [20] 0x3c1:0x8 DW_TAG_variable
	.byte	2                               @ DW_AT_location
	.byte	145
	.byte	4
	.long	342                             @ DW_AT_abstract_origin
	.byte	0                               @ End Of Children Mark
	.byte	0                               @ End Of Children Mark
	.byte	21                              @ Abbrev [21] 0x3cb:0x11 DW_TAG_subprogram
	.long	.Lfunc_begin1                   @ DW_AT_low_pc
	.long	.Lfunc_end1-.Lfunc_begin1       @ DW_AT_high_pc
	.byte	1                               @ DW_AT_frame_base
	.byte	93
                                        @ DW_AT_GNU_all_call_sites
	.long	.Linfo_string76                 @ DW_AT_name
	.byte	5                               @ DW_AT_decl_file
	.byte	121                             @ DW_AT_decl_line
                                        @ DW_AT_prototyped
                                        @ DW_AT_external
	.byte	0                               @ End Of Children Mark
.Ldebug_info_end0:
	.section	.debug_ranges,"",%progbits
.Ldebug_ranges0:
	.long	.Lfunc_begin0
	.long	.Lfunc_end0
	.long	.Lfunc_begin1
	.long	.Lfunc_end1
	.long	0
	.long	0
	.section	.debug_str,"MS",%progbits,1
.Linfo_string0:
	.asciz	"Component: ARM Compiler 6.16 Tool: armclang [5dfeb700]" @ string offset=0
.Linfo_string1:
	.asciz	"../src/board/amcbldc/v120/src\\board_amcbldc_v120.c" @ string offset=55
.Linfo_string2:
	.asciz	"C:\\Users\\grodriguez\\Documents\\iit\\icub-firmware\\emBODY\\eBcode\\arch-arm\\libs\\lowlevel\\stm32hal\\proj" @ string offset=106
.Linfo_string3:
	.asciz	"unsigned char"                 @ string offset=205
.Linfo_string4:
	.asciz	"HAL_OK"                        @ string offset=219
.Linfo_string5:
	.asciz	"HAL_ERROR"                     @ string offset=226
.Linfo_string6:
	.asciz	"HAL_BUSY"                      @ string offset=236
.Linfo_string7:
	.asciz	"HAL_TIMEOUT"                   @ string offset=245
.Linfo_string8:
	.asciz	"GPIO_PIN_RESET"                @ string offset=257
.Linfo_string9:
	.asciz	"GPIO_PIN_SET"                  @ string offset=272
.Linfo_string10:
	.asciz	"MODER"                         @ string offset=285
.Linfo_string11:
	.asciz	"unsigned int"                  @ string offset=291
.Linfo_string12:
	.asciz	"uint32_t"                      @ string offset=304
.Linfo_string13:
	.asciz	"OTYPER"                        @ string offset=313
.Linfo_string14:
	.asciz	"OSPEEDR"                       @ string offset=320
.Linfo_string15:
	.asciz	"PUPDR"                         @ string offset=328
.Linfo_string16:
	.asciz	"IDR"                           @ string offset=334
.Linfo_string17:
	.asciz	"ODR"                           @ string offset=338
.Linfo_string18:
	.asciz	"BSRR"                          @ string offset=342
.Linfo_string19:
	.asciz	"LCKR"                          @ string offset=347
.Linfo_string20:
	.asciz	"AFR"                           @ string offset=352
.Linfo_string21:
	.asciz	"__ARRAY_SIZE_TYPE__"           @ string offset=356
.Linfo_string22:
	.asciz	"BRR"                           @ string offset=376
.Linfo_string23:
	.asciz	"GPIO_TypeDef"                  @ string offset=380
.Linfo_string24:
	.asciz	"unsigned short"                @ string offset=393
.Linfo_string25:
	.asciz	"uint16_t"                      @ string offset=408
.Linfo_string26:
	.asciz	"SystemClock_Config"            @ string offset=417
.Linfo_string27:
	.asciz	"RCC_OscInitStruct"             @ string offset=436
.Linfo_string28:
	.asciz	"OscillatorType"                @ string offset=454
.Linfo_string29:
	.asciz	"HSEState"                      @ string offset=469
.Linfo_string30:
	.asciz	"LSEState"                      @ string offset=478
.Linfo_string31:
	.asciz	"HSIState"                      @ string offset=487
.Linfo_string32:
	.asciz	"HSICalibrationValue"           @ string offset=496
.Linfo_string33:
	.asciz	"LSIState"                      @ string offset=516
.Linfo_string34:
	.asciz	"HSI48State"                    @ string offset=525
.Linfo_string35:
	.asciz	"PLL"                           @ string offset=536
.Linfo_string36:
	.asciz	"PLLState"                      @ string offset=540
.Linfo_string37:
	.asciz	"PLLSource"                     @ string offset=549
.Linfo_string38:
	.asciz	"PLLM"                          @ string offset=559
.Linfo_string39:
	.asciz	"PLLN"                          @ string offset=564
.Linfo_string40:
	.asciz	"PLLP"                          @ string offset=569
.Linfo_string41:
	.asciz	"PLLQ"                          @ string offset=574
.Linfo_string42:
	.asciz	"PLLR"                          @ string offset=579
.Linfo_string43:
	.asciz	"RCC_PLLInitTypeDef"            @ string offset=584
.Linfo_string44:
	.asciz	"RCC_OscInitTypeDef"            @ string offset=603
.Linfo_string45:
	.asciz	"RCC_ClkInitStruct"             @ string offset=622
.Linfo_string46:
	.asciz	"ClockType"                     @ string offset=640
.Linfo_string47:
	.asciz	"SYSCLKSource"                  @ string offset=650
.Linfo_string48:
	.asciz	"AHBCLKDivider"                 @ string offset=663
.Linfo_string49:
	.asciz	"APB1CLKDivider"                @ string offset=677
.Linfo_string50:
	.asciz	"APB2CLKDivider"                @ string offset=692
.Linfo_string51:
	.asciz	"RCC_ClkInitTypeDef"            @ string offset=707
.Linfo_string52:
	.asciz	"PeriphClkInit"                 @ string offset=726
.Linfo_string53:
	.asciz	"PeriphClockSelection"          @ string offset=740
.Linfo_string54:
	.asciz	"Usart1ClockSelection"          @ string offset=761
.Linfo_string55:
	.asciz	"Usart2ClockSelection"          @ string offset=782
.Linfo_string56:
	.asciz	"Usart3ClockSelection"          @ string offset=803
.Linfo_string57:
	.asciz	"Uart4ClockSelection"           @ string offset=824
.Linfo_string58:
	.asciz	"Uart5ClockSelection"           @ string offset=844
.Linfo_string59:
	.asciz	"Lpuart1ClockSelection"         @ string offset=864
.Linfo_string60:
	.asciz	"I2c1ClockSelection"            @ string offset=886
.Linfo_string61:
	.asciz	"I2c2ClockSelection"            @ string offset=905
.Linfo_string62:
	.asciz	"I2c3ClockSelection"            @ string offset=924
.Linfo_string63:
	.asciz	"I2c4ClockSelection"            @ string offset=943
.Linfo_string64:
	.asciz	"Lptim1ClockSelection"          @ string offset=962
.Linfo_string65:
	.asciz	"Sai1ClockSelection"            @ string offset=983
.Linfo_string66:
	.asciz	"I2sClockSelection"             @ string offset=1002
.Linfo_string67:
	.asciz	"FdcanClockSelection"           @ string offset=1020
.Linfo_string68:
	.asciz	"UsbClockSelection"             @ string offset=1040
.Linfo_string69:
	.asciz	"RngClockSelection"             @ string offset=1058
.Linfo_string70:
	.asciz	"Adc12ClockSelection"           @ string offset=1076
.Linfo_string71:
	.asciz	"Adc345ClockSelection"          @ string offset=1096
.Linfo_string72:
	.asciz	"QspiClockSelection"            @ string offset=1117
.Linfo_string73:
	.asciz	"RTCClockSelection"             @ string offset=1136
.Linfo_string74:
	.asciz	"RCC_PeriphCLKInitTypeDef"      @ string offset=1154
.Linfo_string75:
	.asciz	"stm32hal_board_init"           @ string offset=1179
.Linfo_string76:
	.asciz	"Error_Handler"                 @ string offset=1199
	.ident	"Component: ARM Compiler 6.16 Tool: armclang [5dfeb700]"
	.section	".note.GNU-stack","",%progbits
	.eabi_attribute	30, 3	@ Tag_ABI_optimization_goals
	.ARM_attribute	16, 1	@ Tag_AV_eba
	.section	.debug_line,"",%progbits
.Lline_table_start0:
