	.text
	.syntax unified
	.eabi_attribute	67, "2.09"	@ Tag_conformance
	.cpu	cortex-m4
	.eabi_attribute	6, 13	@ Tag_CPU_arch
	.eabi_attribute	7, 77	@ Tag_CPU_arch_profile
	.eabi_attribute	8, 0	@ Tag_ARM_ISA_use
	.eabi_attribute	9, 2	@ Tag_THUMB_ISA_use
	.fpu	fpv4-sp-d16
	.eabi_attribute	27, 1	@ Tag_ABI_HardFP_use
	.eabi_attribute	36, 1	@ Tag_FP_HP_extension
	.eabi_attribute	34, 1	@ Tag_CPU_unaligned_access
	.eabi_attribute	17, 1	@ Tag_ABI_PCS_GOT_use
	.eabi_attribute	20, 2	@ Tag_ABI_FP_denormal
	.eabi_attribute	21, 0	@ Tag_ABI_FP_exceptions
	.eabi_attribute	23, 1	@ Tag_ABI_FP_number_model
	.eabi_attribute	24, 1	@ Tag_ABI_align_needed
	.eabi_attribute	25, 1	@ Tag_ABI_align_preserved
	.eabi_attribute	28, 1	@ Tag_ABI_VFP_args
	.eabi_attribute	38, 1	@ Tag_ABI_FP_16bit_format
	.eabi_attribute	18, 2	@ Tag_ABI_PCS_wchar_t
	.eabi_attribute	26, 1	@ Tag_ABI_enum_size
	.eabi_attribute	14, 0	@ Tag_ABI_PCS_R9_use
	.file	"stm32g4xx_hal_msp.c"
	.file	1 "C:\\Users\\grodriguez\\Documents\\iit\\icub-firmware\\emBODY\\eBcode\\arch-arm\\libs\\lowlevel\\stm32hal\\proj" "../src/driver/stm32g4-v120/inc/stm32g474xx.h"
	.file	2 "C:\\Users\\grodriguez\\Documents\\iit\\icub-firmware\\emBODY\\eBcode\\arch-arm\\libs\\lowlevel\\stm32hal\\proj" "../src/driver/stm32g4-v120/inc/stm32g4xx_hal_def.h"
	.file	3 "C:\\" "Keil_v5\\ARM\\ARMCLANG\\Bin\\..\\include\\stdint.h"
	.section	.text.HAL_MspInit,"ax",%progbits
	.hidden	HAL_MspInit                     @ -- Begin function HAL_MspInit
	.globl	HAL_MspInit
	.p2align	1
	.type	HAL_MspInit,%function
	.code	16                              @ @HAL_MspInit
	.thumb_func
HAL_MspInit:
.Lfunc_begin0:
	.file	4 "C:\\Users\\grodriguez\\Documents\\iit\\icub-firmware\\emBODY\\eBcode\\arch-arm\\libs\\lowlevel\\stm32hal\\proj" "../src/board/amcbldc/v120/src/stm32g4xx_hal_msp.c"
	.loc	4 65 0                          @ ../src/board/amcbldc/v120/src/stm32g4xx_hal_msp.c:65:0
	.fnstart
	.cfi_sections .debug_frame
	.cfi_startproc
@ %bb.0:
	.save	{r7, lr}
	push	{r7, lr}
	.cfi_def_cfa_offset 8
	.cfi_offset lr, -4
	.cfi_offset r7, -8
	.pad	#16
	sub	sp, #16
	.cfi_def_cfa_offset 24
	movs	r0, #0
.Ltmp0:
	.loc	4 69 18 prologue_end            @ ../src/board/amcbldc/v120/src/stm32g4xx_hal_msp.c:69:18
	str	r0, [sp, #12]
	movs	r0, #10
	str	r0, [sp, #8]
	movw	r0, #4184
	movt	r0, #16386
.Ltmp1:
	.loc	4 71 3                          @ ../src/board/amcbldc/v120/src/stm32g4xx_hal_msp.c:71:3
	ldr	r1, [r0, #8]
.Ltmp2:
	.loc	4 78 3                          @ ../src/board/amcbldc/v120/src/stm32g4xx_hal_msp.c:78:3
	movs	r2, #0
.Ltmp3:
	.loc	4 71 3                          @ ../src/board/amcbldc/v120/src/stm32g4xx_hal_msp.c:71:3
	orr	r1, r1, #1
	str	r1, [r0, #8]
	ldr	r1, [r0, #8]
	and	r1, r1, #1
	str	r1, [sp, #4]
	ldr	r1, [sp, #4]
.Ltmp4:
	.loc	4 72 3                          @ ../src/board/amcbldc/v120/src/stm32g4xx_hal_msp.c:72:3
	ldr	r1, [r0]
	orr	r1, r1, #268435456
	str	r1, [r0]
	ldr	r0, [r0]
.Ltmp5:
	.loc	4 78 3                          @ ../src/board/amcbldc/v120/src/stm32g4xx_hal_msp.c:78:3
	movs	r1, #0
.Ltmp6:
	.loc	4 72 3                          @ ../src/board/amcbldc/v120/src/stm32g4xx_hal_msp.c:72:3
	and	r0, r0, #268435456
	str	r0, [sp, #4]
	ldr	r0, [sp, #4]
.Ltmp7:
	.loc	4 78 3                          @ ../src/board/amcbldc/v120/src/stm32g4xx_hal_msp.c:78:3
	movs	r0, #5
	bl	HAL_NVIC_SetPriority
.Ltmp8:
	.loc	4 79 3                          @ ../src/board/amcbldc/v120/src/stm32g4xx_hal_msp.c:79:3
	movs	r0, #5
	bl	HAL_NVIC_EnableIRQ
.Ltmp9:
	.loc	4 0 3 is_stmt 0                 @ ../src/board/amcbldc/v120/src/stm32g4xx_hal_msp.c:0:3
	add	r0, sp, #8
	.loc	4 85 3 is_stmt 1                @ ../src/board/amcbldc/v120/src/stm32g4xx_hal_msp.c:85:3
	bl	HAL_PWR_ConfigPVD
.Ltmp10:
	.loc	4 88 3                          @ ../src/board/amcbldc/v120/src/stm32g4xx_hal_msp.c:88:3
	bl	HAL_PWR_EnablePVD
.Ltmp11:
	.loc	4 91 3                          @ ../src/board/amcbldc/v120/src/stm32g4xx_hal_msp.c:91:3
	bl	HAL_PWREx_DisableUCPDDeadBattery
.Ltmp12:
	.loc	4 96 1                          @ ../src/board/amcbldc/v120/src/stm32g4xx_hal_msp.c:96:1
	add	sp, #16
	pop	{r7, pc}
.Ltmp13:
.Lfunc_end0:
	.size	HAL_MspInit, .Lfunc_end0-HAL_MspInit
	.cfi_endproc
	.cantunwind
	.fnend
                                        @ -- End function
	.file	5 "C:\\Users\\grodriguez\\Documents\\iit\\icub-firmware\\emBODY\\eBcode\\arch-arm\\libs\\lowlevel\\stm32hal\\proj" "../api\\../src/driver/stm32g4-v120/inc/stm32g4xx_hal_pwr.h"
	.section	.debug_abbrev,"",%progbits
	.byte	1                               @ Abbreviation Code
	.byte	17                              @ DW_TAG_compile_unit
	.byte	1                               @ DW_CHILDREN_yes
	.byte	37                              @ DW_AT_producer
	.byte	14                              @ DW_FORM_strp
	.byte	19                              @ DW_AT_language
	.byte	5                               @ DW_FORM_data2
	.byte	3                               @ DW_AT_name
	.byte	14                              @ DW_FORM_strp
	.byte	16                              @ DW_AT_stmt_list
	.byte	23                              @ DW_FORM_sec_offset
	.byte	27                              @ DW_AT_comp_dir
	.byte	14                              @ DW_FORM_strp
	.byte	17                              @ DW_AT_low_pc
	.byte	1                               @ DW_FORM_addr
	.byte	18                              @ DW_AT_high_pc
	.byte	6                               @ DW_FORM_data4
	.byte	0                               @ EOM(1)
	.byte	0                               @ EOM(2)
	.byte	2                               @ Abbreviation Code
	.byte	4                               @ DW_TAG_enumeration_type
	.byte	1                               @ DW_CHILDREN_yes
	.byte	73                              @ DW_AT_type
	.byte	19                              @ DW_FORM_ref4
	.byte	11                              @ DW_AT_byte_size
	.byte	11                              @ DW_FORM_data1
	.byte	58                              @ DW_AT_decl_file
	.byte	11                              @ DW_FORM_data1
	.byte	59                              @ DW_AT_decl_line
	.byte	11                              @ DW_FORM_data1
	.byte	0                               @ EOM(1)
	.byte	0                               @ EOM(2)
	.byte	3                               @ Abbreviation Code
	.byte	40                              @ DW_TAG_enumerator
	.byte	0                               @ DW_CHILDREN_no
	.byte	3                               @ DW_AT_name
	.byte	14                              @ DW_FORM_strp
	.byte	28                              @ DW_AT_const_value
	.byte	13                              @ DW_FORM_sdata
	.byte	0                               @ EOM(1)
	.byte	0                               @ EOM(2)
	.byte	4                               @ Abbreviation Code
	.byte	36                              @ DW_TAG_base_type
	.byte	0                               @ DW_CHILDREN_no
	.byte	3                               @ DW_AT_name
	.byte	14                              @ DW_FORM_strp
	.byte	62                              @ DW_AT_encoding
	.byte	11                              @ DW_FORM_data1
	.byte	11                              @ DW_AT_byte_size
	.byte	11                              @ DW_FORM_data1
	.byte	0                               @ EOM(1)
	.byte	0                               @ EOM(2)
	.byte	5                               @ Abbreviation Code
	.byte	40                              @ DW_TAG_enumerator
	.byte	0                               @ DW_CHILDREN_no
	.byte	3                               @ DW_AT_name
	.byte	14                              @ DW_FORM_strp
	.byte	28                              @ DW_AT_const_value
	.byte	15                              @ DW_FORM_udata
	.byte	0                               @ EOM(1)
	.byte	0                               @ EOM(2)
	.byte	6                               @ Abbreviation Code
	.byte	15                              @ DW_TAG_pointer_type
	.byte	0                               @ DW_CHILDREN_no
	.byte	73                              @ DW_AT_type
	.byte	19                              @ DW_FORM_ref4
	.byte	0                               @ EOM(1)
	.byte	0                               @ EOM(2)
	.byte	7                               @ Abbreviation Code
	.byte	22                              @ DW_TAG_typedef
	.byte	0                               @ DW_CHILDREN_no
	.byte	73                              @ DW_AT_type
	.byte	19                              @ DW_FORM_ref4
	.byte	3                               @ DW_AT_name
	.byte	14                              @ DW_FORM_strp
	.byte	58                              @ DW_AT_decl_file
	.byte	11                              @ DW_FORM_data1
	.byte	59                              @ DW_AT_decl_line
	.byte	5                               @ DW_FORM_data2
	.byte	0                               @ EOM(1)
	.byte	0                               @ EOM(2)
	.byte	8                               @ Abbreviation Code
	.byte	19                              @ DW_TAG_structure_type
	.byte	1                               @ DW_CHILDREN_yes
	.byte	11                              @ DW_AT_byte_size
	.byte	11                              @ DW_FORM_data1
	.byte	58                              @ DW_AT_decl_file
	.byte	11                              @ DW_FORM_data1
	.byte	59                              @ DW_AT_decl_line
	.byte	5                               @ DW_FORM_data2
	.byte	0                               @ EOM(1)
	.byte	0                               @ EOM(2)
	.byte	9                               @ Abbreviation Code
	.byte	13                              @ DW_TAG_member
	.byte	0                               @ DW_CHILDREN_no
	.byte	3                               @ DW_AT_name
	.byte	14                              @ DW_FORM_strp
	.byte	73                              @ DW_AT_type
	.byte	19                              @ DW_FORM_ref4
	.byte	58                              @ DW_AT_decl_file
	.byte	11                              @ DW_FORM_data1
	.byte	59                              @ DW_AT_decl_line
	.byte	5                               @ DW_FORM_data2
	.byte	56                              @ DW_AT_data_member_location
	.byte	11                              @ DW_FORM_data1
	.byte	0                               @ EOM(1)
	.byte	0                               @ EOM(2)
	.byte	10                              @ Abbreviation Code
	.byte	53                              @ DW_TAG_volatile_type
	.byte	0                               @ DW_CHILDREN_no
	.byte	73                              @ DW_AT_type
	.byte	19                              @ DW_FORM_ref4
	.byte	0                               @ EOM(1)
	.byte	0                               @ EOM(2)
	.byte	11                              @ Abbreviation Code
	.byte	22                              @ DW_TAG_typedef
	.byte	0                               @ DW_CHILDREN_no
	.byte	73                              @ DW_AT_type
	.byte	19                              @ DW_FORM_ref4
	.byte	3                               @ DW_AT_name
	.byte	14                              @ DW_FORM_strp
	.byte	58                              @ DW_AT_decl_file
	.byte	11                              @ DW_FORM_data1
	.byte	59                              @ DW_AT_decl_line
	.byte	11                              @ DW_FORM_data1
	.byte	0                               @ EOM(1)
	.byte	0                               @ EOM(2)
	.byte	12                              @ Abbreviation Code
	.byte	46                              @ DW_TAG_subprogram
	.byte	1                               @ DW_CHILDREN_yes
	.byte	17                              @ DW_AT_low_pc
	.byte	1                               @ DW_FORM_addr
	.byte	18                              @ DW_AT_high_pc
	.byte	6                               @ DW_FORM_data4
	.byte	64                              @ DW_AT_frame_base
	.byte	24                              @ DW_FORM_exprloc
	.ascii	"\227B"                         @ DW_AT_GNU_all_call_sites
	.byte	25                              @ DW_FORM_flag_present
	.byte	3                               @ DW_AT_name
	.byte	14                              @ DW_FORM_strp
	.byte	58                              @ DW_AT_decl_file
	.byte	11                              @ DW_FORM_data1
	.byte	59                              @ DW_AT_decl_line
	.byte	11                              @ DW_FORM_data1
	.byte	39                              @ DW_AT_prototyped
	.byte	25                              @ DW_FORM_flag_present
	.byte	63                              @ DW_AT_external
	.byte	25                              @ DW_FORM_flag_present
	.byte	0                               @ EOM(1)
	.byte	0                               @ EOM(2)
	.byte	13                              @ Abbreviation Code
	.byte	52                              @ DW_TAG_variable
	.byte	0                               @ DW_CHILDREN_no
	.byte	2                               @ DW_AT_location
	.byte	24                              @ DW_FORM_exprloc
	.byte	3                               @ DW_AT_name
	.byte	14                              @ DW_FORM_strp
	.byte	58                              @ DW_AT_decl_file
	.byte	11                              @ DW_FORM_data1
	.byte	59                              @ DW_AT_decl_line
	.byte	11                              @ DW_FORM_data1
	.byte	73                              @ DW_AT_type
	.byte	19                              @ DW_FORM_ref4
	.byte	0                               @ EOM(1)
	.byte	0                               @ EOM(2)
	.byte	14                              @ Abbreviation Code
	.byte	11                              @ DW_TAG_lexical_block
	.byte	1                               @ DW_CHILDREN_yes
	.byte	85                              @ DW_AT_ranges
	.byte	23                              @ DW_FORM_sec_offset
	.byte	0                               @ EOM(1)
	.byte	0                               @ EOM(2)
	.byte	15                              @ Abbreviation Code
	.byte	19                              @ DW_TAG_structure_type
	.byte	1                               @ DW_CHILDREN_yes
	.byte	11                              @ DW_AT_byte_size
	.byte	11                              @ DW_FORM_data1
	.byte	58                              @ DW_AT_decl_file
	.byte	11                              @ DW_FORM_data1
	.byte	59                              @ DW_AT_decl_line
	.byte	11                              @ DW_FORM_data1
	.byte	0                               @ EOM(1)
	.byte	0                               @ EOM(2)
	.byte	16                              @ Abbreviation Code
	.byte	13                              @ DW_TAG_member
	.byte	0                               @ DW_CHILDREN_no
	.byte	3                               @ DW_AT_name
	.byte	14                              @ DW_FORM_strp
	.byte	73                              @ DW_AT_type
	.byte	19                              @ DW_FORM_ref4
	.byte	58                              @ DW_AT_decl_file
	.byte	11                              @ DW_FORM_data1
	.byte	59                              @ DW_AT_decl_line
	.byte	11                              @ DW_FORM_data1
	.byte	56                              @ DW_AT_data_member_location
	.byte	11                              @ DW_FORM_data1
	.byte	0                               @ EOM(1)
	.byte	0                               @ EOM(2)
	.byte	0                               @ EOM(3)
	.section	.debug_info,"",%progbits
.Lcu_begin0:
	.long	.Ldebug_info_end0-.Ldebug_info_start0 @ Length of Unit
.Ldebug_info_start0:
	.short	4                               @ DWARF version number
	.long	.debug_abbrev                   @ Offset Into Abbrev. Section
	.byte	4                               @ Address Size (in bytes)
	.byte	1                               @ Abbrev [1] 0xb:0x5b3 DW_TAG_compile_unit
	.long	.Linfo_string0                  @ DW_AT_producer
	.short	12                              @ DW_AT_language
	.long	.Linfo_string1                  @ DW_AT_name
	.long	.Lline_table_start0             @ DW_AT_stmt_list
	.long	.Linfo_string2                  @ DW_AT_comp_dir
	.long	.Lfunc_begin0                   @ DW_AT_low_pc
	.long	.Lfunc_end0-.Lfunc_begin0       @ DW_AT_high_pc
	.byte	2                               @ Abbrev [2] 0x26:0x2c2 DW_TAG_enumeration_type
	.long	744                             @ DW_AT_type
	.byte	1                               @ DW_AT_byte_size
	.byte	1                               @ DW_AT_decl_file
	.byte	66                              @ DW_AT_decl_line
	.byte	3                               @ Abbrev [3] 0x2e:0x6 DW_TAG_enumerator
	.long	.Linfo_string4                  @ DW_AT_name
	.byte	114                             @ DW_AT_const_value
	.byte	3                               @ Abbrev [3] 0x34:0x6 DW_TAG_enumerator
	.long	.Linfo_string5                  @ DW_AT_name
	.byte	115                             @ DW_AT_const_value
	.byte	3                               @ Abbrev [3] 0x3a:0x6 DW_TAG_enumerator
	.long	.Linfo_string6                  @ DW_AT_name
	.byte	116                             @ DW_AT_const_value
	.byte	3                               @ Abbrev [3] 0x40:0x6 DW_TAG_enumerator
	.long	.Linfo_string7                  @ DW_AT_name
	.byte	117                             @ DW_AT_const_value
	.byte	3                               @ Abbrev [3] 0x46:0x6 DW_TAG_enumerator
	.long	.Linfo_string8                  @ DW_AT_name
	.byte	118                             @ DW_AT_const_value
	.byte	3                               @ Abbrev [3] 0x4c:0x6 DW_TAG_enumerator
	.long	.Linfo_string9                  @ DW_AT_name
	.byte	123                             @ DW_AT_const_value
	.byte	3                               @ Abbrev [3] 0x52:0x6 DW_TAG_enumerator
	.long	.Linfo_string10                 @ DW_AT_name
	.byte	124                             @ DW_AT_const_value
	.byte	3                               @ Abbrev [3] 0x58:0x6 DW_TAG_enumerator
	.long	.Linfo_string11                 @ DW_AT_name
	.byte	126                             @ DW_AT_const_value
	.byte	3                               @ Abbrev [3] 0x5e:0x6 DW_TAG_enumerator
	.long	.Linfo_string12                 @ DW_AT_name
	.byte	127                             @ DW_AT_const_value
	.byte	3                               @ Abbrev [3] 0x64:0x6 DW_TAG_enumerator
	.long	.Linfo_string13                 @ DW_AT_name
	.byte	0                               @ DW_AT_const_value
	.byte	3                               @ Abbrev [3] 0x6a:0x6 DW_TAG_enumerator
	.long	.Linfo_string14                 @ DW_AT_name
	.byte	1                               @ DW_AT_const_value
	.byte	3                               @ Abbrev [3] 0x70:0x6 DW_TAG_enumerator
	.long	.Linfo_string15                 @ DW_AT_name
	.byte	2                               @ DW_AT_const_value
	.byte	3                               @ Abbrev [3] 0x76:0x6 DW_TAG_enumerator
	.long	.Linfo_string16                 @ DW_AT_name
	.byte	3                               @ DW_AT_const_value
	.byte	3                               @ Abbrev [3] 0x7c:0x6 DW_TAG_enumerator
	.long	.Linfo_string17                 @ DW_AT_name
	.byte	4                               @ DW_AT_const_value
	.byte	3                               @ Abbrev [3] 0x82:0x6 DW_TAG_enumerator
	.long	.Linfo_string18                 @ DW_AT_name
	.byte	5                               @ DW_AT_const_value
	.byte	3                               @ Abbrev [3] 0x88:0x6 DW_TAG_enumerator
	.long	.Linfo_string19                 @ DW_AT_name
	.byte	6                               @ DW_AT_const_value
	.byte	3                               @ Abbrev [3] 0x8e:0x6 DW_TAG_enumerator
	.long	.Linfo_string20                 @ DW_AT_name
	.byte	7                               @ DW_AT_const_value
	.byte	3                               @ Abbrev [3] 0x94:0x6 DW_TAG_enumerator
	.long	.Linfo_string21                 @ DW_AT_name
	.byte	8                               @ DW_AT_const_value
	.byte	3                               @ Abbrev [3] 0x9a:0x6 DW_TAG_enumerator
	.long	.Linfo_string22                 @ DW_AT_name
	.byte	9                               @ DW_AT_const_value
	.byte	3                               @ Abbrev [3] 0xa0:0x6 DW_TAG_enumerator
	.long	.Linfo_string23                 @ DW_AT_name
	.byte	10                              @ DW_AT_const_value
	.byte	3                               @ Abbrev [3] 0xa6:0x6 DW_TAG_enumerator
	.long	.Linfo_string24                 @ DW_AT_name
	.byte	11                              @ DW_AT_const_value
	.byte	3                               @ Abbrev [3] 0xac:0x6 DW_TAG_enumerator
	.long	.Linfo_string25                 @ DW_AT_name
	.byte	12                              @ DW_AT_const_value
	.byte	3                               @ Abbrev [3] 0xb2:0x6 DW_TAG_enumerator
	.long	.Linfo_string26                 @ DW_AT_name
	.byte	13                              @ DW_AT_const_value
	.byte	3                               @ Abbrev [3] 0xb8:0x6 DW_TAG_enumerator
	.long	.Linfo_string27                 @ DW_AT_name
	.byte	14                              @ DW_AT_const_value
	.byte	3                               @ Abbrev [3] 0xbe:0x6 DW_TAG_enumerator
	.long	.Linfo_string28                 @ DW_AT_name
	.byte	15                              @ DW_AT_const_value
	.byte	3                               @ Abbrev [3] 0xc4:0x6 DW_TAG_enumerator
	.long	.Linfo_string29                 @ DW_AT_name
	.byte	16                              @ DW_AT_const_value
	.byte	3                               @ Abbrev [3] 0xca:0x6 DW_TAG_enumerator
	.long	.Linfo_string30                 @ DW_AT_name
	.byte	17                              @ DW_AT_const_value
	.byte	3                               @ Abbrev [3] 0xd0:0x6 DW_TAG_enumerator
	.long	.Linfo_string31                 @ DW_AT_name
	.byte	18                              @ DW_AT_const_value
	.byte	3                               @ Abbrev [3] 0xd6:0x6 DW_TAG_enumerator
	.long	.Linfo_string32                 @ DW_AT_name
	.byte	19                              @ DW_AT_const_value
	.byte	3                               @ Abbrev [3] 0xdc:0x6 DW_TAG_enumerator
	.long	.Linfo_string33                 @ DW_AT_name
	.byte	20                              @ DW_AT_const_value
	.byte	3                               @ Abbrev [3] 0xe2:0x6 DW_TAG_enumerator
	.long	.Linfo_string34                 @ DW_AT_name
	.byte	21                              @ DW_AT_const_value
	.byte	3                               @ Abbrev [3] 0xe8:0x6 DW_TAG_enumerator
	.long	.Linfo_string35                 @ DW_AT_name
	.byte	22                              @ DW_AT_const_value
	.byte	3                               @ Abbrev [3] 0xee:0x6 DW_TAG_enumerator
	.long	.Linfo_string36                 @ DW_AT_name
	.byte	23                              @ DW_AT_const_value
	.byte	3                               @ Abbrev [3] 0xf4:0x6 DW_TAG_enumerator
	.long	.Linfo_string37                 @ DW_AT_name
	.byte	24                              @ DW_AT_const_value
	.byte	3                               @ Abbrev [3] 0xfa:0x6 DW_TAG_enumerator
	.long	.Linfo_string38                 @ DW_AT_name
	.byte	25                              @ DW_AT_const_value
	.byte	3                               @ Abbrev [3] 0x100:0x6 DW_TAG_enumerator
	.long	.Linfo_string39                 @ DW_AT_name
	.byte	26                              @ DW_AT_const_value
	.byte	3                               @ Abbrev [3] 0x106:0x6 DW_TAG_enumerator
	.long	.Linfo_string40                 @ DW_AT_name
	.byte	27                              @ DW_AT_const_value
	.byte	3                               @ Abbrev [3] 0x10c:0x6 DW_TAG_enumerator
	.long	.Linfo_string41                 @ DW_AT_name
	.byte	28                              @ DW_AT_const_value
	.byte	3                               @ Abbrev [3] 0x112:0x6 DW_TAG_enumerator
	.long	.Linfo_string42                 @ DW_AT_name
	.byte	29                              @ DW_AT_const_value
	.byte	3                               @ Abbrev [3] 0x118:0x6 DW_TAG_enumerator
	.long	.Linfo_string43                 @ DW_AT_name
	.byte	30                              @ DW_AT_const_value
	.byte	3                               @ Abbrev [3] 0x11e:0x6 DW_TAG_enumerator
	.long	.Linfo_string44                 @ DW_AT_name
	.byte	31                              @ DW_AT_const_value
	.byte	3                               @ Abbrev [3] 0x124:0x6 DW_TAG_enumerator
	.long	.Linfo_string45                 @ DW_AT_name
	.byte	32                              @ DW_AT_const_value
	.byte	3                               @ Abbrev [3] 0x12a:0x6 DW_TAG_enumerator
	.long	.Linfo_string46                 @ DW_AT_name
	.byte	33                              @ DW_AT_const_value
	.byte	3                               @ Abbrev [3] 0x130:0x6 DW_TAG_enumerator
	.long	.Linfo_string47                 @ DW_AT_name
	.byte	34                              @ DW_AT_const_value
	.byte	3                               @ Abbrev [3] 0x136:0x6 DW_TAG_enumerator
	.long	.Linfo_string48                 @ DW_AT_name
	.byte	35                              @ DW_AT_const_value
	.byte	3                               @ Abbrev [3] 0x13c:0x6 DW_TAG_enumerator
	.long	.Linfo_string49                 @ DW_AT_name
	.byte	36                              @ DW_AT_const_value
	.byte	3                               @ Abbrev [3] 0x142:0x6 DW_TAG_enumerator
	.long	.Linfo_string50                 @ DW_AT_name
	.byte	37                              @ DW_AT_const_value
	.byte	3                               @ Abbrev [3] 0x148:0x6 DW_TAG_enumerator
	.long	.Linfo_string51                 @ DW_AT_name
	.byte	38                              @ DW_AT_const_value
	.byte	3                               @ Abbrev [3] 0x14e:0x6 DW_TAG_enumerator
	.long	.Linfo_string52                 @ DW_AT_name
	.byte	39                              @ DW_AT_const_value
	.byte	3                               @ Abbrev [3] 0x154:0x6 DW_TAG_enumerator
	.long	.Linfo_string53                 @ DW_AT_name
	.byte	40                              @ DW_AT_const_value
	.byte	3                               @ Abbrev [3] 0x15a:0x6 DW_TAG_enumerator
	.long	.Linfo_string54                 @ DW_AT_name
	.byte	41                              @ DW_AT_const_value
	.byte	3                               @ Abbrev [3] 0x160:0x6 DW_TAG_enumerator
	.long	.Linfo_string55                 @ DW_AT_name
	.byte	42                              @ DW_AT_const_value
	.byte	3                               @ Abbrev [3] 0x166:0x6 DW_TAG_enumerator
	.long	.Linfo_string56                 @ DW_AT_name
	.byte	43                              @ DW_AT_const_value
	.byte	3                               @ Abbrev [3] 0x16c:0x6 DW_TAG_enumerator
	.long	.Linfo_string57                 @ DW_AT_name
	.byte	44                              @ DW_AT_const_value
	.byte	3                               @ Abbrev [3] 0x172:0x6 DW_TAG_enumerator
	.long	.Linfo_string58                 @ DW_AT_name
	.byte	45                              @ DW_AT_const_value
	.byte	3                               @ Abbrev [3] 0x178:0x6 DW_TAG_enumerator
	.long	.Linfo_string59                 @ DW_AT_name
	.byte	46                              @ DW_AT_const_value
	.byte	3                               @ Abbrev [3] 0x17e:0x6 DW_TAG_enumerator
	.long	.Linfo_string60                 @ DW_AT_name
	.byte	47                              @ DW_AT_const_value
	.byte	3                               @ Abbrev [3] 0x184:0x6 DW_TAG_enumerator
	.long	.Linfo_string61                 @ DW_AT_name
	.byte	48                              @ DW_AT_const_value
	.byte	3                               @ Abbrev [3] 0x18a:0x6 DW_TAG_enumerator
	.long	.Linfo_string62                 @ DW_AT_name
	.byte	49                              @ DW_AT_const_value
	.byte	3                               @ Abbrev [3] 0x190:0x6 DW_TAG_enumerator
	.long	.Linfo_string63                 @ DW_AT_name
	.byte	50                              @ DW_AT_const_value
	.byte	3                               @ Abbrev [3] 0x196:0x6 DW_TAG_enumerator
	.long	.Linfo_string64                 @ DW_AT_name
	.byte	51                              @ DW_AT_const_value
	.byte	3                               @ Abbrev [3] 0x19c:0x6 DW_TAG_enumerator
	.long	.Linfo_string65                 @ DW_AT_name
	.byte	52                              @ DW_AT_const_value
	.byte	3                               @ Abbrev [3] 0x1a2:0x6 DW_TAG_enumerator
	.long	.Linfo_string66                 @ DW_AT_name
	.byte	53                              @ DW_AT_const_value
	.byte	3                               @ Abbrev [3] 0x1a8:0x6 DW_TAG_enumerator
	.long	.Linfo_string67                 @ DW_AT_name
	.byte	54                              @ DW_AT_const_value
	.byte	3                               @ Abbrev [3] 0x1ae:0x6 DW_TAG_enumerator
	.long	.Linfo_string68                 @ DW_AT_name
	.byte	55                              @ DW_AT_const_value
	.byte	3                               @ Abbrev [3] 0x1b4:0x6 DW_TAG_enumerator
	.long	.Linfo_string69                 @ DW_AT_name
	.byte	56                              @ DW_AT_const_value
	.byte	3                               @ Abbrev [3] 0x1ba:0x6 DW_TAG_enumerator
	.long	.Linfo_string70                 @ DW_AT_name
	.byte	57                              @ DW_AT_const_value
	.byte	3                               @ Abbrev [3] 0x1c0:0x6 DW_TAG_enumerator
	.long	.Linfo_string71                 @ DW_AT_name
	.byte	58                              @ DW_AT_const_value
	.byte	3                               @ Abbrev [3] 0x1c6:0x6 DW_TAG_enumerator
	.long	.Linfo_string72                 @ DW_AT_name
	.byte	59                              @ DW_AT_const_value
	.byte	3                               @ Abbrev [3] 0x1cc:0x6 DW_TAG_enumerator
	.long	.Linfo_string73                 @ DW_AT_name
	.byte	60                              @ DW_AT_const_value
	.byte	3                               @ Abbrev [3] 0x1d2:0x6 DW_TAG_enumerator
	.long	.Linfo_string74                 @ DW_AT_name
	.byte	61                              @ DW_AT_const_value
	.byte	3                               @ Abbrev [3] 0x1d8:0x6 DW_TAG_enumerator
	.long	.Linfo_string75                 @ DW_AT_name
	.byte	62                              @ DW_AT_const_value
	.byte	3                               @ Abbrev [3] 0x1de:0x6 DW_TAG_enumerator
	.long	.Linfo_string76                 @ DW_AT_name
	.byte	63                              @ DW_AT_const_value
	.byte	3                               @ Abbrev [3] 0x1e4:0x7 DW_TAG_enumerator
	.long	.Linfo_string77                 @ DW_AT_name
	.asciz	"\300"                          @ DW_AT_const_value
	.byte	3                               @ Abbrev [3] 0x1eb:0x7 DW_TAG_enumerator
	.long	.Linfo_string78                 @ DW_AT_name
	.asciz	"\301"                          @ DW_AT_const_value
	.byte	3                               @ Abbrev [3] 0x1f2:0x7 DW_TAG_enumerator
	.long	.Linfo_string79                 @ DW_AT_name
	.asciz	"\302"                          @ DW_AT_const_value
	.byte	3                               @ Abbrev [3] 0x1f9:0x7 DW_TAG_enumerator
	.long	.Linfo_string80                 @ DW_AT_name
	.asciz	"\303"                          @ DW_AT_const_value
	.byte	3                               @ Abbrev [3] 0x200:0x7 DW_TAG_enumerator
	.long	.Linfo_string81                 @ DW_AT_name
	.asciz	"\304"                          @ DW_AT_const_value
	.byte	3                               @ Abbrev [3] 0x207:0x7 DW_TAG_enumerator
	.long	.Linfo_string82                 @ DW_AT_name
	.asciz	"\305"                          @ DW_AT_const_value
	.byte	3                               @ Abbrev [3] 0x20e:0x7 DW_TAG_enumerator
	.long	.Linfo_string83                 @ DW_AT_name
	.asciz	"\306"                          @ DW_AT_const_value
	.byte	3                               @ Abbrev [3] 0x215:0x7 DW_TAG_enumerator
	.long	.Linfo_string84                 @ DW_AT_name
	.asciz	"\307"                          @ DW_AT_const_value
	.byte	3                               @ Abbrev [3] 0x21c:0x7 DW_TAG_enumerator
	.long	.Linfo_string85                 @ DW_AT_name
	.asciz	"\310"                          @ DW_AT_const_value
	.byte	3                               @ Abbrev [3] 0x223:0x7 DW_TAG_enumerator
	.long	.Linfo_string86                 @ DW_AT_name
	.asciz	"\311"                          @ DW_AT_const_value
	.byte	3                               @ Abbrev [3] 0x22a:0x7 DW_TAG_enumerator
	.long	.Linfo_string87                 @ DW_AT_name
	.asciz	"\312"                          @ DW_AT_const_value
	.byte	3                               @ Abbrev [3] 0x231:0x7 DW_TAG_enumerator
	.long	.Linfo_string88                 @ DW_AT_name
	.asciz	"\313"                          @ DW_AT_const_value
	.byte	3                               @ Abbrev [3] 0x238:0x7 DW_TAG_enumerator
	.long	.Linfo_string89                 @ DW_AT_name
	.asciz	"\314"                          @ DW_AT_const_value
	.byte	3                               @ Abbrev [3] 0x23f:0x7 DW_TAG_enumerator
	.long	.Linfo_string90                 @ DW_AT_name
	.asciz	"\315"                          @ DW_AT_const_value
	.byte	3                               @ Abbrev [3] 0x246:0x7 DW_TAG_enumerator
	.long	.Linfo_string91                 @ DW_AT_name
	.asciz	"\316"                          @ DW_AT_const_value
	.byte	3                               @ Abbrev [3] 0x24d:0x7 DW_TAG_enumerator
	.long	.Linfo_string92                 @ DW_AT_name
	.asciz	"\317"                          @ DW_AT_const_value
	.byte	3                               @ Abbrev [3] 0x254:0x7 DW_TAG_enumerator
	.long	.Linfo_string93                 @ DW_AT_name
	.asciz	"\320"                          @ DW_AT_const_value
	.byte	3                               @ Abbrev [3] 0x25b:0x7 DW_TAG_enumerator
	.long	.Linfo_string94                 @ DW_AT_name
	.asciz	"\321"                          @ DW_AT_const_value
	.byte	3                               @ Abbrev [3] 0x262:0x7 DW_TAG_enumerator
	.long	.Linfo_string95                 @ DW_AT_name
	.asciz	"\322"                          @ DW_AT_const_value
	.byte	3                               @ Abbrev [3] 0x269:0x7 DW_TAG_enumerator
	.long	.Linfo_string96                 @ DW_AT_name
	.asciz	"\323"                          @ DW_AT_const_value
	.byte	3                               @ Abbrev [3] 0x270:0x7 DW_TAG_enumerator
	.long	.Linfo_string97                 @ DW_AT_name
	.asciz	"\324"                          @ DW_AT_const_value
	.byte	3                               @ Abbrev [3] 0x277:0x7 DW_TAG_enumerator
	.long	.Linfo_string98                 @ DW_AT_name
	.asciz	"\326"                          @ DW_AT_const_value
	.byte	3                               @ Abbrev [3] 0x27e:0x7 DW_TAG_enumerator
	.long	.Linfo_string99                 @ DW_AT_name
	.asciz	"\327"                          @ DW_AT_const_value
	.byte	3                               @ Abbrev [3] 0x285:0x7 DW_TAG_enumerator
	.long	.Linfo_string100                @ DW_AT_name
	.asciz	"\330"                          @ DW_AT_const_value
	.byte	3                               @ Abbrev [3] 0x28c:0x7 DW_TAG_enumerator
	.long	.Linfo_string101                @ DW_AT_name
	.asciz	"\331"                          @ DW_AT_const_value
	.byte	3                               @ Abbrev [3] 0x293:0x7 DW_TAG_enumerator
	.long	.Linfo_string102                @ DW_AT_name
	.asciz	"\332"                          @ DW_AT_const_value
	.byte	3                               @ Abbrev [3] 0x29a:0x7 DW_TAG_enumerator
	.long	.Linfo_string103                @ DW_AT_name
	.asciz	"\333"                          @ DW_AT_const_value
	.byte	3                               @ Abbrev [3] 0x2a1:0x7 DW_TAG_enumerator
	.long	.Linfo_string104                @ DW_AT_name
	.asciz	"\334"                          @ DW_AT_const_value
	.byte	3                               @ Abbrev [3] 0x2a8:0x7 DW_TAG_enumerator
	.long	.Linfo_string105                @ DW_AT_name
	.asciz	"\335"                          @ DW_AT_const_value
	.byte	3                               @ Abbrev [3] 0x2af:0x7 DW_TAG_enumerator
	.long	.Linfo_string106                @ DW_AT_name
	.asciz	"\336"                          @ DW_AT_const_value
	.byte	3                               @ Abbrev [3] 0x2b6:0x7 DW_TAG_enumerator
	.long	.Linfo_string107                @ DW_AT_name
	.asciz	"\337"                          @ DW_AT_const_value
	.byte	3                               @ Abbrev [3] 0x2bd:0x7 DW_TAG_enumerator
	.long	.Linfo_string108                @ DW_AT_name
	.asciz	"\340"                          @ DW_AT_const_value
	.byte	3                               @ Abbrev [3] 0x2c4:0x7 DW_TAG_enumerator
	.long	.Linfo_string109                @ DW_AT_name
	.asciz	"\341"                          @ DW_AT_const_value
	.byte	3                               @ Abbrev [3] 0x2cb:0x7 DW_TAG_enumerator
	.long	.Linfo_string110                @ DW_AT_name
	.asciz	"\342"                          @ DW_AT_const_value
	.byte	3                               @ Abbrev [3] 0x2d2:0x7 DW_TAG_enumerator
	.long	.Linfo_string111                @ DW_AT_name
	.asciz	"\343"                          @ DW_AT_const_value
	.byte	3                               @ Abbrev [3] 0x2d9:0x7 DW_TAG_enumerator
	.long	.Linfo_string112                @ DW_AT_name
	.asciz	"\344"                          @ DW_AT_const_value
	.byte	3                               @ Abbrev [3] 0x2e0:0x7 DW_TAG_enumerator
	.long	.Linfo_string113                @ DW_AT_name
	.asciz	"\345"                          @ DW_AT_const_value
	.byte	0                               @ End Of Children Mark
	.byte	4                               @ Abbrev [4] 0x2e8:0x7 DW_TAG_base_type
	.long	.Linfo_string3                  @ DW_AT_name
	.byte	6                               @ DW_AT_encoding
	.byte	1                               @ DW_AT_byte_size
	.byte	2                               @ Abbrev [2] 0x2ef:0x21 DW_TAG_enumeration_type
	.long	784                             @ DW_AT_type
	.byte	1                               @ DW_AT_byte_size
	.byte	2                               @ DW_AT_decl_file
	.byte	39                              @ DW_AT_decl_line
	.byte	5                               @ Abbrev [5] 0x2f7:0x6 DW_TAG_enumerator
	.long	.Linfo_string115                @ DW_AT_name
	.byte	0                               @ DW_AT_const_value
	.byte	5                               @ Abbrev [5] 0x2fd:0x6 DW_TAG_enumerator
	.long	.Linfo_string116                @ DW_AT_name
	.byte	1                               @ DW_AT_const_value
	.byte	5                               @ Abbrev [5] 0x303:0x6 DW_TAG_enumerator
	.long	.Linfo_string117                @ DW_AT_name
	.byte	2                               @ DW_AT_const_value
	.byte	5                               @ Abbrev [5] 0x309:0x6 DW_TAG_enumerator
	.long	.Linfo_string118                @ DW_AT_name
	.byte	3                               @ DW_AT_const_value
	.byte	0                               @ End Of Children Mark
	.byte	4                               @ Abbrev [4] 0x310:0x7 DW_TAG_base_type
	.long	.Linfo_string114                @ DW_AT_name
	.byte	8                               @ DW_AT_encoding
	.byte	1                               @ DW_AT_byte_size
	.byte	6                               @ Abbrev [6] 0x317:0x5 DW_TAG_pointer_type
	.long	796                             @ DW_AT_type
	.byte	7                               @ Abbrev [7] 0x31c:0xc DW_TAG_typedef
	.long	808                             @ DW_AT_type
	.long	.Linfo_string161                @ DW_AT_name
	.byte	1                               @ DW_AT_decl_file
	.short	707                             @ DW_AT_decl_line
	.byte	8                               @ Abbrev [8] 0x328:0x20e DW_TAG_structure_type
	.byte	160                             @ DW_AT_byte_size
	.byte	1                               @ DW_AT_decl_file
	.short	665                             @ DW_AT_decl_line
	.byte	9                               @ Abbrev [9] 0x32d:0xd DW_TAG_member
	.long	.Linfo_string119                @ DW_AT_name
	.long	1334                            @ DW_AT_type
	.byte	1                               @ DW_AT_decl_file
	.short	667                             @ DW_AT_decl_line
	.byte	0                               @ DW_AT_data_member_location
	.byte	9                               @ Abbrev [9] 0x33a:0xd DW_TAG_member
	.long	.Linfo_string122                @ DW_AT_name
	.long	1334                            @ DW_AT_type
	.byte	1                               @ DW_AT_decl_file
	.short	668                             @ DW_AT_decl_line
	.byte	4                               @ DW_AT_data_member_location
	.byte	9                               @ Abbrev [9] 0x347:0xd DW_TAG_member
	.long	.Linfo_string123                @ DW_AT_name
	.long	1334                            @ DW_AT_type
	.byte	1                               @ DW_AT_decl_file
	.short	669                             @ DW_AT_decl_line
	.byte	8                               @ DW_AT_data_member_location
	.byte	9                               @ Abbrev [9] 0x354:0xd DW_TAG_member
	.long	.Linfo_string124                @ DW_AT_name
	.long	1334                            @ DW_AT_type
	.byte	1                               @ DW_AT_decl_file
	.short	670                             @ DW_AT_decl_line
	.byte	12                              @ DW_AT_data_member_location
	.byte	9                               @ Abbrev [9] 0x361:0xd DW_TAG_member
	.long	.Linfo_string125                @ DW_AT_name
	.long	1339                            @ DW_AT_type
	.byte	1                               @ DW_AT_decl_file
	.short	671                             @ DW_AT_decl_line
	.byte	16                              @ DW_AT_data_member_location
	.byte	9                               @ Abbrev [9] 0x36e:0xd DW_TAG_member
	.long	.Linfo_string126                @ DW_AT_name
	.long	1339                            @ DW_AT_type
	.byte	1                               @ DW_AT_decl_file
	.short	672                             @ DW_AT_decl_line
	.byte	20                              @ DW_AT_data_member_location
	.byte	9                               @ Abbrev [9] 0x37b:0xd DW_TAG_member
	.long	.Linfo_string127                @ DW_AT_name
	.long	1334                            @ DW_AT_type
	.byte	1                               @ DW_AT_decl_file
	.short	673                             @ DW_AT_decl_line
	.byte	24                              @ DW_AT_data_member_location
	.byte	9                               @ Abbrev [9] 0x388:0xd DW_TAG_member
	.long	.Linfo_string128                @ DW_AT_name
	.long	1334                            @ DW_AT_type
	.byte	1                               @ DW_AT_decl_file
	.short	674                             @ DW_AT_decl_line
	.byte	28                              @ DW_AT_data_member_location
	.byte	9                               @ Abbrev [9] 0x395:0xd DW_TAG_member
	.long	.Linfo_string129                @ DW_AT_name
	.long	1334                            @ DW_AT_type
	.byte	1                               @ DW_AT_decl_file
	.short	675                             @ DW_AT_decl_line
	.byte	32                              @ DW_AT_data_member_location
	.byte	9                               @ Abbrev [9] 0x3a2:0xd DW_TAG_member
	.long	.Linfo_string130                @ DW_AT_name
	.long	1339                            @ DW_AT_type
	.byte	1                               @ DW_AT_decl_file
	.short	676                             @ DW_AT_decl_line
	.byte	36                              @ DW_AT_data_member_location
	.byte	9                               @ Abbrev [9] 0x3af:0xd DW_TAG_member
	.long	.Linfo_string131                @ DW_AT_name
	.long	1334                            @ DW_AT_type
	.byte	1                               @ DW_AT_decl_file
	.short	677                             @ DW_AT_decl_line
	.byte	40                              @ DW_AT_data_member_location
	.byte	9                               @ Abbrev [9] 0x3bc:0xd DW_TAG_member
	.long	.Linfo_string132                @ DW_AT_name
	.long	1334                            @ DW_AT_type
	.byte	1                               @ DW_AT_decl_file
	.short	678                             @ DW_AT_decl_line
	.byte	44                              @ DW_AT_data_member_location
	.byte	9                               @ Abbrev [9] 0x3c9:0xd DW_TAG_member
	.long	.Linfo_string133                @ DW_AT_name
	.long	1334                            @ DW_AT_type
	.byte	1                               @ DW_AT_decl_file
	.short	679                             @ DW_AT_decl_line
	.byte	48                              @ DW_AT_data_member_location
	.byte	9                               @ Abbrev [9] 0x3d6:0xd DW_TAG_member
	.long	.Linfo_string134                @ DW_AT_name
	.long	1339                            @ DW_AT_type
	.byte	1                               @ DW_AT_decl_file
	.short	680                             @ DW_AT_decl_line
	.byte	52                              @ DW_AT_data_member_location
	.byte	9                               @ Abbrev [9] 0x3e3:0xd DW_TAG_member
	.long	.Linfo_string135                @ DW_AT_name
	.long	1334                            @ DW_AT_type
	.byte	1                               @ DW_AT_decl_file
	.short	681                             @ DW_AT_decl_line
	.byte	56                              @ DW_AT_data_member_location
	.byte	9                               @ Abbrev [9] 0x3f0:0xd DW_TAG_member
	.long	.Linfo_string136                @ DW_AT_name
	.long	1334                            @ DW_AT_type
	.byte	1                               @ DW_AT_decl_file
	.short	682                             @ DW_AT_decl_line
	.byte	60                              @ DW_AT_data_member_location
	.byte	9                               @ Abbrev [9] 0x3fd:0xd DW_TAG_member
	.long	.Linfo_string137                @ DW_AT_name
	.long	1334                            @ DW_AT_type
	.byte	1                               @ DW_AT_decl_file
	.short	683                             @ DW_AT_decl_line
	.byte	64                              @ DW_AT_data_member_location
	.byte	9                               @ Abbrev [9] 0x40a:0xd DW_TAG_member
	.long	.Linfo_string138                @ DW_AT_name
	.long	1339                            @ DW_AT_type
	.byte	1                               @ DW_AT_decl_file
	.short	684                             @ DW_AT_decl_line
	.byte	68                              @ DW_AT_data_member_location
	.byte	9                               @ Abbrev [9] 0x417:0xd DW_TAG_member
	.long	.Linfo_string139                @ DW_AT_name
	.long	1334                            @ DW_AT_type
	.byte	1                               @ DW_AT_decl_file
	.short	685                             @ DW_AT_decl_line
	.byte	72                              @ DW_AT_data_member_location
	.byte	9                               @ Abbrev [9] 0x424:0xd DW_TAG_member
	.long	.Linfo_string140                @ DW_AT_name
	.long	1334                            @ DW_AT_type
	.byte	1                               @ DW_AT_decl_file
	.short	686                             @ DW_AT_decl_line
	.byte	76                              @ DW_AT_data_member_location
	.byte	9                               @ Abbrev [9] 0x431:0xd DW_TAG_member
	.long	.Linfo_string141                @ DW_AT_name
	.long	1334                            @ DW_AT_type
	.byte	1                               @ DW_AT_decl_file
	.short	687                             @ DW_AT_decl_line
	.byte	80                              @ DW_AT_data_member_location
	.byte	9                               @ Abbrev [9] 0x43e:0xd DW_TAG_member
	.long	.Linfo_string142                @ DW_AT_name
	.long	1339                            @ DW_AT_type
	.byte	1                               @ DW_AT_decl_file
	.short	688                             @ DW_AT_decl_line
	.byte	84                              @ DW_AT_data_member_location
	.byte	9                               @ Abbrev [9] 0x44b:0xd DW_TAG_member
	.long	.Linfo_string143                @ DW_AT_name
	.long	1334                            @ DW_AT_type
	.byte	1                               @ DW_AT_decl_file
	.short	689                             @ DW_AT_decl_line
	.byte	88                              @ DW_AT_data_member_location
	.byte	9                               @ Abbrev [9] 0x458:0xd DW_TAG_member
	.long	.Linfo_string144                @ DW_AT_name
	.long	1334                            @ DW_AT_type
	.byte	1                               @ DW_AT_decl_file
	.short	690                             @ DW_AT_decl_line
	.byte	92                              @ DW_AT_data_member_location
	.byte	9                               @ Abbrev [9] 0x465:0xd DW_TAG_member
	.long	.Linfo_string145                @ DW_AT_name
	.long	1334                            @ DW_AT_type
	.byte	1                               @ DW_AT_decl_file
	.short	691                             @ DW_AT_decl_line
	.byte	96                              @ DW_AT_data_member_location
	.byte	9                               @ Abbrev [9] 0x472:0xd DW_TAG_member
	.long	.Linfo_string146                @ DW_AT_name
	.long	1339                            @ DW_AT_type
	.byte	1                               @ DW_AT_decl_file
	.short	692                             @ DW_AT_decl_line
	.byte	100                             @ DW_AT_data_member_location
	.byte	9                               @ Abbrev [9] 0x47f:0xd DW_TAG_member
	.long	.Linfo_string147                @ DW_AT_name
	.long	1334                            @ DW_AT_type
	.byte	1                               @ DW_AT_decl_file
	.short	693                             @ DW_AT_decl_line
	.byte	104                             @ DW_AT_data_member_location
	.byte	9                               @ Abbrev [9] 0x48c:0xd DW_TAG_member
	.long	.Linfo_string148                @ DW_AT_name
	.long	1334                            @ DW_AT_type
	.byte	1                               @ DW_AT_decl_file
	.short	694                             @ DW_AT_decl_line
	.byte	108                             @ DW_AT_data_member_location
	.byte	9                               @ Abbrev [9] 0x499:0xd DW_TAG_member
	.long	.Linfo_string149                @ DW_AT_name
	.long	1334                            @ DW_AT_type
	.byte	1                               @ DW_AT_decl_file
	.short	695                             @ DW_AT_decl_line
	.byte	112                             @ DW_AT_data_member_location
	.byte	9                               @ Abbrev [9] 0x4a6:0xd DW_TAG_member
	.long	.Linfo_string150                @ DW_AT_name
	.long	1339                            @ DW_AT_type
	.byte	1                               @ DW_AT_decl_file
	.short	696                             @ DW_AT_decl_line
	.byte	116                             @ DW_AT_data_member_location
	.byte	9                               @ Abbrev [9] 0x4b3:0xd DW_TAG_member
	.long	.Linfo_string151                @ DW_AT_name
	.long	1334                            @ DW_AT_type
	.byte	1                               @ DW_AT_decl_file
	.short	697                             @ DW_AT_decl_line
	.byte	120                             @ DW_AT_data_member_location
	.byte	9                               @ Abbrev [9] 0x4c0:0xd DW_TAG_member
	.long	.Linfo_string152                @ DW_AT_name
	.long	1334                            @ DW_AT_type
	.byte	1                               @ DW_AT_decl_file
	.short	698                             @ DW_AT_decl_line
	.byte	124                             @ DW_AT_data_member_location
	.byte	9                               @ Abbrev [9] 0x4cd:0xd DW_TAG_member
	.long	.Linfo_string153                @ DW_AT_name
	.long	1334                            @ DW_AT_type
	.byte	1                               @ DW_AT_decl_file
	.short	699                             @ DW_AT_decl_line
	.byte	128                             @ DW_AT_data_member_location
	.byte	9                               @ Abbrev [9] 0x4da:0xd DW_TAG_member
	.long	.Linfo_string154                @ DW_AT_name
	.long	1339                            @ DW_AT_type
	.byte	1                               @ DW_AT_decl_file
	.short	700                             @ DW_AT_decl_line
	.byte	132                             @ DW_AT_data_member_location
	.byte	9                               @ Abbrev [9] 0x4e7:0xd DW_TAG_member
	.long	.Linfo_string155                @ DW_AT_name
	.long	1334                            @ DW_AT_type
	.byte	1                               @ DW_AT_decl_file
	.short	701                             @ DW_AT_decl_line
	.byte	136                             @ DW_AT_data_member_location
	.byte	9                               @ Abbrev [9] 0x4f4:0xd DW_TAG_member
	.long	.Linfo_string156                @ DW_AT_name
	.long	1339                            @ DW_AT_type
	.byte	1                               @ DW_AT_decl_file
	.short	702                             @ DW_AT_decl_line
	.byte	140                             @ DW_AT_data_member_location
	.byte	9                               @ Abbrev [9] 0x501:0xd DW_TAG_member
	.long	.Linfo_string157                @ DW_AT_name
	.long	1334                            @ DW_AT_type
	.byte	1                               @ DW_AT_decl_file
	.short	703                             @ DW_AT_decl_line
	.byte	144                             @ DW_AT_data_member_location
	.byte	9                               @ Abbrev [9] 0x50e:0xd DW_TAG_member
	.long	.Linfo_string158                @ DW_AT_name
	.long	1334                            @ DW_AT_type
	.byte	1                               @ DW_AT_decl_file
	.short	704                             @ DW_AT_decl_line
	.byte	148                             @ DW_AT_data_member_location
	.byte	9                               @ Abbrev [9] 0x51b:0xd DW_TAG_member
	.long	.Linfo_string159                @ DW_AT_name
	.long	1334                            @ DW_AT_type
	.byte	1                               @ DW_AT_decl_file
	.short	705                             @ DW_AT_decl_line
	.byte	152                             @ DW_AT_data_member_location
	.byte	9                               @ Abbrev [9] 0x528:0xd DW_TAG_member
	.long	.Linfo_string160                @ DW_AT_name
	.long	1334                            @ DW_AT_type
	.byte	1                               @ DW_AT_decl_file
	.short	706                             @ DW_AT_decl_line
	.byte	156                             @ DW_AT_data_member_location
	.byte	0                               @ End Of Children Mark
	.byte	10                              @ Abbrev [10] 0x536:0x5 DW_TAG_volatile_type
	.long	1339                            @ DW_AT_type
	.byte	11                              @ Abbrev [11] 0x53b:0xb DW_TAG_typedef
	.long	1350                            @ DW_AT_type
	.long	.Linfo_string121                @ DW_AT_name
	.byte	3                               @ DW_AT_decl_file
	.byte	64                              @ DW_AT_decl_line
	.byte	4                               @ Abbrev [4] 0x546:0x7 DW_TAG_base_type
	.long	.Linfo_string120                @ DW_AT_name
	.byte	7                               @ DW_AT_encoding
	.byte	4                               @ DW_AT_byte_size
	.byte	12                              @ Abbrev [12] 0x54d:0x48 DW_TAG_subprogram
	.long	.Lfunc_begin0                   @ DW_AT_low_pc
	.long	.Lfunc_end0-.Lfunc_begin0       @ DW_AT_high_pc
	.byte	1                               @ DW_AT_frame_base
	.byte	93
                                        @ DW_AT_GNU_all_call_sites
	.long	.Linfo_string162                @ DW_AT_name
	.byte	4                               @ DW_AT_decl_file
	.byte	64                              @ DW_AT_decl_line
                                        @ DW_AT_prototyped
                                        @ DW_AT_external
	.byte	13                              @ Abbrev [13] 0x55e:0xe DW_TAG_variable
	.byte	2                               @ DW_AT_location
	.byte	145
	.byte	8
	.long	.Linfo_string163                @ DW_AT_name
	.byte	4                               @ DW_AT_decl_file
	.byte	69                              @ DW_AT_decl_line
	.long	1429                            @ DW_AT_type
	.byte	14                              @ Abbrev [14] 0x56c:0x14 DW_TAG_lexical_block
	.long	.Ldebug_ranges0                 @ DW_AT_ranges
	.byte	13                              @ Abbrev [13] 0x571:0xe DW_TAG_variable
	.byte	2                               @ DW_AT_location
	.byte	145
	.byte	4
	.long	.Linfo_string167                @ DW_AT_name
	.byte	4                               @ DW_AT_decl_file
	.byte	71                              @ DW_AT_decl_line
	.long	1334                            @ DW_AT_type
	.byte	0                               @ End Of Children Mark
	.byte	14                              @ Abbrev [14] 0x580:0x14 DW_TAG_lexical_block
	.long	.Ldebug_ranges1                 @ DW_AT_ranges
	.byte	13                              @ Abbrev [13] 0x585:0xe DW_TAG_variable
	.byte	2                               @ DW_AT_location
	.byte	145
	.byte	4
	.long	.Linfo_string167                @ DW_AT_name
	.byte	4                               @ DW_AT_decl_file
	.byte	72                              @ DW_AT_decl_line
	.long	1334                            @ DW_AT_type
	.byte	0                               @ End Of Children Mark
	.byte	0                               @ End Of Children Mark
	.byte	11                              @ Abbrev [11] 0x595:0xb DW_TAG_typedef
	.long	1440                            @ DW_AT_type
	.long	.Linfo_string166                @ DW_AT_name
	.byte	5                               @ DW_AT_decl_file
	.byte	55                              @ DW_AT_decl_line
	.byte	15                              @ Abbrev [15] 0x5a0:0x1d DW_TAG_structure_type
	.byte	8                               @ DW_AT_byte_size
	.byte	5                               @ DW_AT_decl_file
	.byte	48                              @ DW_AT_decl_line
	.byte	16                              @ Abbrev [16] 0x5a4:0xc DW_TAG_member
	.long	.Linfo_string164                @ DW_AT_name
	.long	1339                            @ DW_AT_type
	.byte	5                               @ DW_AT_decl_file
	.byte	50                              @ DW_AT_decl_line
	.byte	0                               @ DW_AT_data_member_location
	.byte	16                              @ Abbrev [16] 0x5b0:0xc DW_TAG_member
	.long	.Linfo_string165                @ DW_AT_name
	.long	1339                            @ DW_AT_type
	.byte	5                               @ DW_AT_decl_file
	.byte	53                              @ DW_AT_decl_line
	.byte	4                               @ DW_AT_data_member_location
	.byte	0                               @ End Of Children Mark
	.byte	0                               @ End Of Children Mark
.Ldebug_info_end0:
	.section	.debug_ranges,"",%progbits
.Ldebug_ranges0:
	.long	.Ltmp1-.Lfunc_begin0
	.long	.Ltmp2-.Lfunc_begin0
	.long	.Ltmp3-.Lfunc_begin0
	.long	.Ltmp4-.Lfunc_begin0
	.long	0
	.long	0
.Ldebug_ranges1:
	.long	.Ltmp4-.Lfunc_begin0
	.long	.Ltmp5-.Lfunc_begin0
	.long	.Ltmp6-.Lfunc_begin0
	.long	.Ltmp7-.Lfunc_begin0
	.long	0
	.long	0
	.section	.debug_str,"MS",%progbits,1
.Linfo_string0:
	.asciz	"Component: ARM Compiler 6.16 Tool: armclang [5dfeb700]" @ string offset=0
.Linfo_string1:
	.asciz	"../src/board/amcbldc/v120/src\\stm32g4xx_hal_msp.c" @ string offset=55
.Linfo_string2:
	.asciz	"C:\\Users\\grodriguez\\Documents\\iit\\icub-firmware\\emBODY\\eBcode\\arch-arm\\libs\\lowlevel\\stm32hal\\proj" @ string offset=105
.Linfo_string3:
	.asciz	"signed char"                   @ string offset=204
.Linfo_string4:
	.asciz	"NonMaskableInt_IRQn"           @ string offset=216
.Linfo_string5:
	.asciz	"HardFault_IRQn"                @ string offset=236
.Linfo_string6:
	.asciz	"MemoryManagement_IRQn"         @ string offset=251
.Linfo_string7:
	.asciz	"BusFault_IRQn"                 @ string offset=273
.Linfo_string8:
	.asciz	"UsageFault_IRQn"               @ string offset=287
.Linfo_string9:
	.asciz	"SVCall_IRQn"                   @ string offset=303
.Linfo_string10:
	.asciz	"DebugMonitor_IRQn"             @ string offset=315
.Linfo_string11:
	.asciz	"PendSV_IRQn"                   @ string offset=333
.Linfo_string12:
	.asciz	"SysTick_IRQn"                  @ string offset=345
.Linfo_string13:
	.asciz	"WWDG_IRQn"                     @ string offset=358
.Linfo_string14:
	.asciz	"PVD_PVM_IRQn"                  @ string offset=368
.Linfo_string15:
	.asciz	"RTC_TAMP_LSECSS_IRQn"          @ string offset=381
.Linfo_string16:
	.asciz	"RTC_WKUP_IRQn"                 @ string offset=402
.Linfo_string17:
	.asciz	"FLASH_IRQn"                    @ string offset=416
.Linfo_string18:
	.asciz	"RCC_IRQn"                      @ string offset=427
.Linfo_string19:
	.asciz	"EXTI0_IRQn"                    @ string offset=436
.Linfo_string20:
	.asciz	"EXTI1_IRQn"                    @ string offset=447
.Linfo_string21:
	.asciz	"EXTI2_IRQn"                    @ string offset=458
.Linfo_string22:
	.asciz	"EXTI3_IRQn"                    @ string offset=469
.Linfo_string23:
	.asciz	"EXTI4_IRQn"                    @ string offset=480
.Linfo_string24:
	.asciz	"DMA1_Channel1_IRQn"            @ string offset=491
.Linfo_string25:
	.asciz	"DMA1_Channel2_IRQn"            @ string offset=510
.Linfo_string26:
	.asciz	"DMA1_Channel3_IRQn"            @ string offset=529
.Linfo_string27:
	.asciz	"DMA1_Channel4_IRQn"            @ string offset=548
.Linfo_string28:
	.asciz	"DMA1_Channel5_IRQn"            @ string offset=567
.Linfo_string29:
	.asciz	"DMA1_Channel6_IRQn"            @ string offset=586
.Linfo_string30:
	.asciz	"DMA1_Channel7_IRQn"            @ string offset=605
.Linfo_string31:
	.asciz	"ADC1_2_IRQn"                   @ string offset=624
.Linfo_string32:
	.asciz	"USB_HP_IRQn"                   @ string offset=636
.Linfo_string33:
	.asciz	"USB_LP_IRQn"                   @ string offset=648
.Linfo_string34:
	.asciz	"FDCAN1_IT0_IRQn"               @ string offset=660
.Linfo_string35:
	.asciz	"FDCAN1_IT1_IRQn"               @ string offset=676
.Linfo_string36:
	.asciz	"EXTI9_5_IRQn"                  @ string offset=692
.Linfo_string37:
	.asciz	"TIM1_BRK_TIM15_IRQn"           @ string offset=705
.Linfo_string38:
	.asciz	"TIM1_UP_TIM16_IRQn"            @ string offset=725
.Linfo_string39:
	.asciz	"TIM1_TRG_COM_TIM17_IRQn"       @ string offset=744
.Linfo_string40:
	.asciz	"TIM1_CC_IRQn"                  @ string offset=768
.Linfo_string41:
	.asciz	"TIM2_IRQn"                     @ string offset=781
.Linfo_string42:
	.asciz	"TIM3_IRQn"                     @ string offset=791
.Linfo_string43:
	.asciz	"TIM4_IRQn"                     @ string offset=801
.Linfo_string44:
	.asciz	"I2C1_EV_IRQn"                  @ string offset=811
.Linfo_string45:
	.asciz	"I2C1_ER_IRQn"                  @ string offset=824
.Linfo_string46:
	.asciz	"I2C2_EV_IRQn"                  @ string offset=837
.Linfo_string47:
	.asciz	"I2C2_ER_IRQn"                  @ string offset=850
.Linfo_string48:
	.asciz	"SPI1_IRQn"                     @ string offset=863
.Linfo_string49:
	.asciz	"SPI2_IRQn"                     @ string offset=873
.Linfo_string50:
	.asciz	"USART1_IRQn"                   @ string offset=883
.Linfo_string51:
	.asciz	"USART2_IRQn"                   @ string offset=895
.Linfo_string52:
	.asciz	"USART3_IRQn"                   @ string offset=907
.Linfo_string53:
	.asciz	"EXTI15_10_IRQn"                @ string offset=919
.Linfo_string54:
	.asciz	"RTC_Alarm_IRQn"                @ string offset=934
.Linfo_string55:
	.asciz	"USBWakeUp_IRQn"                @ string offset=949
.Linfo_string56:
	.asciz	"TIM8_BRK_IRQn"                 @ string offset=964
.Linfo_string57:
	.asciz	"TIM8_UP_IRQn"                  @ string offset=978
.Linfo_string58:
	.asciz	"TIM8_TRG_COM_IRQn"             @ string offset=991
.Linfo_string59:
	.asciz	"TIM8_CC_IRQn"                  @ string offset=1009
.Linfo_string60:
	.asciz	"ADC3_IRQn"                     @ string offset=1022
.Linfo_string61:
	.asciz	"FMC_IRQn"                      @ string offset=1032
.Linfo_string62:
	.asciz	"LPTIM1_IRQn"                   @ string offset=1041
.Linfo_string63:
	.asciz	"TIM5_IRQn"                     @ string offset=1053
.Linfo_string64:
	.asciz	"SPI3_IRQn"                     @ string offset=1063
.Linfo_string65:
	.asciz	"UART4_IRQn"                    @ string offset=1073
.Linfo_string66:
	.asciz	"UART5_IRQn"                    @ string offset=1084
.Linfo_string67:
	.asciz	"TIM6_DAC_IRQn"                 @ string offset=1095
.Linfo_string68:
	.asciz	"TIM7_DAC_IRQn"                 @ string offset=1109
.Linfo_string69:
	.asciz	"DMA2_Channel1_IRQn"            @ string offset=1123
.Linfo_string70:
	.asciz	"DMA2_Channel2_IRQn"            @ string offset=1142
.Linfo_string71:
	.asciz	"DMA2_Channel3_IRQn"            @ string offset=1161
.Linfo_string72:
	.asciz	"DMA2_Channel4_IRQn"            @ string offset=1180
.Linfo_string73:
	.asciz	"DMA2_Channel5_IRQn"            @ string offset=1199
.Linfo_string74:
	.asciz	"ADC4_IRQn"                     @ string offset=1218
.Linfo_string75:
	.asciz	"ADC5_IRQn"                     @ string offset=1228
.Linfo_string76:
	.asciz	"UCPD1_IRQn"                    @ string offset=1238
.Linfo_string77:
	.asciz	"COMP1_2_3_IRQn"                @ string offset=1249
.Linfo_string78:
	.asciz	"COMP4_5_6_IRQn"                @ string offset=1264
.Linfo_string79:
	.asciz	"COMP7_IRQn"                    @ string offset=1279
.Linfo_string80:
	.asciz	"HRTIM1_Master_IRQn"            @ string offset=1290
.Linfo_string81:
	.asciz	"HRTIM1_TIMA_IRQn"              @ string offset=1309
.Linfo_string82:
	.asciz	"HRTIM1_TIMB_IRQn"              @ string offset=1326
.Linfo_string83:
	.asciz	"HRTIM1_TIMC_IRQn"              @ string offset=1343
.Linfo_string84:
	.asciz	"HRTIM1_TIMD_IRQn"              @ string offset=1360
.Linfo_string85:
	.asciz	"HRTIM1_TIME_IRQn"              @ string offset=1377
.Linfo_string86:
	.asciz	"HRTIM1_FLT_IRQn"               @ string offset=1394
.Linfo_string87:
	.asciz	"HRTIM1_TIMF_IRQn"              @ string offset=1410
.Linfo_string88:
	.asciz	"CRS_IRQn"                      @ string offset=1427
.Linfo_string89:
	.asciz	"SAI1_IRQn"                     @ string offset=1436
.Linfo_string90:
	.asciz	"TIM20_BRK_IRQn"                @ string offset=1446
.Linfo_string91:
	.asciz	"TIM20_UP_IRQn"                 @ string offset=1461
.Linfo_string92:
	.asciz	"TIM20_TRG_COM_IRQn"            @ string offset=1475
.Linfo_string93:
	.asciz	"TIM20_CC_IRQn"                 @ string offset=1494
.Linfo_string94:
	.asciz	"FPU_IRQn"                      @ string offset=1508
.Linfo_string95:
	.asciz	"I2C4_EV_IRQn"                  @ string offset=1517
.Linfo_string96:
	.asciz	"I2C4_ER_IRQn"                  @ string offset=1530
.Linfo_string97:
	.asciz	"SPI4_IRQn"                     @ string offset=1543
.Linfo_string98:
	.asciz	"FDCAN2_IT0_IRQn"               @ string offset=1553
.Linfo_string99:
	.asciz	"FDCAN2_IT1_IRQn"               @ string offset=1569
.Linfo_string100:
	.asciz	"FDCAN3_IT0_IRQn"               @ string offset=1585
.Linfo_string101:
	.asciz	"FDCAN3_IT1_IRQn"               @ string offset=1601
.Linfo_string102:
	.asciz	"RNG_IRQn"                      @ string offset=1617
.Linfo_string103:
	.asciz	"LPUART1_IRQn"                  @ string offset=1626
.Linfo_string104:
	.asciz	"I2C3_EV_IRQn"                  @ string offset=1639
.Linfo_string105:
	.asciz	"I2C3_ER_IRQn"                  @ string offset=1652
.Linfo_string106:
	.asciz	"DMAMUX_OVR_IRQn"               @ string offset=1665
.Linfo_string107:
	.asciz	"QUADSPI_IRQn"                  @ string offset=1681
.Linfo_string108:
	.asciz	"DMA1_Channel8_IRQn"            @ string offset=1694
.Linfo_string109:
	.asciz	"DMA2_Channel6_IRQn"            @ string offset=1713
.Linfo_string110:
	.asciz	"DMA2_Channel7_IRQn"            @ string offset=1732
.Linfo_string111:
	.asciz	"DMA2_Channel8_IRQn"            @ string offset=1751
.Linfo_string112:
	.asciz	"CORDIC_IRQn"                   @ string offset=1770
.Linfo_string113:
	.asciz	"FMAC_IRQn"                     @ string offset=1782
.Linfo_string114:
	.asciz	"unsigned char"                 @ string offset=1792
.Linfo_string115:
	.asciz	"HAL_OK"                        @ string offset=1806
.Linfo_string116:
	.asciz	"HAL_ERROR"                     @ string offset=1813
.Linfo_string117:
	.asciz	"HAL_BUSY"                      @ string offset=1823
.Linfo_string118:
	.asciz	"HAL_TIMEOUT"                   @ string offset=1832
.Linfo_string119:
	.asciz	"CR"                            @ string offset=1844
.Linfo_string120:
	.asciz	"unsigned int"                  @ string offset=1847
.Linfo_string121:
	.asciz	"uint32_t"                      @ string offset=1860
.Linfo_string122:
	.asciz	"ICSCR"                         @ string offset=1869
.Linfo_string123:
	.asciz	"CFGR"                          @ string offset=1875
.Linfo_string124:
	.asciz	"PLLCFGR"                       @ string offset=1880
.Linfo_string125:
	.asciz	"RESERVED0"                     @ string offset=1888
.Linfo_string126:
	.asciz	"RESERVED1"                     @ string offset=1898
.Linfo_string127:
	.asciz	"CIER"                          @ string offset=1908
.Linfo_string128:
	.asciz	"CIFR"                          @ string offset=1913
.Linfo_string129:
	.asciz	"CICR"                          @ string offset=1918
.Linfo_string130:
	.asciz	"RESERVED2"                     @ string offset=1923
.Linfo_string131:
	.asciz	"AHB1RSTR"                      @ string offset=1933
.Linfo_string132:
	.asciz	"AHB2RSTR"                      @ string offset=1942
.Linfo_string133:
	.asciz	"AHB3RSTR"                      @ string offset=1951
.Linfo_string134:
	.asciz	"RESERVED3"                     @ string offset=1960
.Linfo_string135:
	.asciz	"APB1RSTR1"                     @ string offset=1970
.Linfo_string136:
	.asciz	"APB1RSTR2"                     @ string offset=1980
.Linfo_string137:
	.asciz	"APB2RSTR"                      @ string offset=1990
.Linfo_string138:
	.asciz	"RESERVED4"                     @ string offset=1999
.Linfo_string139:
	.asciz	"AHB1ENR"                       @ string offset=2009
.Linfo_string140:
	.asciz	"AHB2ENR"                       @ string offset=2017
.Linfo_string141:
	.asciz	"AHB3ENR"                       @ string offset=2025
.Linfo_string142:
	.asciz	"RESERVED5"                     @ string offset=2033
.Linfo_string143:
	.asciz	"APB1ENR1"                      @ string offset=2043
.Linfo_string144:
	.asciz	"APB1ENR2"                      @ string offset=2052
.Linfo_string145:
	.asciz	"APB2ENR"                       @ string offset=2061
.Linfo_string146:
	.asciz	"RESERVED6"                     @ string offset=2069
.Linfo_string147:
	.asciz	"AHB1SMENR"                     @ string offset=2079
.Linfo_string148:
	.asciz	"AHB2SMENR"                     @ string offset=2089
.Linfo_string149:
	.asciz	"AHB3SMENR"                     @ string offset=2099
.Linfo_string150:
	.asciz	"RESERVED7"                     @ string offset=2109
.Linfo_string151:
	.asciz	"APB1SMENR1"                    @ string offset=2119
.Linfo_string152:
	.asciz	"APB1SMENR2"                    @ string offset=2130
.Linfo_string153:
	.asciz	"APB2SMENR"                     @ string offset=2141
.Linfo_string154:
	.asciz	"RESERVED8"                     @ string offset=2151
.Linfo_string155:
	.asciz	"CCIPR"                         @ string offset=2161
.Linfo_string156:
	.asciz	"RESERVED9"                     @ string offset=2167
.Linfo_string157:
	.asciz	"BDCR"                          @ string offset=2177
.Linfo_string158:
	.asciz	"CSR"                           @ string offset=2182
.Linfo_string159:
	.asciz	"CRRCR"                         @ string offset=2186
.Linfo_string160:
	.asciz	"CCIPR2"                        @ string offset=2192
.Linfo_string161:
	.asciz	"RCC_TypeDef"                   @ string offset=2199
.Linfo_string162:
	.asciz	"HAL_MspInit"                   @ string offset=2211
.Linfo_string163:
	.asciz	"sConfigPVD"                    @ string offset=2223
.Linfo_string164:
	.asciz	"PVDLevel"                      @ string offset=2234
.Linfo_string165:
	.asciz	"Mode"                          @ string offset=2243
.Linfo_string166:
	.asciz	"PWR_PVDTypeDef"                @ string offset=2248
.Linfo_string167:
	.asciz	"tmpreg"                        @ string offset=2263
	.ident	"Component: ARM Compiler 6.16 Tool: armclang [5dfeb700]"
	.section	".note.GNU-stack","",%progbits
	.eabi_attribute	30, 3	@ Tag_ABI_optimization_goals
	.ARM_attribute	16, 1	@ Tag_AV_eba
	.section	.debug_line,"",%progbits
.Lline_table_start0:
