	.text
	.syntax unified
	.eabi_attribute	67, "2.09"	@ Tag_conformance
	.cpu	cortex-m4
	.eabi_attribute	6, 13	@ Tag_CPU_arch
	.eabi_attribute	7, 77	@ Tag_CPU_arch_profile
	.eabi_attribute	8, 0	@ Tag_ARM_ISA_use
	.eabi_attribute	9, 2	@ Tag_THUMB_ISA_use
	.fpu	fpv4-sp-d16
	.eabi_attribute	27, 1	@ Tag_ABI_HardFP_use
	.eabi_attribute	36, 1	@ Tag_FP_HP_extension
	.eabi_attribute	34, 1	@ Tag_CPU_unaligned_access
	.eabi_attribute	17, 1	@ Tag_ABI_PCS_GOT_use
	.eabi_attribute	20, 2	@ Tag_ABI_FP_denormal
	.eabi_attribute	21, 0	@ Tag_ABI_FP_exceptions
	.eabi_attribute	23, 1	@ Tag_ABI_FP_number_model
	.eabi_attribute	24, 1	@ Tag_ABI_align_needed
	.eabi_attribute	25, 1	@ Tag_ABI_align_preserved
	.eabi_attribute	28, 1	@ Tag_ABI_VFP_args
	.eabi_attribute	38, 1	@ Tag_ABI_FP_16bit_format
	.eabi_attribute	18, 2	@ Tag_ABI_PCS_wchar_t
	.eabi_attribute	26, 1	@ Tag_ABI_enum_size
	.eabi_attribute	14, 0	@ Tag_ABI_PCS_R9_use
	.file	"stm32hal.c"
	.file	1 "C:\\Users\\grodriguez\\Documents\\iit\\icub-firmware\\emBODY\\eBcode\\arch-arm\\libs\\lowlevel\\stm32hal\\proj" "../api\\stm32hal.h"
	.file	2 "C:\\" "Keil_v5\\ARM\\ARMCLANG\\Bin\\..\\include\\stdint.h"
	.file	3 "C:\\Users\\grodriguez\\Documents\\iit\\icub-firmware\\emBODY\\eBcode\\arch-arm\\libs\\lowlevel\\stm32hal\\proj" "../src/stm32hal/stm32hal.c"
	.file	4 "C:\\Users\\grodriguez\\Documents\\iit\\icub-firmware\\emBODY\\eBcode\\arch-arm\\libs\\lowlevel\\stm32hal\\proj" "../src/driver/stm32g4-v120/inc/stm32g4xx_hal_def.h"
	.section	.text.stm32hal_init,"ax",%progbits
	.hidden	stm32hal_init                   @ -- Begin function stm32hal_init
	.globl	stm32hal_init
	.p2align	2
	.type	stm32hal_init,%function
	.code	16                              @ @stm32hal_init
	.thumb_func
stm32hal_init:
.Lfunc_begin0:
	.loc	3 81 0                          @ ../src/stm32hal/stm32hal.c:81:0
	.fnstart
	.cfi_sections .debug_frame
	.cfi_startproc
@ %bb.0:
	@DEBUG_VALUE: stm32hal_init:cfg <- $r0
	@DEBUG_VALUE: stm32hal_init:cfg <- $r0
	.save	{r7, lr}
	push	{r7, lr}
	.cfi_def_cfa_offset 8
	.cfi_offset lr, -4
	.cfi_offset r7, -8
.Ltmp0:
	.loc	3 88 8 prologue_end             @ ../src/stm32hal/stm32hal.c:88:8
	adr	r1, .LCPI0_0
	cmp	r0, #0
	it	ne
	movne	r1, r0
.Ltmp1:
	@DEBUG_VALUE: stm32hal_init:cfg <- $r1
	.loc	3 93 5                          @ ../src/stm32hal/stm32hal.c:93:5
	ldrd	r2, r1, [r1]
.Ltmp2:
	movw	r0, :lower16:s_stm32hal_bsp_config
	movt	r0, :upper16:s_stm32hal_bsp_config
	strd	r2, r1, [r0]
	.loc	3 95 8                          @ ../src/stm32hal/stm32hal.c:95:8
	cbnz	r2, .LBB0_2
@ %bb.1:
.Ltmp3:
	.loc	3 97 44                         @ ../src/stm32hal/stm32hal.c:97:44
	movw	r2, :lower16:s_stm32hal_bps_dummy_tick1msinit
	movt	r2, :upper16:s_stm32hal_bps_dummy_tick1msinit
	str	r2, [r0]
.Ltmp4:
.LBB0_2:
	.loc	3 100 8                         @ ../src/stm32hal/stm32hal.c:100:8
	cbnz	r1, .LBB0_4
@ %bb.3:
.Ltmp5:
	.loc	3 102 43                        @ ../src/stm32hal/stm32hal.c:102:43
	movw	r1, :lower16:s_stm32hal_bps_dummy_tick1msget
	movt	r1, :upper16:s_stm32hal_bps_dummy_tick1msget
	str	r1, [r0, #4]
.Ltmp6:
.LBB0_4:
	.loc	3 106 5                         @ ../src/stm32hal/stm32hal.c:106:5
	bl	stm32hal_board_init
.Ltmp7:
	.loc	3 108 5                         @ ../src/stm32hal/stm32hal.c:108:5
	movs	r0, #0
	pop	{r7, pc}
.Ltmp8:
	.p2align	2
@ %bb.5:
	.loc	3 0 5 is_stmt 0                 @ ../src/stm32hal/stm32hal.c:0:5
.LCPI0_0:
stm32hal_init.s_config:
	.long	s_stm32hal_bps_dummy_tick1msinit
	.long	s_stm32hal_bps_dummy_tick1msget
.Lfunc_end0:
	.size	stm32hal_init, .Lfunc_end0-stm32hal_init
	.cfi_endproc
	.cantunwind
	.fnend
                                        @ -- End function
	.section	.text.s_stm32hal_bps_dummy_tick1msinit,"ax",%progbits
	.p2align	1                               @ -- Begin function s_stm32hal_bps_dummy_tick1msinit
	.type	s_stm32hal_bps_dummy_tick1msinit,%function
	.code	16                              @ @s_stm32hal_bps_dummy_tick1msinit
	.thumb_func
s_stm32hal_bps_dummy_tick1msinit:
.Lfunc_begin1:
	.loc	3 119 0 is_stmt 1               @ ../src/stm32hal/stm32hal.c:119:0
	.fnstart
	.cfi_startproc
@ %bb.0:
	.loc	3 120 1 prologue_end            @ ../src/stm32hal/stm32hal.c:120:1
	bx	lr
.Ltmp9:
.Lfunc_end1:
	.size	s_stm32hal_bps_dummy_tick1msinit, .Lfunc_end1-s_stm32hal_bps_dummy_tick1msinit
	.cfi_endproc
	.cantunwind
	.fnend
                                        @ -- End function
	.section	.text.s_stm32hal_bps_dummy_tick1msget,"ax",%progbits
	.p2align	1                               @ -- Begin function s_stm32hal_bps_dummy_tick1msget
	.type	s_stm32hal_bps_dummy_tick1msget,%function
	.code	16                              @ @s_stm32hal_bps_dummy_tick1msget
	.thumb_func
s_stm32hal_bps_dummy_tick1msget:
.Lfunc_begin2:
	.loc	3 123 0                         @ ../src/stm32hal/stm32hal.c:123:0
	.fnstart
	.cfi_startproc
@ %bb.0:
	.loc	3 126 18 prologue_end           @ ../src/stm32hal/stm32hal.c:126:18
	movw	r0, :lower16:SystemCoreClock
	movt	r0, :upper16:SystemCoreClock
	ldr	r0, [r0]
.Ltmp10:
	@DEBUG_VALUE: i <- undef
	.loc	3 0 18 is_stmt 0                @ ../src/stm32hal/stm32hal.c:0:18
	movs	r1, #0
	.loc	3 126 5                         @ ../src/stm32hal/stm32hal.c:126:5
	cmp.w	r1, r0, lsr #14
	beq	.LBB2_3
.Ltmp11:
@ %bb.1:
	.loc	3 0 5                           @ ../src/stm32hal/stm32hal.c:0:5
	lsrs	r0, r0, #14
.Ltmp12:
	@DEBUG_VALUE: i <- $r0
	.p2align	2
.LBB2_2:                                @ =>This Inner Loop Header: Depth=1
	@DEBUG_VALUE: i <- $r0
	@DEBUG_VALUE: i <- $r0
	.loc	3 127 9 is_stmt 1               @ ../src/stm32hal/stm32hal.c:127:9
	nop
	.loc	3 127 18 is_stmt 0              @ ../src/stm32hal/stm32hal.c:127:18
	nop
	.loc	3 127 27                        @ ../src/stm32hal/stm32hal.c:127:27
	nop
	.loc	3 127 36                        @ ../src/stm32hal/stm32hal.c:127:36
	nop
	.loc	3 127 45                        @ ../src/stm32hal/stm32hal.c:127:45
	nop
	.loc	3 127 54                        @ ../src/stm32hal/stm32hal.c:127:54
	nop
	.loc	3 128 9 is_stmt 1               @ ../src/stm32hal/stm32hal.c:128:9
	nop
	.loc	3 128 18 is_stmt 0              @ ../src/stm32hal/stm32hal.c:128:18
	nop
	.loc	3 128 27                        @ ../src/stm32hal/stm32hal.c:128:27
	nop
	.loc	3 128 36                        @ ../src/stm32hal/stm32hal.c:128:36
	nop
	.loc	3 128 45                        @ ../src/stm32hal/stm32hal.c:128:45
	nop
.Ltmp13:
	.loc	3 126 52 is_stmt 1              @ ../src/stm32hal/stm32hal.c:126:52
	subs	r0, #1
.Ltmp14:
	@DEBUG_VALUE: i <- $r0
	.loc	3 128 54                        @ ../src/stm32hal/stm32hal.c:128:54
	nop
.Ltmp15:
	.loc	3 126 5                         @ ../src/stm32hal/stm32hal.c:126:5
	bne	.LBB2_2
.Ltmp16:
.LBB2_3:
	.loc	3 130 12                        @ ../src/stm32hal/stm32hal.c:130:12
	movw	r1, :lower16:s_stm32hal_bps_dummy_tick1msget.cnt
	movt	r1, :upper16:s_stm32hal_bps_dummy_tick1msget.cnt
	ldrd	r0, r2, [r1]
	adds	r0, #1
	adc	r2, r2, #0
	strd	r0, r2, [r1]
	.loc	3 130 5 is_stmt 0               @ ../src/stm32hal/stm32hal.c:130:5
	bx	lr
.Ltmp17:
.Lfunc_end2:
	.size	s_stm32hal_bps_dummy_tick1msget, .Lfunc_end2-s_stm32hal_bps_dummy_tick1msget
	.cfi_endproc
	.cantunwind
	.fnend
                                        @ -- End function
	.section	.text.HAL_InitTick,"ax",%progbits
	.hidden	HAL_InitTick                    @ -- Begin function HAL_InitTick
	.globl	HAL_InitTick
	.p2align	1
	.type	HAL_InitTick,%function
	.code	16                              @ @HAL_InitTick
	.thumb_func
HAL_InitTick:
.Lfunc_begin3:
	.loc	3 149 0 is_stmt 1               @ ../src/stm32hal/stm32hal.c:149:0
	.fnstart
	.cfi_startproc
@ %bb.0:
	@DEBUG_VALUE: HAL_InitTick:TickPriority <- $r0
	.save	{r7, lr}
	push	{r7, lr}
	.cfi_def_cfa_offset 8
	.cfi_offset lr, -4
	.cfi_offset r7, -8
.Ltmp18:
	.loc	3 159 27 prologue_end           @ ../src/stm32hal/stm32hal.c:159:27
	movw	r0, :lower16:s_stm32hal_bsp_config
.Ltmp19:
	@DEBUG_VALUE: HAL_InitTick:TickPriority <- [DW_OP_LLVM_entry_value 1] $r0
	movt	r0, :upper16:s_stm32hal_bsp_config
	ldr	r0, [r0]
	.loc	3 159 5 is_stmt 0               @ ../src/stm32hal/stm32hal.c:159:5
	blx	r0
.Ltmp20:
	.loc	3 161 5 is_stmt 1               @ ../src/stm32hal/stm32hal.c:161:5
	movs	r0, #0
	pop	{r7, pc}
.Ltmp21:
.Lfunc_end3:
	.size	HAL_InitTick, .Lfunc_end3-HAL_InitTick
	.cfi_endproc
	.cantunwind
	.fnend
                                        @ -- End function
	.section	.text.HAL_IncTick,"ax",%progbits
	.hidden	HAL_IncTick                     @ -- Begin function HAL_IncTick
	.globl	HAL_IncTick
	.p2align	1
	.type	HAL_IncTick,%function
	.code	16                              @ @HAL_IncTick
	.thumb_func
HAL_IncTick:
.Lfunc_begin4:
	.loc	3 165 0                         @ ../src/stm32hal/stm32hal.c:165:0
	.fnstart
	.cfi_startproc
@ %bb.0:
	.loc	3 167 1 prologue_end            @ ../src/stm32hal/stm32hal.c:167:1
	bx	lr
.Ltmp22:
.Lfunc_end4:
	.size	HAL_IncTick, .Lfunc_end4-HAL_IncTick
	.cfi_endproc
	.cantunwind
	.fnend
                                        @ -- End function
	.section	.text.HAL_GetTick,"ax",%progbits
	.hidden	HAL_GetTick                     @ -- Begin function HAL_GetTick
	.globl	HAL_GetTick
	.p2align	1
	.type	HAL_GetTick,%function
	.code	16                              @ @HAL_GetTick
	.thumb_func
HAL_GetTick:
.Lfunc_begin5:
	.loc	3 170 0                         @ ../src/stm32hal/stm32hal.c:170:0
	.fnstart
	.cfi_startproc
@ %bb.0:
	.save	{r7, lr}
	push	{r7, lr}
	.cfi_def_cfa_offset 8
	.cfi_offset lr, -4
	.cfi_offset r7, -8
.Ltmp23:
	.loc	3 174 43 prologue_end           @ ../src/stm32hal/stm32hal.c:174:43
	movw	r0, :lower16:s_stm32hal_bsp_config
	movt	r0, :upper16:s_stm32hal_bsp_config
	ldr	r0, [r0, #4]
	.loc	3 174 21 is_stmt 0              @ ../src/stm32hal/stm32hal.c:174:21
	blx	r0
.Ltmp24:
	@DEBUG_VALUE: HAL_GetTick:tick <- $r0
	.loc	3 175 8 is_stmt 1               @ ../src/stm32hal/stm32hal.c:175:8
	cbz	r0, .LBB5_2
.Ltmp25:
@ %bb.1:
	@DEBUG_VALUE: HAL_GetTick:tick <- $r0
	@DEBUG_VALUE: HAL_GetTick:tick <- $r0
	.loc	3 179 5                         @ ../src/stm32hal/stm32hal.c:179:5
	pop	{r7, pc}
.Ltmp26:
.LBB5_2:
	@DEBUG_VALUE: HAL_GetTick:tick <- $r0
	.loc	3 177 16                        @ ../src/stm32hal/stm32hal.c:177:16
	pop.w	{r7, lr}
.Ltmp27:
	b	s_stm32hal_bps_dummy_tick1msget
.Ltmp28:
.Lfunc_end5:
	.size	HAL_GetTick, .Lfunc_end5-HAL_GetTick
	.cfi_endproc
	.cantunwind
	.fnend
                                        @ -- End function
	.section	.text.HAL_Delay,"ax",%progbits
	.hidden	HAL_Delay                       @ -- Begin function HAL_Delay
	.globl	HAL_Delay
	.p2align	1
	.type	HAL_Delay,%function
	.code	16                              @ @HAL_Delay
	.thumb_func
HAL_Delay:
.Lfunc_begin6:
	.loc	3 184 0                         @ ../src/stm32hal/stm32hal.c:184:0
	.fnstart
	.cfi_startproc
@ %bb.0:
	@DEBUG_VALUE: HAL_Delay:Delay <- $r0
	.save	{r4, r5, r6, lr}
	push	{r4, r5, r6, lr}
	.cfi_def_cfa_offset 16
	.cfi_offset lr, -4
	.cfi_offset r6, -8
	.cfi_offset r5, -12
	.cfi_offset r4, -16
.Ltmp29:
	.loc	3 174 43 prologue_end           @ ../src/stm32hal/stm32hal.c:174:43
	movw	r6, :lower16:s_stm32hal_bsp_config
	movt	r6, :upper16:s_stm32hal_bsp_config
	ldr	r1, [r6, #4]
	mov	r4, r0
.Ltmp30:
	@DEBUG_VALUE: HAL_Delay:Delay <- $r4
	@DEBUG_VALUE: HAL_Delay:tickstart <- 0
	@DEBUG_VALUE: HAL_Delay:Delay <- $r4
	.loc	3 174 21 is_stmt 0              @ ../src/stm32hal/stm32hal.c:174:21
	blx	r1
.Ltmp31:
	mov	r5, r0
.Ltmp32:
	@DEBUG_VALUE: HAL_GetTick:tick <- $r5
	.loc	3 175 8 is_stmt 1               @ ../src/stm32hal/stm32hal.c:175:8
	cbnz	r0, .LBB6_2
.Ltmp33:
@ %bb.1:
	@DEBUG_VALUE: HAL_GetTick:tick <- $r5
	@DEBUG_VALUE: HAL_Delay:Delay <- $r4
	@DEBUG_VALUE: HAL_Delay:tickstart <- 0
	.loc	3 177 16                        @ ../src/stm32hal/stm32hal.c:177:16
	bl	s_stm32hal_bps_dummy_tick1msget
.Ltmp34:
	mov	r5, r0
.Ltmp35:
	@DEBUG_VALUE: HAL_GetTick:tick <- $r5
	@DEBUG_VALUE: HAL_Delay:tickstart <- $r5
	.p2align	2
.LBB6_2:                                @ =>This Inner Loop Header: Depth=1
	.loc	3 174 43                        @ ../src/stm32hal/stm32hal.c:174:43
	ldr	r0, [r6, #4]
	.loc	3 174 21 is_stmt 0              @ ../src/stm32hal/stm32hal.c:174:21
	blx	r0
.Ltmp36:
	@DEBUG_VALUE: HAL_GetTick:tick <- $r0
	.loc	3 175 8 is_stmt 1               @ ../src/stm32hal/stm32hal.c:175:8
	cbnz	r0, .LBB6_4
.Ltmp37:
@ %bb.3:                                @   in Loop: Header=BB6_2 Depth=1
	@DEBUG_VALUE: HAL_GetTick:tick <- $r0
	.loc	3 177 16                        @ ../src/stm32hal/stm32hal.c:177:16
	bl	s_stm32hal_bps_dummy_tick1msget
.Ltmp38:
	@DEBUG_VALUE: HAL_GetTick:tick <- $r0
.LBB6_4:                                @   in Loop: Header=BB6_2 Depth=1
	.loc	3 187 24                        @ ../src/stm32hal/stm32hal.c:187:24
	subs	r0, r0, r5
	.loc	3 187 3 is_stmt 0               @ ../src/stm32hal/stm32hal.c:187:3
	cmp	r0, r4
	.loc	3 190 1 is_stmt 1               @ ../src/stm32hal/stm32hal.c:190:1
	it	hs
	pophs	{r4, r5, r6, pc}
	b	.LBB6_2
.Ltmp39:
.Lfunc_end6:
	.size	HAL_Delay, .Lfunc_end6-HAL_Delay
	.cfi_endproc
	.cantunwind
	.fnend
                                        @ -- End function
	.section	.text.HAL_SuspendTick,"ax",%progbits
	.hidden	HAL_SuspendTick                 @ -- Begin function HAL_SuspendTick
	.globl	HAL_SuspendTick
	.p2align	1
	.type	HAL_SuspendTick,%function
	.code	16                              @ @HAL_SuspendTick
	.thumb_func
HAL_SuspendTick:
.Lfunc_begin7:
	.loc	3 194 0                         @ ../src/stm32hal/stm32hal.c:194:0
	.fnstart
	.cfi_startproc
@ %bb.0:
	.loc	3 197 1 prologue_end            @ ../src/stm32hal/stm32hal.c:197:1
	bx	lr
.Ltmp40:
.Lfunc_end7:
	.size	HAL_SuspendTick, .Lfunc_end7-HAL_SuspendTick
	.cfi_endproc
	.cantunwind
	.fnend
                                        @ -- End function
	.section	.text.HAL_ResumeTick,"ax",%progbits
	.hidden	HAL_ResumeTick                  @ -- Begin function HAL_ResumeTick
	.globl	HAL_ResumeTick
	.p2align	1
	.type	HAL_ResumeTick,%function
	.code	16                              @ @HAL_ResumeTick
	.thumb_func
HAL_ResumeTick:
.Lfunc_begin8:
	.loc	3 201 0                         @ ../src/stm32hal/stm32hal.c:201:0
	.fnstart
	.cfi_startproc
@ %bb.0:
	.loc	3 204 1 prologue_end            @ ../src/stm32hal/stm32hal.c:204:1
	bx	lr
.Ltmp41:
.Lfunc_end8:
	.size	HAL_ResumeTick, .Lfunc_end8-HAL_ResumeTick
	.cfi_endproc
	.cantunwind
	.fnend
                                        @ -- End function
	.type	s_stm32hal_bsp_config,%object   @ @s_stm32hal_bsp_config
	.section	.data.s_stm32hal_bsp_config,"aw",%progbits
	.p2align	3
s_stm32hal_bsp_config:
	.long	s_stm32hal_bps_dummy_tick1msinit
	.long	s_stm32hal_bps_dummy_tick1msget
	.size	s_stm32hal_bsp_config, 8

	.type	s_stm32hal_bps_dummy_tick1msget.cnt,%object @ @s_stm32hal_bps_dummy_tick1msget.cnt
	.section	.bss.s_stm32hal_bps_dummy_tick1msget.cnt,"aw",%nobits
	.p2align	3
s_stm32hal_bps_dummy_tick1msget.cnt:
	.long	0                               @ 0x0
	.long	0
	.size	s_stm32hal_bps_dummy_tick1msget.cnt, 8

	.section	.debug_loc,"",%progbits
.Ldebug_loc0:
	.long	-1
	.long	.Lfunc_begin0                   @   base address
	.long	.Lfunc_begin0-.Lfunc_begin0
	.long	.Ltmp1-.Lfunc_begin0
	.short	1                               @ Loc expr size
	.byte	80                              @ DW_OP_reg0
	.long	.Ltmp1-.Lfunc_begin0
	.long	.Ltmp2-.Lfunc_begin0
	.short	1                               @ Loc expr size
	.byte	81                              @ DW_OP_reg1
	.long	0
	.long	0
.Ldebug_loc1:
	.long	-1
	.long	.Lfunc_begin2                   @   base address
	.long	.Ltmp12-.Lfunc_begin2
	.long	.Ltmp16-.Lfunc_begin2
	.short	1                               @ Loc expr size
	.byte	80                              @ DW_OP_reg0
	.long	0
	.long	0
.Ldebug_loc2:
	.long	-1
	.long	.Lfunc_begin3                   @   base address
	.long	.Lfunc_begin3-.Lfunc_begin3
	.long	.Ltmp19-.Lfunc_begin3
	.short	1                               @ Loc expr size
	.byte	80                              @ DW_OP_reg0
	.long	.Ltmp19-.Lfunc_begin3
	.long	.Lfunc_end3-.Lfunc_begin3
	.short	4                               @ Loc expr size
	.byte	243                             @ DW_OP_GNU_entry_value
	.byte	1                               @ 1
	.byte	80                              @ DW_OP_reg0
	.byte	159                             @ DW_OP_stack_value
	.long	0
	.long	0
.Ldebug_loc3:
	.long	-1
	.long	.Lfunc_begin5                   @   base address
	.long	.Ltmp24-.Lfunc_begin5
	.long	.Lfunc_end5-.Lfunc_begin5
	.short	1                               @ Loc expr size
	.byte	80                              @ DW_OP_reg0
	.long	0
	.long	0
.Ldebug_loc4:
	.long	-1
	.long	.Lfunc_begin6                   @   base address
	.long	.Lfunc_begin6-.Lfunc_begin6
	.long	.Ltmp30-.Lfunc_begin6
	.short	1                               @ Loc expr size
	.byte	80                              @ DW_OP_reg0
	.long	.Ltmp30-.Lfunc_begin6
	.long	.Ltmp35-.Lfunc_begin6
	.short	1                               @ Loc expr size
	.byte	84                              @ DW_OP_reg4
	.long	0
	.long	0
.Ldebug_loc5:
	.long	-1
	.long	.Lfunc_begin6                   @   base address
	.long	.Ltmp30-.Lfunc_begin6
	.long	.Ltmp35-.Lfunc_begin6
	.short	2                               @ Loc expr size
	.byte	48                              @ DW_OP_lit0
	.byte	159                             @ DW_OP_stack_value
	.long	0
	.long	0
.Ldebug_loc6:
	.long	-1
	.long	.Lfunc_begin6                   @   base address
	.long	.Ltmp32-.Lfunc_begin6
	.long	.Ltmp35-.Lfunc_begin6
	.short	1                               @ Loc expr size
	.byte	85                              @ DW_OP_reg5
	.long	0
	.long	0
.Ldebug_loc7:
	.long	-1
	.long	.Lfunc_begin6                   @   base address
	.long	.Ltmp36-.Lfunc_begin6
	.long	.Ltmp38-.Lfunc_begin6
	.short	1                               @ Loc expr size
	.byte	80                              @ DW_OP_reg0
	.long	0
	.long	0
	.section	.debug_abbrev,"",%progbits
	.byte	1                               @ Abbreviation Code
	.byte	17                              @ DW_TAG_compile_unit
	.byte	1                               @ DW_CHILDREN_yes
	.byte	37                              @ DW_AT_producer
	.byte	14                              @ DW_FORM_strp
	.byte	19                              @ DW_AT_language
	.byte	5                               @ DW_FORM_data2
	.byte	3                               @ DW_AT_name
	.byte	14                              @ DW_FORM_strp
	.byte	16                              @ DW_AT_stmt_list
	.byte	23                              @ DW_FORM_sec_offset
	.byte	27                              @ DW_AT_comp_dir
	.byte	14                              @ DW_FORM_strp
	.byte	17                              @ DW_AT_low_pc
	.byte	1                               @ DW_FORM_addr
	.byte	85                              @ DW_AT_ranges
	.byte	23                              @ DW_FORM_sec_offset
	.byte	0                               @ EOM(1)
	.byte	0                               @ EOM(2)
	.byte	2                               @ Abbreviation Code
	.byte	46                              @ DW_TAG_subprogram
	.byte	1                               @ DW_CHILDREN_yes
	.byte	17                              @ DW_AT_low_pc
	.byte	1                               @ DW_FORM_addr
	.byte	18                              @ DW_AT_high_pc
	.byte	6                               @ DW_FORM_data4
	.byte	64                              @ DW_AT_frame_base
	.byte	24                              @ DW_FORM_exprloc
	.ascii	"\227B"                         @ DW_AT_GNU_all_call_sites
	.byte	25                              @ DW_FORM_flag_present
	.byte	3                               @ DW_AT_name
	.byte	14                              @ DW_FORM_strp
	.byte	58                              @ DW_AT_decl_file
	.byte	11                              @ DW_FORM_data1
	.byte	59                              @ DW_AT_decl_line
	.byte	11                              @ DW_FORM_data1
	.byte	39                              @ DW_AT_prototyped
	.byte	25                              @ DW_FORM_flag_present
	.byte	73                              @ DW_AT_type
	.byte	19                              @ DW_FORM_ref4
	.byte	63                              @ DW_AT_external
	.byte	25                              @ DW_FORM_flag_present
	.byte	0                               @ EOM(1)
	.byte	0                               @ EOM(2)
	.byte	3                               @ Abbreviation Code
	.byte	52                              @ DW_TAG_variable
	.byte	0                               @ DW_CHILDREN_no
	.byte	3                               @ DW_AT_name
	.byte	14                              @ DW_FORM_strp
	.byte	73                              @ DW_AT_type
	.byte	19                              @ DW_FORM_ref4
	.byte	58                              @ DW_AT_decl_file
	.byte	11                              @ DW_FORM_data1
	.byte	59                              @ DW_AT_decl_line
	.byte	11                              @ DW_FORM_data1
	.byte	2                               @ DW_AT_location
	.byte	24                              @ DW_FORM_exprloc
	.byte	0                               @ EOM(1)
	.byte	0                               @ EOM(2)
	.byte	4                               @ Abbreviation Code
	.byte	5                               @ DW_TAG_formal_parameter
	.byte	0                               @ DW_CHILDREN_no
	.byte	2                               @ DW_AT_location
	.byte	23                              @ DW_FORM_sec_offset
	.byte	3                               @ DW_AT_name
	.byte	14                              @ DW_FORM_strp
	.byte	58                              @ DW_AT_decl_file
	.byte	11                              @ DW_FORM_data1
	.byte	59                              @ DW_AT_decl_line
	.byte	11                              @ DW_FORM_data1
	.byte	73                              @ DW_AT_type
	.byte	19                              @ DW_FORM_ref4
	.byte	0                               @ EOM(1)
	.byte	0                               @ EOM(2)
	.byte	5                               @ Abbreviation Code
	.byte	38                              @ DW_TAG_const_type
	.byte	0                               @ DW_CHILDREN_no
	.byte	73                              @ DW_AT_type
	.byte	19                              @ DW_FORM_ref4
	.byte	0                               @ EOM(1)
	.byte	0                               @ EOM(2)
	.byte	6                               @ Abbreviation Code
	.byte	22                              @ DW_TAG_typedef
	.byte	0                               @ DW_CHILDREN_no
	.byte	73                              @ DW_AT_type
	.byte	19                              @ DW_FORM_ref4
	.byte	3                               @ DW_AT_name
	.byte	14                              @ DW_FORM_strp
	.byte	58                              @ DW_AT_decl_file
	.byte	11                              @ DW_FORM_data1
	.byte	59                              @ DW_AT_decl_line
	.byte	11                              @ DW_FORM_data1
	.byte	0                               @ EOM(1)
	.byte	0                               @ EOM(2)
	.byte	7                               @ Abbreviation Code
	.byte	19                              @ DW_TAG_structure_type
	.byte	1                               @ DW_CHILDREN_yes
	.byte	11                              @ DW_AT_byte_size
	.byte	11                              @ DW_FORM_data1
	.byte	58                              @ DW_AT_decl_file
	.byte	11                              @ DW_FORM_data1
	.byte	59                              @ DW_AT_decl_line
	.byte	11                              @ DW_FORM_data1
	.byte	0                               @ EOM(1)
	.byte	0                               @ EOM(2)
	.byte	8                               @ Abbreviation Code
	.byte	13                              @ DW_TAG_member
	.byte	0                               @ DW_CHILDREN_no
	.byte	3                               @ DW_AT_name
	.byte	14                              @ DW_FORM_strp
	.byte	73                              @ DW_AT_type
	.byte	19                              @ DW_FORM_ref4
	.byte	58                              @ DW_AT_decl_file
	.byte	11                              @ DW_FORM_data1
	.byte	59                              @ DW_AT_decl_line
	.byte	11                              @ DW_FORM_data1
	.byte	56                              @ DW_AT_data_member_location
	.byte	11                              @ DW_FORM_data1
	.byte	0                               @ EOM(1)
	.byte	0                               @ EOM(2)
	.byte	9                               @ Abbreviation Code
	.byte	15                              @ DW_TAG_pointer_type
	.byte	0                               @ DW_CHILDREN_no
	.byte	73                              @ DW_AT_type
	.byte	19                              @ DW_FORM_ref4
	.byte	0                               @ EOM(1)
	.byte	0                               @ EOM(2)
	.byte	10                              @ Abbreviation Code
	.byte	21                              @ DW_TAG_subroutine_type
	.byte	0                               @ DW_CHILDREN_no
	.byte	39                              @ DW_AT_prototyped
	.byte	25                              @ DW_FORM_flag_present
	.byte	0                               @ EOM(1)
	.byte	0                               @ EOM(2)
	.byte	11                              @ Abbreviation Code
	.byte	21                              @ DW_TAG_subroutine_type
	.byte	0                               @ DW_CHILDREN_no
	.byte	73                              @ DW_AT_type
	.byte	19                              @ DW_FORM_ref4
	.byte	39                              @ DW_AT_prototyped
	.byte	25                              @ DW_FORM_flag_present
	.byte	0                               @ EOM(1)
	.byte	0                               @ EOM(2)
	.byte	12                              @ Abbreviation Code
	.byte	36                              @ DW_TAG_base_type
	.byte	0                               @ DW_CHILDREN_no
	.byte	3                               @ DW_AT_name
	.byte	14                              @ DW_FORM_strp
	.byte	62                              @ DW_AT_encoding
	.byte	11                              @ DW_FORM_data1
	.byte	11                              @ DW_AT_byte_size
	.byte	11                              @ DW_FORM_data1
	.byte	0                               @ EOM(1)
	.byte	0                               @ EOM(2)
	.byte	13                              @ Abbreviation Code
	.byte	46                              @ DW_TAG_subprogram
	.byte	1                               @ DW_CHILDREN_yes
	.byte	17                              @ DW_AT_low_pc
	.byte	1                               @ DW_FORM_addr
	.byte	18                              @ DW_AT_high_pc
	.byte	6                               @ DW_FORM_data4
	.byte	64                              @ DW_AT_frame_base
	.byte	24                              @ DW_FORM_exprloc
	.ascii	"\227B"                         @ DW_AT_GNU_all_call_sites
	.byte	25                              @ DW_FORM_flag_present
	.byte	3                               @ DW_AT_name
	.byte	14                              @ DW_FORM_strp
	.byte	58                              @ DW_AT_decl_file
	.byte	11                              @ DW_FORM_data1
	.byte	59                              @ DW_AT_decl_line
	.byte	11                              @ DW_FORM_data1
	.byte	39                              @ DW_AT_prototyped
	.byte	25                              @ DW_FORM_flag_present
	.byte	73                              @ DW_AT_type
	.byte	19                              @ DW_FORM_ref4
	.byte	0                               @ EOM(1)
	.byte	0                               @ EOM(2)
	.byte	14                              @ Abbreviation Code
	.byte	11                              @ DW_TAG_lexical_block
	.byte	1                               @ DW_CHILDREN_yes
	.byte	17                              @ DW_AT_low_pc
	.byte	1                               @ DW_FORM_addr
	.byte	18                              @ DW_AT_high_pc
	.byte	6                               @ DW_FORM_data4
	.byte	0                               @ EOM(1)
	.byte	0                               @ EOM(2)
	.byte	15                              @ Abbreviation Code
	.byte	52                              @ DW_TAG_variable
	.byte	0                               @ DW_CHILDREN_no
	.byte	2                               @ DW_AT_location
	.byte	23                              @ DW_FORM_sec_offset
	.byte	3                               @ DW_AT_name
	.byte	14                              @ DW_FORM_strp
	.byte	58                              @ DW_AT_decl_file
	.byte	11                              @ DW_FORM_data1
	.byte	59                              @ DW_AT_decl_line
	.byte	11                              @ DW_FORM_data1
	.byte	73                              @ DW_AT_type
	.byte	19                              @ DW_FORM_ref4
	.byte	0                               @ EOM(1)
	.byte	0                               @ EOM(2)
	.byte	16                              @ Abbreviation Code
	.byte	53                              @ DW_TAG_volatile_type
	.byte	0                               @ DW_CHILDREN_no
	.byte	73                              @ DW_AT_type
	.byte	19                              @ DW_FORM_ref4
	.byte	0                               @ EOM(1)
	.byte	0                               @ EOM(2)
	.byte	17                              @ Abbreviation Code
	.byte	4                               @ DW_TAG_enumeration_type
	.byte	1                               @ DW_CHILDREN_yes
	.byte	73                              @ DW_AT_type
	.byte	19                              @ DW_FORM_ref4
	.byte	11                              @ DW_AT_byte_size
	.byte	11                              @ DW_FORM_data1
	.byte	58                              @ DW_AT_decl_file
	.byte	11                              @ DW_FORM_data1
	.byte	59                              @ DW_AT_decl_line
	.byte	11                              @ DW_FORM_data1
	.byte	0                               @ EOM(1)
	.byte	0                               @ EOM(2)
	.byte	18                              @ Abbreviation Code
	.byte	40                              @ DW_TAG_enumerator
	.byte	0                               @ DW_CHILDREN_no
	.byte	3                               @ DW_AT_name
	.byte	14                              @ DW_FORM_strp
	.byte	28                              @ DW_AT_const_value
	.byte	13                              @ DW_FORM_sdata
	.byte	0                               @ EOM(1)
	.byte	0                               @ EOM(2)
	.byte	19                              @ Abbreviation Code
	.byte	40                              @ DW_TAG_enumerator
	.byte	0                               @ DW_CHILDREN_no
	.byte	3                               @ DW_AT_name
	.byte	14                              @ DW_FORM_strp
	.byte	28                              @ DW_AT_const_value
	.byte	15                              @ DW_FORM_udata
	.byte	0                               @ EOM(1)
	.byte	0                               @ EOM(2)
	.byte	20                              @ Abbreviation Code
	.byte	46                              @ DW_TAG_subprogram
	.byte	0                               @ DW_CHILDREN_no
	.byte	17                              @ DW_AT_low_pc
	.byte	1                               @ DW_FORM_addr
	.byte	18                              @ DW_AT_high_pc
	.byte	6                               @ DW_FORM_data4
	.byte	64                              @ DW_AT_frame_base
	.byte	24                              @ DW_FORM_exprloc
	.ascii	"\227B"                         @ DW_AT_GNU_all_call_sites
	.byte	25                              @ DW_FORM_flag_present
	.byte	3                               @ DW_AT_name
	.byte	14                              @ DW_FORM_strp
	.byte	58                              @ DW_AT_decl_file
	.byte	11                              @ DW_FORM_data1
	.byte	59                              @ DW_AT_decl_line
	.byte	11                              @ DW_FORM_data1
	.byte	39                              @ DW_AT_prototyped
	.byte	25                              @ DW_FORM_flag_present
	.byte	0                               @ EOM(1)
	.byte	0                               @ EOM(2)
	.byte	21                              @ Abbreviation Code
	.byte	46                              @ DW_TAG_subprogram
	.byte	0                               @ DW_CHILDREN_no
	.byte	17                              @ DW_AT_low_pc
	.byte	1                               @ DW_FORM_addr
	.byte	18                              @ DW_AT_high_pc
	.byte	6                               @ DW_FORM_data4
	.byte	64                              @ DW_AT_frame_base
	.byte	24                              @ DW_FORM_exprloc
	.ascii	"\227B"                         @ DW_AT_GNU_all_call_sites
	.byte	25                              @ DW_FORM_flag_present
	.byte	3                               @ DW_AT_name
	.byte	14                              @ DW_FORM_strp
	.byte	58                              @ DW_AT_decl_file
	.byte	11                              @ DW_FORM_data1
	.byte	59                              @ DW_AT_decl_line
	.byte	11                              @ DW_FORM_data1
	.byte	39                              @ DW_AT_prototyped
	.byte	25                              @ DW_FORM_flag_present
	.byte	63                              @ DW_AT_external
	.byte	25                              @ DW_FORM_flag_present
	.byte	0                               @ EOM(1)
	.byte	0                               @ EOM(2)
	.byte	22                              @ Abbreviation Code
	.byte	46                              @ DW_TAG_subprogram
	.byte	1                               @ DW_CHILDREN_yes
	.byte	17                              @ DW_AT_low_pc
	.byte	1                               @ DW_FORM_addr
	.byte	18                              @ DW_AT_high_pc
	.byte	6                               @ DW_FORM_data4
	.byte	64                              @ DW_AT_frame_base
	.byte	24                              @ DW_FORM_exprloc
	.ascii	"\227B"                         @ DW_AT_GNU_all_call_sites
	.byte	25                              @ DW_FORM_flag_present
	.byte	49                              @ DW_AT_abstract_origin
	.byte	19                              @ DW_FORM_ref4
	.byte	0                               @ EOM(1)
	.byte	0                               @ EOM(2)
	.byte	23                              @ Abbreviation Code
	.byte	52                              @ DW_TAG_variable
	.byte	0                               @ DW_CHILDREN_no
	.byte	2                               @ DW_AT_location
	.byte	23                              @ DW_FORM_sec_offset
	.byte	49                              @ DW_AT_abstract_origin
	.byte	19                              @ DW_FORM_ref4
	.byte	0                               @ EOM(1)
	.byte	0                               @ EOM(2)
	.byte	24                              @ Abbreviation Code
	.ascii	"\211\202\001"                  @ DW_TAG_GNU_call_site
	.byte	0                               @ DW_CHILDREN_no
	.byte	49                              @ DW_AT_abstract_origin
	.byte	19                              @ DW_FORM_ref4
	.ascii	"\225B"                         @ DW_AT_GNU_tail_call
	.byte	25                              @ DW_FORM_flag_present
	.byte	17                              @ DW_AT_low_pc
	.byte	1                               @ DW_FORM_addr
	.byte	0                               @ EOM(1)
	.byte	0                               @ EOM(2)
	.byte	25                              @ Abbreviation Code
	.byte	46                              @ DW_TAG_subprogram
	.byte	1                               @ DW_CHILDREN_yes
	.byte	3                               @ DW_AT_name
	.byte	14                              @ DW_FORM_strp
	.byte	58                              @ DW_AT_decl_file
	.byte	11                              @ DW_FORM_data1
	.byte	59                              @ DW_AT_decl_line
	.byte	11                              @ DW_FORM_data1
	.byte	39                              @ DW_AT_prototyped
	.byte	25                              @ DW_FORM_flag_present
	.byte	73                              @ DW_AT_type
	.byte	19                              @ DW_FORM_ref4
	.byte	63                              @ DW_AT_external
	.byte	25                              @ DW_FORM_flag_present
	.byte	32                              @ DW_AT_inline
	.byte	11                              @ DW_FORM_data1
	.byte	0                               @ EOM(1)
	.byte	0                               @ EOM(2)
	.byte	26                              @ Abbreviation Code
	.byte	52                              @ DW_TAG_variable
	.byte	0                               @ DW_CHILDREN_no
	.byte	3                               @ DW_AT_name
	.byte	14                              @ DW_FORM_strp
	.byte	58                              @ DW_AT_decl_file
	.byte	11                              @ DW_FORM_data1
	.byte	59                              @ DW_AT_decl_line
	.byte	11                              @ DW_FORM_data1
	.byte	73                              @ DW_AT_type
	.byte	19                              @ DW_FORM_ref4
	.byte	0                               @ EOM(1)
	.byte	0                               @ EOM(2)
	.byte	27                              @ Abbreviation Code
	.byte	46                              @ DW_TAG_subprogram
	.byte	1                               @ DW_CHILDREN_yes
	.byte	17                              @ DW_AT_low_pc
	.byte	1                               @ DW_FORM_addr
	.byte	18                              @ DW_AT_high_pc
	.byte	6                               @ DW_FORM_data4
	.byte	64                              @ DW_AT_frame_base
	.byte	24                              @ DW_FORM_exprloc
	.ascii	"\227B"                         @ DW_AT_GNU_all_call_sites
	.byte	25                              @ DW_FORM_flag_present
	.byte	3                               @ DW_AT_name
	.byte	14                              @ DW_FORM_strp
	.byte	58                              @ DW_AT_decl_file
	.byte	11                              @ DW_FORM_data1
	.byte	59                              @ DW_AT_decl_line
	.byte	11                              @ DW_FORM_data1
	.byte	39                              @ DW_AT_prototyped
	.byte	25                              @ DW_FORM_flag_present
	.byte	63                              @ DW_AT_external
	.byte	25                              @ DW_FORM_flag_present
	.byte	0                               @ EOM(1)
	.byte	0                               @ EOM(2)
	.byte	28                              @ Abbreviation Code
	.byte	29                              @ DW_TAG_inlined_subroutine
	.byte	1                               @ DW_CHILDREN_yes
	.byte	49                              @ DW_AT_abstract_origin
	.byte	19                              @ DW_FORM_ref4
	.byte	17                              @ DW_AT_low_pc
	.byte	1                               @ DW_FORM_addr
	.byte	18                              @ DW_AT_high_pc
	.byte	6                               @ DW_FORM_data4
	.byte	88                              @ DW_AT_call_file
	.byte	11                              @ DW_FORM_data1
	.byte	89                              @ DW_AT_call_line
	.byte	11                              @ DW_FORM_data1
	.byte	87                              @ DW_AT_call_column
	.byte	11                              @ DW_FORM_data1
	.byte	0                               @ EOM(1)
	.byte	0                               @ EOM(2)
	.byte	0                               @ EOM(3)
	.section	.debug_info,"",%progbits
.Lcu_begin0:
	.long	.Ldebug_info_end0-.Ldebug_info_start0 @ Length of Unit
.Ldebug_info_start0:
	.short	4                               @ DWARF version number
	.long	.debug_abbrev                   @ Offset Into Abbrev. Section
	.byte	4                               @ Address Size (in bytes)
	.byte	1                               @ Abbrev [1] 0xb:0x276 DW_TAG_compile_unit
	.long	.Linfo_string0                  @ DW_AT_producer
	.short	12                              @ DW_AT_language
	.long	.Linfo_string1                  @ DW_AT_name
	.long	.Lline_table_start0             @ DW_AT_stmt_list
	.long	.Linfo_string2                  @ DW_AT_comp_dir
	.long	0                               @ DW_AT_low_pc
	.long	.Ldebug_ranges0                 @ DW_AT_ranges
	.byte	2                               @ Abbrev [2] 0x26:0x36 DW_TAG_subprogram
	.long	.Lfunc_begin0                   @ DW_AT_low_pc
	.long	.Lfunc_end0-.Lfunc_begin0       @ DW_AT_high_pc
	.byte	1                               @ DW_AT_frame_base
	.byte	93
                                        @ DW_AT_GNU_all_call_sites
	.long	.Linfo_string23                 @ DW_AT_name
	.byte	3                               @ DW_AT_decl_file
	.byte	80                              @ DW_AT_decl_line
                                        @ DW_AT_prototyped
	.long	606                             @ DW_AT_type
                                        @ DW_AT_external
	.byte	3                               @ Abbrev [3] 0x3b:0x11 DW_TAG_variable
	.long	.Linfo_string3                  @ DW_AT_name
	.long	92                              @ DW_AT_type
	.byte	3                               @ DW_AT_decl_file
	.byte	82                              @ DW_AT_decl_line
	.byte	5                               @ DW_AT_location
	.byte	3
	.long	stm32hal_init.s_config
	.byte	4                               @ Abbrev [4] 0x4c:0xf DW_TAG_formal_parameter
	.long	.Ldebug_loc0                    @ DW_AT_location
	.long	.Linfo_string33                 @ DW_AT_name
	.byte	3                               @ DW_AT_decl_file
	.byte	80                              @ DW_AT_decl_line
	.long	628                             @ DW_AT_type
	.byte	0                               @ End Of Children Mark
	.byte	5                               @ Abbrev [5] 0x5c:0x5 DW_TAG_const_type
	.long	97                              @ DW_AT_type
	.byte	6                               @ Abbrev [6] 0x61:0xb DW_TAG_typedef
	.long	108                             @ DW_AT_type
	.long	.Linfo_string8                  @ DW_AT_name
	.byte	1                               @ DW_AT_decl_file
	.byte	81                              @ DW_AT_decl_line
	.byte	7                               @ Abbrev [7] 0x6c:0x1d DW_TAG_structure_type
	.byte	8                               @ DW_AT_byte_size
	.byte	1                               @ DW_AT_decl_file
	.byte	77                              @ DW_AT_decl_line
	.byte	8                               @ Abbrev [8] 0x70:0xc DW_TAG_member
	.long	.Linfo_string4                  @ DW_AT_name
	.long	137                             @ DW_AT_type
	.byte	1                               @ DW_AT_decl_file
	.byte	79                              @ DW_AT_decl_line
	.byte	0                               @ DW_AT_data_member_location
	.byte	8                               @ Abbrev [8] 0x7c:0xc DW_TAG_member
	.long	.Linfo_string5                  @ DW_AT_name
	.long	143                             @ DW_AT_type
	.byte	1                               @ DW_AT_decl_file
	.byte	80                              @ DW_AT_decl_line
	.byte	4                               @ DW_AT_data_member_location
	.byte	0                               @ End Of Children Mark
	.byte	9                               @ Abbrev [9] 0x89:0x5 DW_TAG_pointer_type
	.long	142                             @ DW_AT_type
	.byte	10                              @ Abbrev [10] 0x8e:0x1 DW_TAG_subroutine_type
                                        @ DW_AT_prototyped
	.byte	9                               @ Abbrev [9] 0x8f:0x5 DW_TAG_pointer_type
	.long	148                             @ DW_AT_type
	.byte	11                              @ Abbrev [11] 0x94:0x5 DW_TAG_subroutine_type
	.long	153                             @ DW_AT_type
                                        @ DW_AT_prototyped
	.byte	6                               @ Abbrev [6] 0x99:0xb DW_TAG_typedef
	.long	164                             @ DW_AT_type
	.long	.Linfo_string7                  @ DW_AT_name
	.byte	2                               @ DW_AT_decl_file
	.byte	64                              @ DW_AT_decl_line
	.byte	12                              @ Abbrev [12] 0xa4:0x7 DW_TAG_base_type
	.long	.Linfo_string6                  @ DW_AT_name
	.byte	7                               @ DW_AT_encoding
	.byte	4                               @ DW_AT_byte_size
	.byte	3                               @ Abbrev [3] 0xab:0x11 DW_TAG_variable
	.long	.Linfo_string9                  @ DW_AT_name
	.long	97                              @ DW_AT_type
	.byte	3                               @ DW_AT_decl_file
	.byte	64                              @ DW_AT_decl_line
	.byte	5                               @ DW_AT_location
	.byte	3
	.long	s_stm32hal_bsp_config
	.byte	13                              @ Abbrev [13] 0xbc:0x40 DW_TAG_subprogram
	.long	.Lfunc_begin2                   @ DW_AT_low_pc
	.long	.Lfunc_end2-.Lfunc_begin2       @ DW_AT_high_pc
	.byte	1                               @ DW_AT_frame_base
	.byte	93
                                        @ DW_AT_GNU_all_call_sites
	.long	.Linfo_string26                 @ DW_AT_name
	.byte	3                               @ DW_AT_decl_file
	.byte	122                             @ DW_AT_decl_line
                                        @ DW_AT_prototyped
	.long	153                             @ DW_AT_type
	.byte	3                               @ Abbrev [3] 0xd1:0x11 DW_TAG_variable
	.long	.Linfo_string10                 @ DW_AT_name
	.long	252                             @ DW_AT_type
	.byte	3                               @ DW_AT_decl_file
	.byte	124                             @ DW_AT_decl_line
	.byte	5                               @ DW_AT_location
	.byte	3
	.long	s_stm32hal_bps_dummy_tick1msget.cnt
	.byte	14                              @ Abbrev [14] 0xe2:0x19 DW_TAG_lexical_block
	.long	.Lfunc_begin2                   @ DW_AT_low_pc
	.long	.Ltmp16-.Lfunc_begin2           @ DW_AT_high_pc
	.byte	15                              @ Abbrev [15] 0xeb:0xf DW_TAG_variable
	.long	.Ldebug_loc1                    @ DW_AT_location
	.long	.Linfo_string34                 @ DW_AT_name
	.byte	3                               @ DW_AT_decl_file
	.byte	126                             @ DW_AT_decl_line
	.long	633                             @ DW_AT_type
	.byte	0                               @ End Of Children Mark
	.byte	0                               @ End Of Children Mark
	.byte	16                              @ Abbrev [16] 0xfc:0x5 DW_TAG_volatile_type
	.long	257                             @ DW_AT_type
	.byte	6                               @ Abbrev [6] 0x101:0xb DW_TAG_typedef
	.long	268                             @ DW_AT_type
	.long	.Linfo_string12                 @ DW_AT_name
	.byte	2                               @ DW_AT_decl_file
	.byte	65                              @ DW_AT_decl_line
	.byte	12                              @ Abbrev [12] 0x10c:0x7 DW_TAG_base_type
	.long	.Linfo_string11                 @ DW_AT_name
	.byte	7                               @ DW_AT_encoding
	.byte	8                               @ DW_AT_byte_size
	.byte	17                              @ Abbrev [17] 0x113:0x15 DW_TAG_enumeration_type
	.long	296                             @ DW_AT_type
	.byte	1                               @ DW_AT_byte_size
	.byte	1                               @ DW_AT_decl_file
	.byte	84                              @ DW_AT_decl_line
	.byte	18                              @ Abbrev [18] 0x11b:0x6 DW_TAG_enumerator
	.long	.Linfo_string14                 @ DW_AT_name
	.byte	0                               @ DW_AT_const_value
	.byte	18                              @ Abbrev [18] 0x121:0x6 DW_TAG_enumerator
	.long	.Linfo_string15                 @ DW_AT_name
	.byte	127                             @ DW_AT_const_value
	.byte	0                               @ End Of Children Mark
	.byte	12                              @ Abbrev [12] 0x128:0x7 DW_TAG_base_type
	.long	.Linfo_string13                 @ DW_AT_name
	.byte	6                               @ DW_AT_encoding
	.byte	1                               @ DW_AT_byte_size
	.byte	17                              @ Abbrev [17] 0x12f:0x21 DW_TAG_enumeration_type
	.long	336                             @ DW_AT_type
	.byte	1                               @ DW_AT_byte_size
	.byte	4                               @ DW_AT_decl_file
	.byte	39                              @ DW_AT_decl_line
	.byte	19                              @ Abbrev [19] 0x137:0x6 DW_TAG_enumerator
	.long	.Linfo_string17                 @ DW_AT_name
	.byte	0                               @ DW_AT_const_value
	.byte	19                              @ Abbrev [19] 0x13d:0x6 DW_TAG_enumerator
	.long	.Linfo_string18                 @ DW_AT_name
	.byte	1                               @ DW_AT_const_value
	.byte	19                              @ Abbrev [19] 0x143:0x6 DW_TAG_enumerator
	.long	.Linfo_string19                 @ DW_AT_name
	.byte	2                               @ DW_AT_const_value
	.byte	19                              @ Abbrev [19] 0x149:0x6 DW_TAG_enumerator
	.long	.Linfo_string20                 @ DW_AT_name
	.byte	3                               @ DW_AT_const_value
	.byte	0                               @ End Of Children Mark
	.byte	12                              @ Abbrev [12] 0x150:0x7 DW_TAG_base_type
	.long	.Linfo_string16                 @ DW_AT_name
	.byte	8                               @ DW_AT_encoding
	.byte	1                               @ DW_AT_byte_size
	.byte	20                              @ Abbrev [20] 0x157:0x11 DW_TAG_subprogram
	.long	.Lfunc_begin1                   @ DW_AT_low_pc
	.long	.Lfunc_end1-.Lfunc_begin1       @ DW_AT_high_pc
	.byte	1                               @ DW_AT_frame_base
	.byte	93
                                        @ DW_AT_GNU_all_call_sites
	.long	.Linfo_string25                 @ DW_AT_name
	.byte	3                               @ DW_AT_decl_file
	.byte	118                             @ DW_AT_decl_line
                                        @ DW_AT_prototyped
	.byte	2                               @ Abbrev [2] 0x168:0x25 DW_TAG_subprogram
	.long	.Lfunc_begin3                   @ DW_AT_low_pc
	.long	.Lfunc_end3-.Lfunc_begin3       @ DW_AT_high_pc
	.byte	1                               @ DW_AT_frame_base
	.byte	93
                                        @ DW_AT_GNU_all_call_sites
	.long	.Linfo_string27                 @ DW_AT_name
	.byte	3                               @ DW_AT_decl_file
	.byte	148                             @ DW_AT_decl_line
                                        @ DW_AT_prototyped
	.long	617                             @ DW_AT_type
                                        @ DW_AT_external
	.byte	4                               @ Abbrev [4] 0x17d:0xf DW_TAG_formal_parameter
	.long	.Ldebug_loc2                    @ DW_AT_location
	.long	.Linfo_string36                 @ DW_AT_name
	.byte	3                               @ DW_AT_decl_file
	.byte	148                             @ DW_AT_decl_line
	.long	153                             @ DW_AT_type
	.byte	0                               @ End Of Children Mark
	.byte	21                              @ Abbrev [21] 0x18d:0x11 DW_TAG_subprogram
	.long	.Lfunc_begin4                   @ DW_AT_low_pc
	.long	.Lfunc_end4-.Lfunc_begin4       @ DW_AT_high_pc
	.byte	1                               @ DW_AT_frame_base
	.byte	93
                                        @ DW_AT_GNU_all_call_sites
	.long	.Linfo_string29                 @ DW_AT_name
	.byte	3                               @ DW_AT_decl_file
	.byte	164                             @ DW_AT_decl_line
                                        @ DW_AT_prototyped
                                        @ DW_AT_external
	.byte	22                              @ Abbrev [22] 0x19e:0x22 DW_TAG_subprogram
	.long	.Lfunc_begin5                   @ DW_AT_low_pc
	.long	.Lfunc_end5-.Lfunc_begin5       @ DW_AT_high_pc
	.byte	1                               @ DW_AT_frame_base
	.byte	93
                                        @ DW_AT_GNU_all_call_sites
	.long	448                             @ DW_AT_abstract_origin
	.byte	23                              @ Abbrev [23] 0x1ad:0x9 DW_TAG_variable
	.long	.Ldebug_loc3                    @ DW_AT_location
	.long	460                             @ DW_AT_abstract_origin
	.byte	24                              @ Abbrev [24] 0x1b6:0x9 DW_TAG_GNU_call_site
	.long	188                             @ DW_AT_abstract_origin
                                        @ DW_AT_GNU_tail_call
	.long	.Ltmp28                         @ DW_AT_low_pc
	.byte	0                               @ End Of Children Mark
	.byte	25                              @ Abbrev [25] 0x1c0:0x18 DW_TAG_subprogram
	.long	.Linfo_string21                 @ DW_AT_name
	.byte	3                               @ DW_AT_decl_file
	.byte	169                             @ DW_AT_decl_line
                                        @ DW_AT_prototyped
	.long	153                             @ DW_AT_type
                                        @ DW_AT_external
	.byte	1                               @ DW_AT_inline
	.byte	26                              @ Abbrev [26] 0x1cc:0xb DW_TAG_variable
	.long	.Linfo_string22                 @ DW_AT_name
	.byte	3                               @ DW_AT_decl_file
	.byte	174                             @ DW_AT_decl_line
	.long	153                             @ DW_AT_type
	.byte	0                               @ End Of Children Mark
	.byte	27                              @ Abbrev [27] 0x1d8:0x64 DW_TAG_subprogram
	.long	.Lfunc_begin6                   @ DW_AT_low_pc
	.long	.Lfunc_end6-.Lfunc_begin6       @ DW_AT_high_pc
	.byte	1                               @ DW_AT_frame_base
	.byte	93
                                        @ DW_AT_GNU_all_call_sites
	.long	.Linfo_string30                 @ DW_AT_name
	.byte	3                               @ DW_AT_decl_file
	.byte	183                             @ DW_AT_decl_line
                                        @ DW_AT_prototyped
                                        @ DW_AT_external
	.byte	4                               @ Abbrev [4] 0x1e9:0xf DW_TAG_formal_parameter
	.long	.Ldebug_loc4                    @ DW_AT_location
	.long	.Linfo_string37                 @ DW_AT_name
	.byte	3                               @ DW_AT_decl_file
	.byte	183                             @ DW_AT_decl_line
	.long	153                             @ DW_AT_type
	.byte	15                              @ Abbrev [15] 0x1f8:0xf DW_TAG_variable
	.long	.Ldebug_loc5                    @ DW_AT_location
	.long	.Linfo_string38                 @ DW_AT_name
	.byte	3                               @ DW_AT_decl_file
	.byte	185                             @ DW_AT_decl_line
	.long	153                             @ DW_AT_type
	.byte	28                              @ Abbrev [28] 0x207:0x1a DW_TAG_inlined_subroutine
	.long	448                             @ DW_AT_abstract_origin
	.long	.Ltmp29                         @ DW_AT_low_pc
	.long	.Ltmp35-.Ltmp29                 @ DW_AT_high_pc
	.byte	3                               @ DW_AT_call_file
	.byte	186                             @ DW_AT_call_line
	.byte	15                              @ DW_AT_call_column
	.byte	23                              @ Abbrev [23] 0x217:0x9 DW_TAG_variable
	.long	.Ldebug_loc6                    @ DW_AT_location
	.long	460                             @ DW_AT_abstract_origin
	.byte	0                               @ End Of Children Mark
	.byte	28                              @ Abbrev [28] 0x221:0x1a DW_TAG_inlined_subroutine
	.long	448                             @ DW_AT_abstract_origin
	.long	.Ltmp35                         @ DW_AT_low_pc
	.long	.Ltmp38-.Ltmp35                 @ DW_AT_high_pc
	.byte	3                               @ DW_AT_call_file
	.byte	187                             @ DW_AT_call_line
	.byte	10                              @ DW_AT_call_column
	.byte	23                              @ Abbrev [23] 0x231:0x9 DW_TAG_variable
	.long	.Ldebug_loc7                    @ DW_AT_location
	.long	460                             @ DW_AT_abstract_origin
	.byte	0                               @ End Of Children Mark
	.byte	0                               @ End Of Children Mark
	.byte	21                              @ Abbrev [21] 0x23c:0x11 DW_TAG_subprogram
	.long	.Lfunc_begin7                   @ DW_AT_low_pc
	.long	.Lfunc_end7-.Lfunc_begin7       @ DW_AT_high_pc
	.byte	1                               @ DW_AT_frame_base
	.byte	93
                                        @ DW_AT_GNU_all_call_sites
	.long	.Linfo_string31                 @ DW_AT_name
	.byte	3                               @ DW_AT_decl_file
	.byte	193                             @ DW_AT_decl_line
                                        @ DW_AT_prototyped
                                        @ DW_AT_external
	.byte	21                              @ Abbrev [21] 0x24d:0x11 DW_TAG_subprogram
	.long	.Lfunc_begin8                   @ DW_AT_low_pc
	.long	.Lfunc_end8-.Lfunc_begin8       @ DW_AT_high_pc
	.byte	1                               @ DW_AT_frame_base
	.byte	93
                                        @ DW_AT_GNU_all_call_sites
	.long	.Linfo_string32                 @ DW_AT_name
	.byte	3                               @ DW_AT_decl_file
	.byte	200                             @ DW_AT_decl_line
                                        @ DW_AT_prototyped
                                        @ DW_AT_external
	.byte	6                               @ Abbrev [6] 0x25e:0xb DW_TAG_typedef
	.long	275                             @ DW_AT_type
	.long	.Linfo_string24                 @ DW_AT_name
	.byte	1                               @ DW_AT_decl_file
	.byte	88                              @ DW_AT_decl_line
	.byte	6                               @ Abbrev [6] 0x269:0xb DW_TAG_typedef
	.long	303                             @ DW_AT_type
	.long	.Linfo_string28                 @ DW_AT_name
	.byte	4                               @ DW_AT_decl_file
	.byte	45                              @ DW_AT_decl_line
	.byte	9                               @ Abbrev [9] 0x274:0x5 DW_TAG_pointer_type
	.long	92                              @ DW_AT_type
	.byte	12                              @ Abbrev [12] 0x279:0x7 DW_TAG_base_type
	.long	.Linfo_string35                 @ DW_AT_name
	.byte	5                               @ DW_AT_encoding
	.byte	4                               @ DW_AT_byte_size
	.byte	0                               @ End Of Children Mark
.Ldebug_info_end0:
	.section	.debug_ranges,"",%progbits
.Ldebug_ranges0:
	.long	.Lfunc_begin0
	.long	.Lfunc_end0
	.long	.Lfunc_begin1
	.long	.Lfunc_end1
	.long	.Lfunc_begin2
	.long	.Lfunc_end2
	.long	.Lfunc_begin3
	.long	.Lfunc_end3
	.long	.Lfunc_begin4
	.long	.Lfunc_end4
	.long	.Lfunc_begin5
	.long	.Lfunc_end5
	.long	.Lfunc_begin6
	.long	.Lfunc_end6
	.long	.Lfunc_begin7
	.long	.Lfunc_end7
	.long	.Lfunc_begin8
	.long	.Lfunc_end8
	.long	0
	.long	0
	.section	.debug_str,"MS",%progbits,1
.Linfo_string0:
	.asciz	"Component: ARM Compiler 6.16 Tool: armclang [5dfeb700]" @ string offset=0
.Linfo_string1:
	.asciz	"../src/stm32hal\\stm32hal.c"   @ string offset=55
.Linfo_string2:
	.asciz	"C:\\Users\\grodriguez\\Documents\\iit\\icub-firmware\\emBODY\\eBcode\\arch-arm\\libs\\lowlevel\\stm32hal\\proj" @ string offset=82
.Linfo_string3:
	.asciz	"s_config"                      @ string offset=181
.Linfo_string4:
	.asciz	"tick1ms_init"                  @ string offset=190
.Linfo_string5:
	.asciz	"tick1ms_get"                   @ string offset=203
.Linfo_string6:
	.asciz	"unsigned int"                  @ string offset=215
.Linfo_string7:
	.asciz	"uint32_t"                      @ string offset=228
.Linfo_string8:
	.asciz	"stm32hal_config_t"             @ string offset=237
.Linfo_string9:
	.asciz	"s_stm32hal_bsp_config"         @ string offset=255
.Linfo_string10:
	.asciz	"cnt"                           @ string offset=277
.Linfo_string11:
	.asciz	"long long unsigned int"        @ string offset=281
.Linfo_string12:
	.asciz	"uint64_t"                      @ string offset=304
.Linfo_string13:
	.asciz	"signed char"                   @ string offset=313
.Linfo_string14:
	.asciz	"stm32hal_res_OK"               @ string offset=325
.Linfo_string15:
	.asciz	"stm32hal_res_NOK"              @ string offset=341
.Linfo_string16:
	.asciz	"unsigned char"                 @ string offset=358
.Linfo_string17:
	.asciz	"HAL_OK"                        @ string offset=372
.Linfo_string18:
	.asciz	"HAL_ERROR"                     @ string offset=379
.Linfo_string19:
	.asciz	"HAL_BUSY"                      @ string offset=389
.Linfo_string20:
	.asciz	"HAL_TIMEOUT"                   @ string offset=398
.Linfo_string21:
	.asciz	"HAL_GetTick"                   @ string offset=410
.Linfo_string22:
	.asciz	"tick"                          @ string offset=422
.Linfo_string23:
	.asciz	"stm32hal_init"                 @ string offset=427
.Linfo_string24:
	.asciz	"stm32hal_res_t"                @ string offset=441
.Linfo_string25:
	.asciz	"s_stm32hal_bps_dummy_tick1msinit" @ string offset=456
.Linfo_string26:
	.asciz	"s_stm32hal_bps_dummy_tick1msget" @ string offset=489
.Linfo_string27:
	.asciz	"HAL_InitTick"                  @ string offset=521
.Linfo_string28:
	.asciz	"HAL_StatusTypeDef"             @ string offset=534
.Linfo_string29:
	.asciz	"HAL_IncTick"                   @ string offset=552
.Linfo_string30:
	.asciz	"HAL_Delay"                     @ string offset=564
.Linfo_string31:
	.asciz	"HAL_SuspendTick"               @ string offset=574
.Linfo_string32:
	.asciz	"HAL_ResumeTick"                @ string offset=590
.Linfo_string33:
	.asciz	"cfg"                           @ string offset=605
.Linfo_string34:
	.asciz	"i"                             @ string offset=609
.Linfo_string35:
	.asciz	"int"                           @ string offset=611
.Linfo_string36:
	.asciz	"TickPriority"                  @ string offset=615
.Linfo_string37:
	.asciz	"Delay"                         @ string offset=628
.Linfo_string38:
	.asciz	"tickstart"                     @ string offset=634
	.ident	"Component: ARM Compiler 6.16 Tool: armclang [5dfeb700]"
	.section	".note.GNU-stack","",%progbits
	.eabi_attribute	30, 3	@ Tag_ABI_optimization_goals
	.ARM_attribute	16, 1	@ Tag_AV_eba
	.section	.debug_line,"",%progbits
.Lline_table_start0:
